Microchip MPLAB XC8 Compiler V2.31

Linker command line:

-W-3 --edf=C:\Program Files\Microchip\xc8\v2.31\pic\dat\en_msgs.txt -cn \
  -h+dist/default/production\Feedback_Driver_Board_V2.X.production.sym \
  --cmf=dist/default/production\Feedback_Driver_Board_V2.X.production.cmf \
  -z -Q12F683 -oC:\Users\RealTech\AppData\Local\Temp\s8pg.2 \
  --defsym=__MPLAB_BUILD=1 \
  -Mdist/default/production/Feedback_Driver_Board_V2.X.production.map -E1 \
  -ver=XC8 Compiler --acfsm=1493 -ASTACK=020h-06Fh -pstack=STACK \
  -ACODE=00h-07FFh -ASTRCODE=00h-07FFh -ASTRING=00h-0FFhx8 \
  -ACONST=00h-0FFhx8 -AENTRY=00h-0FFhx8 -ACOMMON=070h-07Fh \
  -ABANK0=020h-06Fh -ABANK1=0A0h-0BFh -ARAM=020h-06Fh,0A0h-0BFh \
  -AABS1=020h-07Fh,0A0h-0BFh -ASFR0=00h-01Fh -ASFR1=080h-09Fh \
  -ACONFIG=02007h-02007h -DCONFIG=2 -AIDLOC=02000h-02003h -DIDLOC=2 \
  -AEEDATA=00h-0FFh/02100h -peeprom_data=EEDATA -DEEDATA=2 -DCODE=2 \
  -DSTRCODE=2 -DSTRING=2 -DCONST=2 -DENTRY=2 \
  -preset_vec=00h,intentry=04h,init,end_init -ppowerup=CODE -pcinit=CODE \
  -pfunctab=ENTRY -k C:\Users\RealTech\AppData\Local\Temp\s8pg.o \
  dist/default/production\Feedback_Driver_Board_V2.X.production.o 

Object code version is 3.11

Machine type is 12F683



                Name                               Link     Load   Length Selector   Space Scale
C:\Users\RealTech\AppData\Local\Temp\s8pg.o
                end_init                              4        4        1        8       0
                reset_vec                             0        0        1        0       0
                config                             2007     2007        1        0       4
dist/default/production\Feedback_Driver_Board_V2.X.production.o
                cinit                                 5        5        2        8       0
                config                             2007     2007        1        0       4
                text12                               77       77       22        8       0
                text11                              11E      11E        A        8       0
                text10                               B3       B3       1A        8       0
                text9                                52       52       25        8       0
                text8                                 7        7       4B        8       0
                text7                                E2       E2       15        8       0
                text6                               113      113        B        8       0
                text5                               128      128        7        8       0
                text4                               12F      12F        6        8       0
                text3                                99       99       1A        8       0
                text2                               105      105        E        8       0
                text1                                F7       F7        E        8       0
                maintext                             CD       CD       15        8       0
                cstackCOMMON                         70       70        D       70       1

TOTAL           Name                               Link     Load   Length     Space
        CLASS   STACK          

        CLASS   CODE           
                end_init                              4        4        1         0
                cinit                                 5        5        2         0
                reset_vec                             0        0        1         0
                text12                               77       77       22         0
                text11                              11E      11E        A         0
                text10                               B3       B3       1A         0
                text9                                52       52       25         0
                text8                                 7        7       4B         0
                text7                                E2       E2       15         0
                text6                               113      113        B         0
                text5                               128      128        7         0
                text4                               12F      12F        6         0
                text3                                99       99       1A         0
                text2                               105      105        E         0
                text1                                F7       F7        E         0
                maintext                             CD       CD       15         0

        CLASS   STRCODE        

        CLASS   STRING         

        CLASS   CONST          

        CLASS   ENTRY          

        CLASS   COMMON         
                cstackCOMMON                         70       70        D         1

        CLASS   BANK0          

        CLASS   BANK1          

        CLASS   RAM            

        CLASS   ABS1           
                abs_s1                               7E       7E        2         1

        CLASS   SFR0           

        CLASS   SFR1           

        CLASS   CONFIG         
                config                             2007     2007        1         4

        CLASS   IDLOC          

        CLASS   EEDATA         



SEGMENTS        Name                           Load    Length   Top    Selector   Space  Class     Delta

                reset_vec                      000000  000001  000001         0       0  CODE        2
                intentry                       000004  000131  000135         8       0  CODE        2
                cstackCOMMON                   000070  00000D  00007D        70       1  COMMON      1


UNUSED ADDRESS RANGES

        Name                Unused          Largest block    Delta
        BANK0            0020-006F             50           1
        BANK1            00A0-00BF             20           1
        CODE             0001-0003              3           2
                         0135-07FF            6CB
        COMMON           007D-007D              1           1
        CONST            0001-0003              3           2
                         0135-07FF            100
        EEDATA           2100-21FF            100           2
        ENTRY            0001-0003              3           2
                         0135-07FF            100
        IDLOC            2000-2003              4           2
        RAM              0020-006F             50           1
                         00A0-00BF             20
        SFR0             0000-001F             20           1
        SFR1             0080-009F             20           1
        STACK            0020-006F             50           1
        STRCODE          0001-0003              3           2
                         0135-07FF            6CB
        STRING           0001-0003              3           2
                         0135-07FF            100

                                  Symbol Table

?___wmul                                        cstackCOMMON 0070
Delay_1Second@overflowCount                     cstackCOMMON 0071
Delay_Seconds@seconds                           cstackCOMMON 0072
Pin5_Is_Stable_High@sampleCount                 cstackCOMMON 0071
Pin5_Is_Stable_Low@sampleCount                  cstackCOMMON 0071
Pin5_Remains_High_For_Seconds@highTickCount     cstackCOMMON 0079
Pin5_Remains_High_For_Seconds@requiredHighTicks cstackCOMMON 007B
Pin5_Remains_High_For_Seconds@seconds           cstackCOMMON 0078
_ANSEL                                          (abs)        009F
_CMCON0                                         (abs)        0019
_Delay_10ms                                     text11       011E
_Delay_1Second                                  text7        00E2
_Delay_Seconds                                  text6        0113
_GPIO                                           (abs)        0005
_GPIObits                                       (abs)        0005
_INTCONbits                                     (abs)        000B
_IOC                                            (abs)        0096
_Initialize_Device                              text12       0077
_OPTION_REGbits                                 (abs)        0081
_OSCCONbits                                     (abs)        008F
_Pin5_Is_Stable_High                            text3        0099
_Pin5_Is_Stable_Low                             text10       00B3
_Pin5_Remains_High_For_Seconds                  text8        0007
_Pulse_Pin7                                     text5        0128
_Run_Initial_Pin7_Sequence                      text4        012F
_TMR0                                           (abs)        0001
_TRISIO                                         (abs)        0085
_WPU                                            (abs)        0095
_Wait_For_Pin5_High                             text2        0105
_Wait_For_Pin5_Low                              text1        00F7
__Habs1                                         abs1         0000
__Hbank0                                        bank0        0000
__Hbank1                                        bank1        0000
__Hcinit                                        cinit        0007
__Hclrtext                                      clrtext      0000
__Hcode                                         code         0000
__Hcommon                                       common       0000
__Hconfig                                       config       2008
__HcstackCOMMON                                 cstackCOMMON 0000
__Heeprom_data                                  eeprom_data  0000
__Hend_init                                     end_init     0005
__Hfunctab                                      functab      0000
__Hinit                                         init         0004
__Hintentry                                     intentry     0004
__Hmaintext                                     maintext     0000
__Hpowerup                                      powerup      0000
__Hram                                          ram          0000
__Hreset_vec                                    reset_vec    0001
__Hsfr0                                         sfr0         0000
__Hsfr1                                         sfr1         0000
__Hspace_0                                      (abs)        0135
__Hspace_1                                      (abs)        007D
__Hspace_2                                      (abs)        0000
__Hspace_3                                      (abs)        0000
__Hspace_4                                      (abs)        400F
__Hstack                                        stack        0000
__Hstrings                                      strings      0000
__Htext                                         text         0000
__Labs1                                         abs1         0000
__Lbank0                                        bank0        0000
__Lbank1                                        bank1        0000
__Lcinit                                        cinit        0005
__Lclrtext                                      clrtext      0000
__Lcode                                         code         0000
__Lcommon                                       common       0000
__Lconfig                                       config       0000
__LcstackCOMMON                                 cstackCOMMON 0000
__Leeprom_data                                  eeprom_data  0000
__Lend_init                                     end_init     0004
__Lfunctab                                      functab      0000
__Linit                                         init         0004
__Lintentry                                     intentry     0004
__Lmaintext                                     maintext     0000
__Lpowerup                                      powerup      0000
__Lram                                          ram          0000
__Lreset_vec                                    reset_vec    0000
__Lsfr0                                         sfr0         0000
__Lsfr1                                         sfr1         0000
__Lspace_0                                      (abs)        0000
__Lspace_1                                      (abs)        0000
__Lspace_2                                      (abs)        0000
__Lspace_3                                      (abs)        0000
__Lspace_4                                      (abs)        0000
__Lstack                                        stack        0000
__Lstrings                                      strings      0000
__Ltext                                         text         0000
__S0                                            (abs)        0135
__S1                                            (abs)        007D
__S2                                            (abs)        0000
__S3                                            (abs)        0000
___int_sp                                       stack        0000
___latbits                                      (abs)        0000
___sp                                           stack        0000
___stackhi                                      (abs)        0000
___stacklo                                      (abs)        0000
___wmul                                         text9        0052
___wmul@multiplicand                            cstackCOMMON 0072
___wmul@multiplier                              cstackCOMMON 0070
___wmul@product                                 cstackCOMMON 0074
__end_of_Delay_10ms                             text11       0128
__end_of_Delay_1Second                          text7        00F7
__end_of_Delay_Seconds                          text6        011E
__end_of_Initialize_Device                      text12       0099
__end_of_Pin5_Is_Stable_High                    text3        00B3
__end_of_Pin5_Is_Stable_Low                     text10       00CD
__end_of_Pin5_Remains_High_For_Seconds          text8        0052
__end_of_Pulse_Pin7                             text5        012F
__end_of_Run_Initial_Pin7_Sequence              text4        0135
__end_of_Wait_For_Pin5_High                     text2        0113
__end_of_Wait_For_Pin5_Low                      text1        0105
__end_of___wmul                                 text9        0077
__end_of__initialization                        cinit        0005
__end_of_main                                   maintext     00E2
__initialization                                cinit        0005
__pcstackCOMMON                                 cstackCOMMON 0070
__pmaintext                                     maintext     00CD
__ptext1                                        text1        00F7
__ptext10                                       text10       00B3
__ptext11                                       text11       011E
__ptext12                                       text12       0077
__ptext2                                        text2        0105
__ptext3                                        text3        0099
__ptext4                                        text4        012F
__ptext5                                        text5        0128
__ptext6                                        text6        0113
__ptext7                                        text7        00E2
__ptext8                                        text8        0007
__ptext9                                        text9        0052
__size_of_Delay_10ms                            (abs)        0000
__size_of_Delay_1Second                         (abs)        0000
__size_of_Delay_Seconds                         (abs)        0000
__size_of_Initialize_Device                     (abs)        0000
__size_of_Pin5_Is_Stable_High                   (abs)        0000
__size_of_Pin5_Is_Stable_Low                    (abs)        0000
__size_of_Pin5_Remains_High_For_Seconds         (abs)        0000
__size_of_Pulse_Pin7                            (abs)        0000
__size_of_Run_Initial_Pin7_Sequence             (abs)        0000
__size_of_Wait_For_Pin5_High                    (abs)        0000
__size_of_Wait_For_Pin5_Low                     (abs)        0000
__size_of___wmul                                (abs)        0000
__size_of_main                                  (abs)        0000
_main                                           maintext     00CD
btemp                                           (abs)        007E
end_of_initialization                           cinit        0005
intlevel0                                       functab      0000
intlevel1                                       functab      0000
intlevel2                                       functab      0000
intlevel3                                       functab      0000
intlevel4                                       functab      0000
intlevel5                                       functab      0000
reset_vec                                       reset_vec    0000
start                                           init         0004
start_initialization                            cinit        0005
wtemp0                                          (abs)        007E


FUNCTION INFORMATION:

 *************** function _main *****************
 Defined at:
		line 521 in file "Feedback_Driver_Board_V2.c"
 Parameters:    Size  Location     Type
		None
 Auto vars:     Size  Location     Type
		None
 Return value:  Size  Location     Type
                  1    wreg      void 
 Registers used:
		wreg, status,2, status,0, pclath, cstack
 Tracked objects:
		On entry : 
		On exit  : 
		Unchanged: 
 Data sizes:     COMMON   BANK0   BANK1
      Params:         0       0       0
      Locals:         0       0       0
      Temps:          0       0       0
      Totals:         0       0       0
Total ram usage:        0 bytes
 Hardware stack levels required when called:    4
 This function calls:
		_Initialize_Device
		_Pin5_Remains_High_For_Seconds
		_Pulse_Pin7
		_Run_Initial_Pin7_Sequence
		_Wait_For_Pin5_High
		_Wait_For_Pin5_Low
 This function is called by:
		Startup code after reset
 This function uses a non-reentrant model


 *************** function _Wait_For_Pin5_Low *****************
 Defined at:
		line 352 in file "Feedback_Driver_Board_V2.c"
 Parameters:    Size  Location     Type
		None
 Auto vars:     Size  Location     Type
		None
 Return value:  Size  Location     Type
                  1    wreg      void 
 Registers used:
		wreg, status,2, status,0, pclath, cstack
 Tracked objects:
		On entry : 
		On exit  : 
		Unchanged: 
 Data sizes:     COMMON   BANK0   BANK1
      Params:         0       0       0
      Locals:         0       0       0
      Temps:          0       0       0
      Totals:         0       0       0
Total ram usage:        0 bytes
 Hardware stack levels used:    1
 Hardware stack levels required when called:    2
 This function calls:
		_Delay_10ms
		_Pin5_Is_Stable_Low
 This function is called by:
		_main
 This function uses a non-reentrant model


 *************** function _Wait_For_Pin5_High *****************
 Defined at:
		line 376 in file "Feedback_Driver_Board_V2.c"
 Parameters:    Size  Location     Type
		None
 Auto vars:     Size  Location     Type
		None
 Return value:  Size  Location     Type
                  1    wreg      void 
 Registers used:
		wreg, status,2, status,0, pclath, cstack
 Tracked objects:
		On entry : 
		On exit  : 
		Unchanged: 
 Data sizes:     COMMON   BANK0   BANK1
      Params:         0       0       0
      Locals:         0       0       0
      Temps:          0       0       0
      Totals:         0       0       0
Total ram usage:        0 bytes
 Hardware stack levels used:    1
 Hardware stack levels required when called:    2
 This function calls:
		_Delay_10ms
		_Pin5_Is_Stable_High
 This function is called by:
		_main
 This function uses a non-reentrant model


 *************** function _Pin5_Is_Stable_High *****************
 Defined at:
		line 323 in file "Feedback_Driver_Board_V2.c"
 Parameters:    Size  Location     Type
		None
 Auto vars:     Size  Location     Type
  sampleCount     1    1[COMMON] unsigned char 
 Return value:  Size  Location     Type
                  1    wreg      unsigned char 
 Registers used:
		wreg, status,2, status,0, pclath, cstack
 Tracked objects:
		On entry : 
		On exit  : 
		Unchanged: 
 Data sizes:     COMMON   BANK0   BANK1
      Params:         0       0       0
      Locals:         1       0       0
      Temps:          1       0       0
      Totals:         2       0       0
Total ram usage:        2 bytes
 Hardware stack levels used:    1
 Hardware stack levels required when called:    1
 This function calls:
		_Delay_10ms
 This function is called by:
		_Wait_For_Pin5_High
 This function uses a non-reentrant model


 *************** function _Run_Initial_Pin7_Sequence *****************
 Defined at:
		line 506 in file "Feedback_Driver_Board_V2.c"
 Parameters:    Size  Location     Type
		None
 Auto vars:     Size  Location     Type
		None
 Return value:  Size  Location     Type
                  1    wreg      void 
 Registers used:
		wreg, status,2, status,0, pclath, cstack
 Tracked objects:
		On entry : 
		On exit  : 
		Unchanged: 
 Data sizes:     COMMON   BANK0   BANK1
      Params:         0       0       0
      Locals:         0       0       0
      Temps:          0       0       0
      Totals:         0       0       0
Total ram usage:        0 bytes
 Hardware stack levels used:    1
 Hardware stack levels required when called:    3
 This function calls:
		_Delay_Seconds
		_Pulse_Pin7
 This function is called by:
		_main
 This function uses a non-reentrant model


 *************** function _Pulse_Pin7 *****************
 Defined at:
		line 488 in file "Feedback_Driver_Board_V2.c"
 Parameters:    Size  Location     Type
		None
 Auto vars:     Size  Location     Type
		None
 Return value:  Size  Location     Type
                  1    wreg      void 
 Registers used:
		wreg, status,2, status,0, pclath, cstack
 Tracked objects:
		On entry : 
		On exit  : 
		Unchanged: 
 Data sizes:     COMMON   BANK0   BANK1
      Params:         0       0       0
      Locals:         0       0       0
      Temps:          0       0       0
      Totals:         0       0       0
Total ram usage:        0 bytes
 Hardware stack levels used:    1
 Hardware stack levels required when called:    2
 This function calls:
		_Delay_Seconds
 This function is called by:
		_Run_Initial_Pin7_Sequence
		_main
 This function uses a non-reentrant model


 *************** function _Delay_Seconds *****************
 Defined at:
		line 270 in file "Feedback_Driver_Board_V2.c"
 Parameters:    Size  Location     Type
  seconds         1    wreg     unsigned char 
 Auto vars:     Size  Location     Type
  seconds         1    2[COMMON] unsigned char 
 Return value:  Size  Location     Type
                  1    wreg      void 
 Registers used:
		wreg, status,2, status,0, pclath, cstack
 Tracked objects:
		On entry : 
		On exit  : 
		Unchanged: 
 Data sizes:     COMMON   BANK0   BANK1
      Params:         0       0       0
      Locals:         1       0       0
      Temps:          0       0       0
      Totals:         1       0       0
Total ram usage:        1 bytes
 Hardware stack levels used:    1
 Hardware stack levels required when called:    1
 This function calls:
		_Delay_1Second
 This function is called by:
		_Pulse_Pin7
		_Run_Initial_Pin7_Sequence
 This function uses a non-reentrant model


 *************** function _Delay_1Second *****************
 Defined at:
		line 247 in file "Feedback_Driver_Board_V2.c"
 Parameters:    Size  Location     Type
		None
 Auto vars:     Size  Location     Type
  overflowCoun    1    1[COMMON] unsigned char 
 Return value:  Size  Location     Type
                  1    wreg      void 
 Registers used:
		wreg, status,2, status,0
 Tracked objects:
		On entry : 
		On exit  : 
		Unchanged: 
 Data sizes:     COMMON   BANK0   BANK1
      Params:         0       0       0
      Locals:         1       0       0
      Temps:          1       0       0
      Totals:         2       0       0
Total ram usage:        2 bytes
 Hardware stack levels used:    1
 This function calls:
		Nothing
 This function is called by:
		_Delay_Seconds
 This function uses a non-reentrant model


 *************** function _Pin5_Remains_High_For_Seconds *****************
 Defined at:
		line 416 in file "Feedback_Driver_Board_V2.c"
 Parameters:    Size  Location     Type
  seconds         1    wreg     unsigned char 
 Auto vars:     Size  Location     Type
  seconds         1    8[COMMON] unsigned char 
  requiredHigh    2   11[COMMON] unsigned int 
  highTickCoun    2    9[COMMON] unsigned int 
 Return value:  Size  Location     Type
                  1    wreg      unsigned char 
 Registers used:
		wreg, status,2, status,0, pclath, cstack
 Tracked objects:
		On entry : 
		On exit  : 
		Unchanged: 
 Data sizes:     COMMON   BANK0   BANK1
      Params:         0       0       0
      Locals:         5       0       0
      Temps:          2       0       0
      Totals:         7       0       0
Total ram usage:        7 bytes
 Hardware stack levels used:    1
 Hardware stack levels required when called:    2
 This function calls:
		_Delay_10ms
		_Pin5_Is_Stable_Low
		___wmul
 This function is called by:
		_main
 This function uses a non-reentrant model


 *************** function ___wmul *****************
 Defined at:
		line 15 in file "C:\Program Files\Microchip\xc8\v2.31\pic\sources\c90\common\Umul16.c"
 Parameters:    Size  Location     Type
  multiplier      2    0[COMMON] unsigned int 
  multiplicand    2    2[COMMON] unsigned int 
 Auto vars:     Size  Location     Type
  product         2    4[COMMON] unsigned int 
 Return value:  Size  Location     Type
                  2    0[COMMON] unsigned int 
 Registers used:
		wreg, status,2, status,0
 Tracked objects:
		On entry : 
		On exit  : 
		Unchanged: 
 Data sizes:     COMMON   BANK0   BANK1
      Params:         4       0       0
      Locals:         2       0       0
      Temps:          0       0       0
      Totals:         6       0       0
Total ram usage:        6 bytes
 Hardware stack levels used:    1
 This function calls:
		Nothing
 This function is called by:
		_Pin5_Remains_High_For_Seconds
 This function uses a non-reentrant model


 *************** function _Pin5_Is_Stable_Low *****************
 Defined at:
		line 289 in file "Feedback_Driver_Board_V2.c"
 Parameters:    Size  Location     Type
		None
 Auto vars:     Size  Location     Type
  sampleCount     1    1[COMMON] unsigned char 
 Return value:  Size  Location     Type
                  1    wreg      unsigned char 
 Registers used:
		wreg, status,2, status,0, pclath, cstack
 Tracked objects:
		On entry : 
		On exit  : 
		Unchanged: 
 Data sizes:     COMMON   BANK0   BANK1
      Params:         0       0       0
      Locals:         1       0       0
      Temps:          1       0       0
      Totals:         2       0       0
Total ram usage:        2 bytes
 Hardware stack levels used:    1
 Hardware stack levels required when called:    1
 This function calls:
		_Delay_10ms
 This function is called by:
		_Wait_For_Pin5_Low
		_Pin5_Remains_High_For_Seconds
 This function uses a non-reentrant model


 *************** function _Delay_10ms *****************
 Defined at:
		line 215 in file "Feedback_Driver_Board_V2.c"
 Parameters:    Size  Location     Type
		None
 Auto vars:     Size  Location     Type
		None
 Return value:  Size  Location     Type
                  1    wreg      void 
 Registers used:
		wreg
 Tracked objects:
		On entry : 
		On exit  : 
		Unchanged: 
 Data sizes:     COMMON   BANK0   BANK1
      Params:         0       0       0
      Locals:         0       0       0
      Temps:          0       0       0
      Totals:         0       0       0
Total ram usage:        0 bytes
 Hardware stack levels used:    1
 This function calls:
		Nothing
 This function is called by:
		_Pin5_Is_Stable_Low
		_Pin5_Is_Stable_High
		_Wait_For_Pin5_Low
		_Wait_For_Pin5_High
		_Pin5_Remains_High_For_Seconds
 This function uses a non-reentrant model


 *************** function _Initialize_Device *****************
 Defined at:
		line 100 in file "Feedback_Driver_Board_V2.c"
 Parameters:    Size  Location     Type
		None
 Auto vars:     Size  Location     Type
		None
 Return value:  Size  Location     Type
                  1    wreg      void 
 Registers used:
		wreg, status,2, status,0
 Tracked objects:
		On entry : 
		On exit  : 
		Unchanged: 
 Data sizes:     COMMON   BANK0   BANK1
      Params:         0       0       0
      Locals:         0       0       0
      Temps:          0       0       0
      Totals:         0       0       0
Total ram usage:        0 bytes
 Hardware stack levels used:    1
 This function calls:
		Nothing
 This function is called by:
		_main
 This function uses a non-reentrant model



MODULE INFORMATION

Module		Function		Class		Link	Load	Size
C:\Program Files\Microchip\xc8\v2.31\pic\sources\c90\common\Umul16.c
		___wmul        		CODE           	0052	0000	37

C:\Program Files\Microchip\xc8\v2.31\pic\sources\c90\common\Umul16.c estimated size: 37

shared
		__initialization		CODE           	0005	0000	1

shared estimated size: 1

Feedback_Driver_Board_V2.c
		_Pulse_Pin7    		CODE           	0128	0000	7
		_Delay_10ms    		CODE           	011E	0000	10
		_Run_Initial_Pin7_Sequence		CODE           	012F	0000	6
		_Delay_1Second 		CODE           	00E2	0000	21
		_main          		CODE           	00CD	0000	21
		_Initialize_Device		CODE           	0077	0000	34
		_Wait_For_Pin5_Low		CODE           	00F7	0000	14
		_Delay_Seconds 		CODE           	0113	0000	11
		_Wait_For_Pin5_High		CODE           	0105	0000	14
		_Pin5_Is_Stable_Low		CODE           	00B3	0000	26
		_Pin5_Is_Stable_High		CODE           	0099	0000	26
		_Pin5_Remains_High_For_Seconds		CODE           	0007	0000	75

Feedback_Driver_Board_V2.c estimated size: 265

