

Microchip MPLAB XC8 Assembler V2.31 build 20201012212115 
                                                                                               Wed Jul 22 13:54:29 2026

Microchip MPLAB XC8 C Compiler v2.31 (Free license) build 20201012212115 Og1 
     1                           	processor	12F683
     2                           	pagewidth 120
     3                           	opt	flic
     4                           	psect	cinit,global,class=CODE,merge=1,delta=2
     5                           	psect	cstackCOMMON,global,class=COMMON,space=1,delta=1,noexec
     6                           	psect	maintext,global,class=CODE,split=1,delta=2
     7                           	psect	text1,local,class=CODE,merge=1,delta=2
     8                           	psect	text2,local,class=CODE,merge=1,delta=2
     9                           	psect	text3,local,class=CODE,merge=1,delta=2
    10                           	psect	text4,local,class=CODE,merge=1,delta=2
    11                           	psect	text5,local,class=CODE,merge=1,delta=2
    12                           	psect	text6,local,class=CODE,merge=1,delta=2
    13                           	psect	text7,local,class=CODE,merge=1,delta=2
    14                           	psect	text8,local,class=CODE,merge=1,delta=2
    15                           	psect	text9,local,class=CODE,merge=1,delta=2,group=1
    16                           	psect	text10,local,class=CODE,merge=1,delta=2
    17                           	psect	text11,local,class=CODE,merge=1,delta=2
    18                           	psect	text12,local,class=CODE,merge=1,delta=2
    19                           	psect	config,global,abs,ovrld,class=CONFIG,space=4,delta=2,noexec
    20                           	dabs	1,0x7E,2
    21  0000                     
    22                           ; Generated 17/08/2023 GMT
    23                           ; 
    24                           ; Copyright © 2023, Microchip Technology Inc. and its subsidiaries ("Microchip")
    25                           ; All rights reserved.
    26                           ; 
    27                           ; This software is developed by Microchip Technology Inc. and its subsidiaries ("Microch
      +                          ip").
    28                           ; 
    29                           ; Redistribution and use in source and binary forms, with or without modification, are
    30                           ; permitted provided that the following conditions are met:
    31                           ; 
    32                           ;     1. Redistributions of source code must retain the above copyright notice, this lis
      +                          t of
    33                           ;        conditions and the following disclaimer.
    34                           ; 
    35                           ;     2. Redistributions in binary form must reproduce the above copyright notice, this 
      +                          list
    36                           ;        of conditions and the following disclaimer in the documentation and/or other
    37                           ;        materials provided with the distribution. Publication is not required when
    38                           ;        this file is used in an embedded application.
    39                           ; 
    40                           ;     3. Microchip's name may not be used to endorse or promote products derived from th
      +                          is
    41                           ;        software without specific prior written permission.
    42                           ; 
    43                           ; THIS SOFTWARE IS PROVIDED BY MICROCHIP "AS IS" AND ANY EXPRESS OR IMPLIED WARRANTIES,
    44                           ; INCLUDING, BUT NOT LIMITED TO, THE IMPLIED WARRANTIES OF MERCHANTABILITY AND FITNESS F
      +                          OR
    45                           ; PURPOSE ARE DISCLAIMED.  IN NO EVENT SHALL MICROCHIP BE LIABLE FOR ANY DIRECT, INDIREC
      +                          T,
    46                           ; INCIDENTAL, SPECIAL, EXEMPLARY, OR CONSEQUENTIAL DAMAGES (INCLUDING BUT NOT LIMITED TO
    47                           ; PROCUREMENT OF SUBSTITUTE GOODS OR SERVICES; LOSS OF USE, DATA OR PROFITS; OR BUSINESS
    48                           ; INTERRUPTION) HOWSOEVER CAUSED AND ON ANY THEORY OF LIABILITY, WHETHER IN CONTRACT, ST
      +                          RICT
    49                           ; LIABILITY, OR TORT (INCLUDING NEGLIGENCE OR OTHERWISE) ARISING IN ANY WAY OUT OF THE U
      +                          SE OF
    50                           ; THIS SOFTWARE, EVEN IF ADVISED OF THE POSSIBILITY OF SUCH DAMAGE.
    51                           ; 
    52                           ; 
    53                           ; Code-generator required, PIC12F683 Definitions
    54                           ; 
    55                           ; SFR Addresses
    56  0000                     	;# 
    57  0001                     	;# 
    58  0002                     	;# 
    59  0003                     	;# 
    60  0004                     	;# 
    61  0005                     	;# 
    62  000A                     	;# 
    63  000B                     	;# 
    64  000C                     	;# 
    65  000E                     	;# 
    66  000E                     	;# 
    67  000F                     	;# 
    68  0010                     	;# 
    69  0011                     	;# 
    70  0012                     	;# 
    71  0013                     	;# 
    72  0013                     	;# 
    73  0014                     	;# 
    74  0015                     	;# 
    75  0018                     	;# 
    76  0019                     	;# 
    77  001A                     	;# 
    78  001E                     	;# 
    79  001F                     	;# 
    80  0081                     	;# 
    81  0085                     	;# 
    82  008C                     	;# 
    83  008E                     	;# 
    84  008F                     	;# 
    85  0090                     	;# 
    86  0092                     	;# 
    87  0095                     	;# 
    88  0095                     	;# 
    89  0096                     	;# 
    90  0096                     	;# 
    91  0099                     	;# 
    92  009A                     	;# 
    93  009A                     	;# 
    94  009B                     	;# 
    95  009C                     	;# 
    96  009D                     	;# 
    97  009E                     	;# 
    98  009F                     	;# 
    99  0000                     	;# 
   100  0001                     	;# 
   101  0002                     	;# 
   102  0003                     	;# 
   103  0004                     	;# 
   104  0005                     	;# 
   105  000A                     	;# 
   106  000B                     	;# 
   107  000C                     	;# 
   108  000E                     	;# 
   109  000E                     	;# 
   110  000F                     	;# 
   111  0010                     	;# 
   112  0011                     	;# 
   113  0012                     	;# 
   114  0013                     	;# 
   115  0013                     	;# 
   116  0014                     	;# 
   117  0015                     	;# 
   118  0018                     	;# 
   119  0019                     	;# 
   120  001A                     	;# 
   121  001E                     	;# 
   122  001F                     	;# 
   123  0081                     	;# 
   124  0085                     	;# 
   125  008C                     	;# 
   126  008E                     	;# 
   127  008F                     	;# 
   128  0090                     	;# 
   129  0092                     	;# 
   130  0095                     	;# 
   131  0095                     	;# 
   132  0096                     	;# 
   133  0096                     	;# 
   134  0099                     	;# 
   135  009A                     	;# 
   136  009A                     	;# 
   137  009B                     	;# 
   138  009C                     	;# 
   139  009D                     	;# 
   140  009E                     	;# 
   141  009F                     	;# 
   142  0005                     _GPIObits	set	5
   143  0001                     _TMR0	set	1
   144  000B                     _INTCONbits	set	11
   145  0005                     _GPIO	set	5
   146  0019                     _CMCON0	set	25
   147  0096                     _IOC	set	150
   148  0081                     _OPTION_REGbits	set	129
   149  0095                     _WPU	set	149
   150  0085                     _TRISIO	set	133
   151  009F                     _ANSEL	set	159
   152  008F                     _OSCCONbits	set	143
   153                           
   154                           	psect	cinit
   155  0005                     start_initialization:	
   156                           ; #config settings
   157                           
   158  0005                     __initialization:
   159  0005                     end_of_initialization:	
   160                           ;End of C runtime variable initialization code
   161                           
   162  0005                     __end_of__initialization:
   163  0005  0183               	clrf	3
   164  0006  28CD               	ljmp	_main	;jump to C main() function
   165                           
   166                           	psect	cstackCOMMON
   167  0070                     __pcstackCOMMON:
   168  0070                     ?_Initialize_Device:
   169  0070                     ??_Initialize_Device:	
   170                           ; 1 bytes @ 0x0
   171                           
   172  0070                     ?_Delay_10ms:	
   173                           ; 1 bytes @ 0x0
   174                           
   175  0070                     ??_Delay_10ms:	
   176                           ; 1 bytes @ 0x0
   177                           
   178  0070                     ?_Delay_1Second:	
   179                           ; 1 bytes @ 0x0
   180                           
   181  0070                     ??_Delay_1Second:	
   182                           ; 1 bytes @ 0x0
   183                           
   184  0070                     ?_Delay_Seconds:	
   185                           ; 1 bytes @ 0x0
   186                           
   187  0070                     ?_Pin5_Is_Stable_Low:	
   188                           ; 1 bytes @ 0x0
   189                           
   190  0070                     ??_Pin5_Is_Stable_Low:	
   191                           ; 1 bytes @ 0x0
   192                           
   193  0070                     ?_Pin5_Is_Stable_High:	
   194                           ; 1 bytes @ 0x0
   195                           
   196  0070                     ??_Pin5_Is_Stable_High:	
   197                           ; 1 bytes @ 0x0
   198                           
   199  0070                     ?_Wait_For_Pin5_Low:	
   200                           ; 1 bytes @ 0x0
   201                           
   202  0070                     ?_Wait_For_Pin5_High:	
   203                           ; 1 bytes @ 0x0
   204                           
   205  0070                     ?_Pin5_Remains_High_For_Seconds:	
   206                           ; 1 bytes @ 0x0
   207                           
   208  0070                     ?_Pulse_Pin7:	
   209                           ; 1 bytes @ 0x0
   210                           
   211  0070                     ?_Run_Initial_Pin7_Sequence:	
   212                           ; 1 bytes @ 0x0
   213                           
   214  0070                     ?_main:	
   215                           ; 1 bytes @ 0x0
   216                           
   217  0070                     ?___wmul:	
   218                           ; 1 bytes @ 0x0
   219                           
   220  0070                     ___wmul@multiplier:	
   221                           ; 2 bytes @ 0x0
   222                           
   223                           
   224                           ; 2 bytes @ 0x0
   225  0070                     	ds	1
   226  0071                     Delay_1Second@overflowCount:
   227  0071                     Pin5_Is_Stable_Low@sampleCount:	
   228                           ; 1 bytes @ 0x1
   229                           
   230  0071                     Pin5_Is_Stable_High@sampleCount:	
   231                           ; 1 bytes @ 0x1
   232                           
   233                           
   234                           ; 1 bytes @ 0x1
   235  0071                     	ds	1
   236  0072                     ??_Delay_Seconds:
   237  0072                     ??_Wait_For_Pin5_Low:	
   238                           ; 1 bytes @ 0x2
   239                           
   240  0072                     ??_Wait_For_Pin5_High:	
   241                           ; 1 bytes @ 0x2
   242                           
   243  0072                     Delay_Seconds@seconds:	
   244                           ; 1 bytes @ 0x2
   245                           
   246  0072                     ___wmul@multiplicand:	
   247                           ; 1 bytes @ 0x2
   248                           
   249                           
   250                           ; 2 bytes @ 0x2
   251  0072                     	ds	1
   252  0073                     ??_Pulse_Pin7:
   253  0073                     ??_Run_Initial_Pin7_Sequence:	
   254                           ; 1 bytes @ 0x3
   255                           
   256                           
   257                           ; 1 bytes @ 0x3
   258  0073                     	ds	1
   259  0074                     ??___wmul:
   260  0074                     ___wmul@product:	
   261                           ; 1 bytes @ 0x4
   262                           
   263                           
   264                           ; 2 bytes @ 0x4
   265  0074                     	ds	2
   266  0076                     ??_Pin5_Remains_High_For_Seconds:
   267                           
   268                           ; 1 bytes @ 0x6
   269  0076                     	ds	2
   270  0078                     Pin5_Remains_High_For_Seconds@seconds:
   271                           
   272                           ; 1 bytes @ 0x8
   273  0078                     	ds	1
   274  0079                     Pin5_Remains_High_For_Seconds@highTickCount:
   275                           
   276                           ; 2 bytes @ 0x9
   277  0079                     	ds	2
   278  007B                     Pin5_Remains_High_For_Seconds@requiredHighTicks:
   279                           
   280                           ; 2 bytes @ 0xB
   281  007B                     	ds	2
   282  007D                     ??_main:
   283                           
   284                           	psect	maintext
   285  00CD                     __pmaintext:	
   286                           ; 1 bytes @ 0xD
   287 ;;
   288 ;;Main: autosize = 0, tempsize = 0, incstack = 0, save=0
   289 ;;
   290 ;; *************** function _main *****************
   291 ;; Defined at:
   292 ;;		line 521 in file "Feedback_Driver_Board_V2.c"
   293 ;; Parameters:    Size  Location     Type
   294 ;;		None
   295 ;; Auto vars:     Size  Location     Type
   296 ;;		None
   297 ;; Return value:  Size  Location     Type
   298 ;;                  1    wreg      void 
   299 ;; Registers used:
   300 ;;		wreg, status,2, status,0, pclath, cstack
   301 ;; Tracked objects:
   302 ;;		On entry : B00/0
   303 ;;		On exit  : 0/0
   304 ;;		Unchanged: 0/0
   305 ;; Data sizes:     COMMON   BANK0   BANK1
   306 ;;      Params:         0       0       0
   307 ;;      Locals:         0       0       0
   308 ;;      Temps:          0       0       0
   309 ;;      Totals:         0       0       0
   310 ;;Total ram usage:        0 bytes
   311 ;; Hardware stack levels required when called:    4
   312 ;; This function calls:
   313 ;;		_Initialize_Device
   314 ;;		_Pin5_Remains_High_For_Seconds
   315 ;;		_Pulse_Pin7
   316 ;;		_Run_Initial_Pin7_Sequence
   317 ;;		_Wait_For_Pin5_High
   318 ;;		_Wait_For_Pin5_Low
   319 ;; This function is called by:
   320 ;;		Startup code after reset
   321 ;; This function uses a non-reentrant model
   322 ;;
   323                           
   324                           
   325                           ;psect for function _main
   326  00CD                     _main:
   327  00CD                     l969:	
   328                           ;incstack = 0
   329                           ; Regs used in _main: [wreg+status,2+status,0+pclath+cstack]
   330                           
   331                           
   332                           ;Feedback_Driver_Board_V2.c: 523:     Initialize_Device();
   333  00CD  2077               	fcall	_Initialize_Device
   334  00CE                     l971:
   335  00CE  1283               	bcf	3,5	;RP0=0, select bank0
   336  00CF  1005               	bcf	5,0	;volatile
   337  00D0                     l112:
   338                           
   339                           ;Feedback_Driver_Board_V2.c: 534:     Wait_For_Pin5_Low();
   340  00D0  20F7               	fcall	_Wait_For_Pin5_Low
   341  00D1                     l973:
   342  00D1  1283               	bcf	3,5	;RP0=0, select bank0
   343  00D2  1005               	bcf	5,0	;volatile
   344  00D3                     l115:
   345                           
   346                           ;Feedback_Driver_Board_V2.c: 542:         Wait_For_Pin5_High();
   347  00D3  2105               	fcall	_Wait_For_Pin5_High
   348                           
   349                           ;Feedback_Driver_Board_V2.c: 551:         Run_Initial_Pin7_Sequence();
   350  00D4  212F               	fcall	_Run_Initial_Pin7_Sequence
   351                           
   352                           ;Feedback_Driver_Board_V2.c: 564:         while (Pin5_Remains_High_For_Seconds(
   353  00D5  28D7               	goto	l116
   354  00D6                     l975:
   355                           
   356                           ;Feedback_Driver_Board_V2.c: 566:         {;Feedback_Driver_Board_V2.c: 567:            
      +                           Pulse_Pin7();
   357  00D6  2128               	fcall	_Pulse_Pin7
   358  00D7                     l116:	
   359                           ;Feedback_Driver_Board_V2.c: 568:         }
   360                           
   361                           
   362                           ;Feedback_Driver_Board_V2.c: 564:         while (Pin5_Remains_High_For_Seconds(
   363  00D7  300A               	movlw	10
   364  00D8  2007               	fcall	_Pin5_Remains_High_For_Seconds
   365  00D9  3A00               	xorlw	0
   366  00DA  1D03               	skipz
   367  00DB  28DD               	goto	u361
   368  00DC  28DE               	goto	u360
   369  00DD                     u361:
   370  00DD  28D6               	goto	l975
   371  00DE                     u360:
   372  00DE                     l119:	
   373                           ;Feedback_Driver_Board_V2.c: 574:         do { GPIObits.GP0 = 0; } while (0);
   374                           
   375  00DE  1283               	bcf	3,5	;RP0=0, select bank0
   376  00DF  1005               	bcf	5,0	;volatile
   377  00E0  28D0               	goto	l112
   378  00E1  2804               	ljmp	start
   379  00E2                     __end_of_main:
   380                           
   381                           	psect	text1
   382  00F7                     __ptext1:	
   383 ;; *************** function _Wait_For_Pin5_Low *****************
   384 ;; Defined at:
   385 ;;		line 352 in file "Feedback_Driver_Board_V2.c"
   386 ;; Parameters:    Size  Location     Type
   387 ;;		None
   388 ;; Auto vars:     Size  Location     Type
   389 ;;		None
   390 ;; Return value:  Size  Location     Type
   391 ;;                  1    wreg      void 
   392 ;; Registers used:
   393 ;;		wreg, status,2, status,0, pclath, cstack
   394 ;; Tracked objects:
   395 ;;		On entry : 0/0
   396 ;;		On exit  : 0/0
   397 ;;		Unchanged: 0/0
   398 ;; Data sizes:     COMMON   BANK0   BANK1
   399 ;;      Params:         0       0       0
   400 ;;      Locals:         0       0       0
   401 ;;      Temps:          0       0       0
   402 ;;      Totals:         0       0       0
   403 ;;Total ram usage:        0 bytes
   404 ;; Hardware stack levels used:    1
   405 ;; Hardware stack levels required when called:    2
   406 ;; This function calls:
   407 ;;		_Delay_10ms
   408 ;;		_Pin5_Is_Stable_Low
   409 ;; This function is called by:
   410 ;;		_main
   411 ;; This function uses a non-reentrant model
   412 ;;
   413                           
   414                           
   415                           ;psect for function _Wait_For_Pin5_Low
   416  00F7                     _Wait_For_Pin5_Low:
   417  00F7                     l64:	
   418                           ;incstack = 0
   419                           ; Regs used in _Wait_For_Pin5_Low: [wreg+status,2+status,0+pclath+cstack]
   420                           ;Feedback_Driver_Board_V2.c: 354:     while (1)
   421                           
   422                           
   423                           ;Feedback_Driver_Board_V2.c: 355:     {;Feedback_Driver_Board_V2.c: 356:         while (
      +                          ((GPIO & 0x04U) != 0U))
   424  00F7  28F9               	goto	l857
   425  00F8                     l855:
   426                           
   427                           ;Feedback_Driver_Board_V2.c: 357:         {;Feedback_Driver_Board_V2.c: 358:            
      +                           Delay_10ms();
   428  00F8  211E               	fcall	_Delay_10ms
   429  00F9                     l857:
   430                           
   431                           ;Feedback_Driver_Board_V2.c: 356:         while (((GPIO & 0x04U) != 0U))
   432  00F9  1283               	bcf	3,5	;RP0=0, select bank0
   433  00FA  1905               	btfsc	5,2	;volatile
   434  00FB  28FD               	goto	u151
   435  00FC  28FE               	goto	u150
   436  00FD                     u151:
   437  00FD  28F8               	goto	l855
   438  00FE                     u150:
   439  00FE                     l859:
   440                           
   441                           ;Feedback_Driver_Board_V2.c: 361:         if (Pin5_Is_Stable_Low())
   442  00FE  20B3               	fcall	_Pin5_Is_Stable_Low
   443  00FF  3A00               	xorlw	0
   444  0100  1903               	skipnz
   445  0101  2903               	goto	u161
   446  0102  2904               	goto	u160
   447  0103                     u161:
   448  0103  28F7               	goto	l64
   449  0104                     u160:
   450  0104                     l69:
   451  0104  0008               	return
   452  0105                     __end_of_Wait_For_Pin5_Low:
   453                           
   454                           	psect	text2
   455  0105                     __ptext2:	
   456 ;; *************** function _Wait_For_Pin5_High *****************
   457 ;; Defined at:
   458 ;;		line 376 in file "Feedback_Driver_Board_V2.c"
   459 ;; Parameters:    Size  Location     Type
   460 ;;		None
   461 ;; Auto vars:     Size  Location     Type
   462 ;;		None
   463 ;; Return value:  Size  Location     Type
   464 ;;                  1    wreg      void 
   465 ;; Registers used:
   466 ;;		wreg, status,2, status,0, pclath, cstack
   467 ;; Tracked objects:
   468 ;;		On entry : 0/0
   469 ;;		On exit  : 0/0
   470 ;;		Unchanged: 0/0
   471 ;; Data sizes:     COMMON   BANK0   BANK1
   472 ;;      Params:         0       0       0
   473 ;;      Locals:         0       0       0
   474 ;;      Temps:          0       0       0
   475 ;;      Totals:         0       0       0
   476 ;;Total ram usage:        0 bytes
   477 ;; Hardware stack levels used:    1
   478 ;; Hardware stack levels required when called:    2
   479 ;; This function calls:
   480 ;;		_Delay_10ms
   481 ;;		_Pin5_Is_Stable_High
   482 ;; This function is called by:
   483 ;;		_main
   484 ;; This function uses a non-reentrant model
   485 ;;
   486                           
   487                           
   488                           ;psect for function _Wait_For_Pin5_High
   489  0105                     _Wait_For_Pin5_High:
   490  0105                     l74:	
   491                           ;incstack = 0
   492                           ; Regs used in _Wait_For_Pin5_High: [wreg+status,2+status,0+pclath+cstack]
   493                           ;Feedback_Driver_Board_V2.c: 378:     while (1)
   494                           
   495                           
   496                           ;Feedback_Driver_Board_V2.c: 379:     {;Feedback_Driver_Board_V2.c: 380:         while (
      +                          ((GPIO & 0x04U) == 0U))
   497  0105  2907               	goto	l865
   498  0106                     l863:
   499                           
   500                           ;Feedback_Driver_Board_V2.c: 381:         {;Feedback_Driver_Board_V2.c: 382:            
      +                           Delay_10ms();
   501  0106  211E               	fcall	_Delay_10ms
   502  0107                     l865:
   503                           
   504                           ;Feedback_Driver_Board_V2.c: 380:         while (((GPIO & 0x04U) == 0U))
   505  0107  1283               	bcf	3,5	;RP0=0, select bank0
   506  0108  1D05               	btfss	5,2	;volatile
   507  0109  290B               	goto	u171
   508  010A  290C               	goto	u170
   509  010B                     u171:
   510  010B  2906               	goto	l863
   511  010C                     u170:
   512  010C                     l867:
   513                           
   514                           ;Feedback_Driver_Board_V2.c: 385:         if (Pin5_Is_Stable_High())
   515  010C  2099               	fcall	_Pin5_Is_Stable_High
   516  010D  3A00               	xorlw	0
   517  010E  1903               	skipnz
   518  010F  2911               	goto	u181
   519  0110  2912               	goto	u180
   520  0111                     u181:
   521  0111  2905               	goto	l74
   522  0112                     u180:
   523  0112                     l79:
   524  0112  0008               	return
   525  0113                     __end_of_Wait_For_Pin5_High:
   526                           
   527                           	psect	text3
   528  0099                     __ptext3:	
   529 ;; *************** function _Pin5_Is_Stable_High *****************
   530 ;; Defined at:
   531 ;;		line 323 in file "Feedback_Driver_Board_V2.c"
   532 ;; Parameters:    Size  Location     Type
   533 ;;		None
   534 ;; Auto vars:     Size  Location     Type
   535 ;;  sampleCount     1    1[COMMON] unsigned char 
   536 ;; Return value:  Size  Location     Type
   537 ;;                  1    wreg      unsigned char 
   538 ;; Registers used:
   539 ;;		wreg, status,2, status,0, pclath, cstack
   540 ;; Tracked objects:
   541 ;;		On entry : 0/0
   542 ;;		On exit  : 0/0
   543 ;;		Unchanged: 0/0
   544 ;; Data sizes:     COMMON   BANK0   BANK1
   545 ;;      Params:         0       0       0
   546 ;;      Locals:         1       0       0
   547 ;;      Temps:          1       0       0
   548 ;;      Totals:         2       0       0
   549 ;;Total ram usage:        2 bytes
   550 ;; Hardware stack levels used:    1
   551 ;; Hardware stack levels required when called:    1
   552 ;; This function calls:
   553 ;;		_Delay_10ms
   554 ;; This function is called by:
   555 ;;		_Wait_For_Pin5_High
   556 ;; This function uses a non-reentrant model
   557 ;;
   558                           
   559                           
   560                           ;psect for function _Pin5_Is_Stable_High
   561  0099                     _Pin5_Is_Stable_High:
   562  0099                     l765:	
   563                           ;incstack = 0
   564                           ; Regs used in _Pin5_Is_Stable_High: [wreg+status,2+status,0+pclath+cstack]
   565                           
   566                           
   567                           ;Feedback_Driver_Board_V2.c: 325:     unsigned char sampleCount;;Feedback_Driver_Board_V
      +                          2.c: 327:     for (sampleCount = 0U;
   568  0099  01F1               	clrf	Pin5_Is_Stable_High@sampleCount
   569  009A                     l57:
   570                           
   571                           ;Feedback_Driver_Board_V2.c: 330:     {;Feedback_Driver_Board_V2.c: 331:         if (!((
      +                          GPIO & 0x04U) != 0U))
   572  009A  1283               	bcf	3,5	;RP0=0, select bank0
   573  009B  1905               	btfsc	5,2	;volatile
   574  009C  289E               	goto	u81
   575  009D  289F               	goto	u80
   576  009E                     u81:
   577  009E  28A1               	goto	l775
   578  009F                     u80:
   579  009F                     l771:
   580                           
   581                           ;Feedback_Driver_Board_V2.c: 332:         {;Feedback_Driver_Board_V2.c: 333:            
      +                           return 0U;
   582  009F  3000               	movlw	0
   583  00A0  28B2               	goto	l60
   584  00A1                     l775:
   585                           
   586                           ;Feedback_Driver_Board_V2.c: 336:         Delay_10ms();
   587  00A1  211E               	fcall	_Delay_10ms
   588  00A2                     l777:
   589                           
   590                           ;Feedback_Driver_Board_V2.c: 337:     }
   591  00A2  3001               	movlw	1
   592  00A3  00F0               	movwf	??_Pin5_Is_Stable_High
   593  00A4  0870               	movf	??_Pin5_Is_Stable_High,w
   594  00A5  07F1               	addwf	Pin5_Is_Stable_High@sampleCount,f
   595  00A6                     l779:
   596  00A6  3002               	movlw	2
   597  00A7  0271               	subwf	Pin5_Is_Stable_High@sampleCount,w
   598  00A8  1C03               	skipc
   599  00A9  28AB               	goto	u91
   600  00AA  28AC               	goto	u90
   601  00AB                     u91:
   602  00AB  289A               	goto	l57
   603  00AC                     u90:
   604  00AC                     l58:
   605                           
   606                           ;Feedback_Driver_Board_V2.c: 339:     if (((GPIO & 0x04U) != 0U))
   607  00AC  1283               	bcf	3,5	;RP0=0, select bank0
   608  00AD  1D05               	btfss	5,2	;volatile
   609  00AE  28B0               	goto	u101
   610  00AF  28B1               	goto	u100
   611  00B0                     u101:
   612  00B0  289F               	goto	l771
   613  00B1                     u100:
   614  00B1                     l781:
   615                           
   616                           ;Feedback_Driver_Board_V2.c: 340:     {;Feedback_Driver_Board_V2.c: 341:         return 
      +                          1U;
   617  00B1  3001               	movlw	1
   618  00B2                     l60:
   619  00B2  0008               	return
   620  00B3                     __end_of_Pin5_Is_Stable_High:
   621                           
   622                           	psect	text4
   623  012F                     __ptext4:	
   624 ;; *************** function _Run_Initial_Pin7_Sequence *****************
   625 ;; Defined at:
   626 ;;		line 506 in file "Feedback_Driver_Board_V2.c"
   627 ;; Parameters:    Size  Location     Type
   628 ;;		None
   629 ;; Auto vars:     Size  Location     Type
   630 ;;		None
   631 ;; Return value:  Size  Location     Type
   632 ;;                  1    wreg      void 
   633 ;; Registers used:
   634 ;;		wreg, status,2, status,0, pclath, cstack
   635 ;; Tracked objects:
   636 ;;		On entry : 0/0
   637 ;;		On exit  : 0/0
   638 ;;		Unchanged: 0/0
   639 ;; Data sizes:     COMMON   BANK0   BANK1
   640 ;;      Params:         0       0       0
   641 ;;      Locals:         0       0       0
   642 ;;      Temps:          0       0       0
   643 ;;      Totals:         0       0       0
   644 ;;Total ram usage:        0 bytes
   645 ;; Hardware stack levels used:    1
   646 ;; Hardware stack levels required when called:    3
   647 ;; This function calls:
   648 ;;		_Delay_Seconds
   649 ;;		_Pulse_Pin7
   650 ;; This function is called by:
   651 ;;		_main
   652 ;; This function uses a non-reentrant model
   653 ;;
   654                           
   655                           
   656                           ;psect for function _Run_Initial_Pin7_Sequence
   657  012F                     _Run_Initial_Pin7_Sequence:
   658  012F                     l104:	
   659                           ;incstack = 0
   660                           ; Regs used in _Run_Initial_Pin7_Sequence: [wreg+status,2+status,0+pclath+cstack]
   661                           ;Feedback_Driver_Board_V2.c: 509:     do { GPIObits.GP0 = 0; } while (0);
   662                           
   663  012F  1283               	bcf	3,5	;RP0=0, select bank0
   664  0130  1005               	bcf	5,0	;volatile
   665  0131                     l907:
   666                           
   667                           ;Feedback_Driver_Board_V2.c: 512:     Delay_Seconds(5U);
   668  0131  3005               	movlw	5
   669  0132  2113               	fcall	_Delay_Seconds
   670                           
   671                           ;Feedback_Driver_Board_V2.c: 515:     Pulse_Pin7();
   672  0133  2128               	fcall	_Pulse_Pin7
   673  0134                     l106:
   674  0134  0008               	return
   675  0135                     __end_of_Run_Initial_Pin7_Sequence:
   676                           
   677                           	psect	text5
   678  0128                     __ptext5:	
   679 ;; *************** function _Pulse_Pin7 *****************
   680 ;; Defined at:
   681 ;;		line 488 in file "Feedback_Driver_Board_V2.c"
   682 ;; Parameters:    Size  Location     Type
   683 ;;		None
   684 ;; Auto vars:     Size  Location     Type
   685 ;;		None
   686 ;; Return value:  Size  Location     Type
   687 ;;                  1    wreg      void 
   688 ;; Registers used:
   689 ;;		wreg, status,2, status,0, pclath, cstack
   690 ;; Tracked objects:
   691 ;;		On entry : 0/0
   692 ;;		On exit  : 0/0
   693 ;;		Unchanged: 0/0
   694 ;; Data sizes:     COMMON   BANK0   BANK1
   695 ;;      Params:         0       0       0
   696 ;;      Locals:         0       0       0
   697 ;;      Temps:          0       0       0
   698 ;;      Totals:         0       0       0
   699 ;;Total ram usage:        0 bytes
   700 ;; Hardware stack levels used:    1
   701 ;; Hardware stack levels required when called:    2
   702 ;; This function calls:
   703 ;;		_Delay_Seconds
   704 ;; This function is called by:
   705 ;;		_Run_Initial_Pin7_Sequence
   706 ;;		_main
   707 ;; This function uses a non-reentrant model
   708 ;;
   709                           
   710                           
   711                           ;psect for function _Pulse_Pin7
   712  0128                     _Pulse_Pin7:
   713  0128                     l97:	
   714                           ;incstack = 0
   715                           ; Regs used in _Pulse_Pin7: [wreg+status,2+status,0+pclath+cstack]
   716                           ;Feedback_Driver_Board_V2.c: 490:     do { GPIObits.GP0 = 1; } while (0);
   717                           
   718  0128  1283               	bcf	3,5	;RP0=0, select bank0
   719  0129  1405               	bsf	5,0	;volatile
   720  012A                     l789:
   721                           
   722                           ;Feedback_Driver_Board_V2.c: 492:     Delay_Seconds(3U);
   723  012A  3003               	movlw	3
   724  012B  2113               	fcall	_Delay_Seconds
   725  012C                     l791:
   726  012C  1283               	bcf	3,5	;RP0=0, select bank0
   727  012D  1005               	bcf	5,0	;volatile
   728  012E                     l101:
   729  012E  0008               	return
   730  012F                     __end_of_Pulse_Pin7:
   731                           
   732                           	psect	text6
   733  0113                     __ptext6:	
   734 ;; *************** function _Delay_Seconds *****************
   735 ;; Defined at:
   736 ;;		line 270 in file "Feedback_Driver_Board_V2.c"
   737 ;; Parameters:    Size  Location     Type
   738 ;;  seconds         1    wreg     unsigned char 
   739 ;; Auto vars:     Size  Location     Type
   740 ;;  seconds         1    2[COMMON] unsigned char 
   741 ;; Return value:  Size  Location     Type
   742 ;;                  1    wreg      void 
   743 ;; Registers used:
   744 ;;		wreg, status,2, status,0, pclath, cstack
   745 ;; Tracked objects:
   746 ;;		On entry : 0/0
   747 ;;		On exit  : 0/0
   748 ;;		Unchanged: 0/0
   749 ;; Data sizes:     COMMON   BANK0   BANK1
   750 ;;      Params:         0       0       0
   751 ;;      Locals:         1       0       0
   752 ;;      Temps:          0       0       0
   753 ;;      Totals:         1       0       0
   754 ;;Total ram usage:        1 bytes
   755 ;; Hardware stack levels used:    1
   756 ;; Hardware stack levels required when called:    1
   757 ;; This function calls:
   758 ;;		_Delay_1Second
   759 ;; This function is called by:
   760 ;;		_Pulse_Pin7
   761 ;;		_Run_Initial_Pin7_Sequence
   762 ;; This function uses a non-reentrant model
   763 ;;
   764                           
   765                           
   766                           ;psect for function _Delay_Seconds
   767  0113                     _Delay_Seconds:
   768                           
   769                           ;incstack = 0
   770                           ; Regs used in _Delay_Seconds: [wreg+status,2+status,0+pclath+cstack]
   771                           ;Delay_Seconds@seconds stored from wreg
   772  0113  00F2               	movwf	Delay_Seconds@seconds
   773  0114                     l733:
   774                           
   775                           ;Feedback_Driver_Board_V2.c: 270: static void Delay_Seconds(unsigned char seconds);Feedb
      +                          ack_Driver_Board_V2.c: 271: {;Feedback_Driver_Board_V2.c: 272:     while (seconds > 0U)
   776  0114  2918               	goto	l739
   777  0115                     l735:
   778                           
   779                           ;Feedback_Driver_Board_V2.c: 273:     {;Feedback_Driver_Board_V2.c: 274:         Delay_1
      +                          Second();
   780  0115  20E2               	fcall	_Delay_1Second
   781  0116                     l737:
   782                           
   783                           ;Feedback_Driver_Board_V2.c: 275:         seconds--;
   784  0116  3001               	movlw	1
   785  0117  02F2               	subwf	Delay_Seconds@seconds,f
   786  0118                     l739:
   787                           
   788                           ;Feedback_Driver_Board_V2.c: 272:     while (seconds > 0U)
   789  0118  0872               	movf	Delay_Seconds@seconds,w
   790  0119  1D03               	btfss	3,2
   791  011A  291C               	goto	u41
   792  011B  291D               	goto	u40
   793  011C                     u41:
   794  011C  2915               	goto	l735
   795  011D                     u40:
   796  011D                     l47:
   797  011D  0008               	return
   798  011E                     __end_of_Delay_Seconds:
   799                           
   800                           	psect	text7
   801  00E2                     __ptext7:	
   802 ;; *************** function _Delay_1Second *****************
   803 ;; Defined at:
   804 ;;		line 247 in file "Feedback_Driver_Board_V2.c"
   805 ;; Parameters:    Size  Location     Type
   806 ;;		None
   807 ;; Auto vars:     Size  Location     Type
   808 ;;  overflowCoun    1    1[COMMON] unsigned char 
   809 ;; Return value:  Size  Location     Type
   810 ;;                  1    wreg      void 
   811 ;; Registers used:
   812 ;;		wreg, status,2, status,0
   813 ;; Tracked objects:
   814 ;;		On entry : 0/0
   815 ;;		On exit  : 0/0
   816 ;;		Unchanged: 0/0
   817 ;; Data sizes:     COMMON   BANK0   BANK1
   818 ;;      Params:         0       0       0
   819 ;;      Locals:         1       0       0
   820 ;;      Temps:          1       0       0
   821 ;;      Totals:         2       0       0
   822 ;;Total ram usage:        2 bytes
   823 ;; Hardware stack levels used:    1
   824 ;; This function calls:
   825 ;;		Nothing
   826 ;; This function is called by:
   827 ;;		_Delay_Seconds
   828 ;; This function uses a non-reentrant model
   829 ;;
   830                           
   831                           
   832                           ;psect for function _Delay_1Second
   833  00E2                     _Delay_1Second:
   834  00E2                     l715:	
   835                           ;incstack = 0
   836                           ; Regs used in _Delay_1Second: [wreg+status,2+status,0]
   837                           
   838                           
   839                           ;Feedback_Driver_Board_V2.c: 249:     unsigned char overflowCount;;Feedback_Driver_Board
      +                          _V2.c: 251:     for (overflowCount = 0U;
   840  00E2  01F1               	clrf	Delay_1Second@overflowCount
   841  00E3                     l721:
   842                           
   843                           ;Feedback_Driver_Board_V2.c: 254:     {;Feedback_Driver_Board_V2.c: 255:         TMR0 = 
      +                          12;
   844  00E3  300C               	movlw	12
   845  00E4  1283               	bcf	3,5	;RP0=0, select bank0
   846  00E5  0081               	movwf	1	;volatile
   847  00E6                     l723:
   848                           
   849                           ;Feedback_Driver_Board_V2.c: 256:         INTCONbits.T0IF = 0;
   850  00E6  110B               	bcf	11,2	;volatile
   851  00E7                     l38:	
   852                           ;Feedback_Driver_Board_V2.c: 259:         {;Feedback_Driver_Board_V2.c: 261:         }
   853                           
   854                           
   855                           ;Feedback_Driver_Board_V2.c: 258:         while (INTCONbits.T0IF == 0)
   856  00E7  1D0B               	btfss	11,2	;volatile
   857  00E8  28EA               	goto	u11
   858  00E9  28EB               	goto	u10
   859  00EA                     u11:
   860  00EA  28E7               	goto	l38
   861  00EB                     u10:
   862  00EB                     l40:
   863                           
   864                           ;Feedback_Driver_Board_V2.c: 263:         INTCONbits.T0IF = 0;
   865  00EB  110B               	bcf	11,2	;volatile
   866  00EC                     l725:
   867                           
   868                           ;Feedback_Driver_Board_V2.c: 264:     }
   869  00EC  3001               	movlw	1
   870  00ED  00F0               	movwf	??_Delay_1Second
   871  00EE  0870               	movf	??_Delay_1Second,w
   872  00EF  07F1               	addwf	Delay_1Second@overflowCount,f
   873  00F0                     l727:
   874  00F0  3010               	movlw	16
   875  00F1  0271               	subwf	Delay_1Second@overflowCount,w
   876  00F2  1C03               	skipc
   877  00F3  28F5               	goto	u21
   878  00F4  28F6               	goto	u20
   879  00F5                     u21:
   880  00F5  28E3               	goto	l721
   881  00F6                     u20:
   882  00F6                     l41:
   883  00F6  0008               	return
   884  00F7                     __end_of_Delay_1Second:
   885                           
   886                           	psect	text8
   887  0007                     __ptext8:	
   888 ;; *************** function _Pin5_Remains_High_For_Seconds *****************
   889 ;; Defined at:
   890 ;;		line 416 in file "Feedback_Driver_Board_V2.c"
   891 ;; Parameters:    Size  Location     Type
   892 ;;  seconds         1    wreg     unsigned char 
   893 ;; Auto vars:     Size  Location     Type
   894 ;;  seconds         1    8[COMMON] unsigned char 
   895 ;;  requiredHigh    2   11[COMMON] unsigned int 
   896 ;;  highTickCoun    2    9[COMMON] unsigned int 
   897 ;; Return value:  Size  Location     Type
   898 ;;                  1    wreg      unsigned char 
   899 ;; Registers used:
   900 ;;		wreg, status,2, status,0, pclath, cstack
   901 ;; Tracked objects:
   902 ;;		On entry : 0/0
   903 ;;		On exit  : 0/0
   904 ;;		Unchanged: 0/0
   905 ;; Data sizes:     COMMON   BANK0   BANK1
   906 ;;      Params:         0       0       0
   907 ;;      Locals:         5       0       0
   908 ;;      Temps:          2       0       0
   909 ;;      Totals:         7       0       0
   910 ;;Total ram usage:        7 bytes
   911 ;; Hardware stack levels used:    1
   912 ;; Hardware stack levels required when called:    2
   913 ;; This function calls:
   914 ;;		_Delay_10ms
   915 ;;		_Pin5_Is_Stable_Low
   916 ;;		___wmul
   917 ;; This function is called by:
   918 ;;		_main
   919 ;; This function uses a non-reentrant model
   920 ;;
   921                           
   922                           
   923                           ;psect for function _Pin5_Remains_High_For_Seconds
   924  0007                     _Pin5_Remains_High_For_Seconds:
   925                           
   926                           ;incstack = 0
   927                           ; Regs used in _Pin5_Remains_High_For_Seconds: [wreg+status,2+status,0+pclath+cstack]
   928                           ;Pin5_Remains_High_For_Seconds@seconds stored from wreg
   929  0007  00F8               	movwf	Pin5_Remains_High_For_Seconds@seconds
   930  0008                     l933:
   931                           
   932                           ;Feedback_Driver_Board_V2.c: 417:     unsigned char seconds;Feedback_Driver_Board_V2.c: 
      +                          419: {;Feedback_Driver_Board_V2.c: 420:     unsigned int highTickCount;;Feedback_Driver_
      +                          Board_V2.c: 421:     unsigned int requiredHighTicks;;Feedback_Driver_Board_V2.c: 423:   
      +                            highTickCount = 0U;
   933  0008  01F9               	clrf	Pin5_Remains_High_For_Seconds@highTickCount
   934  0009  01FA               	clrf	Pin5_Remains_High_For_Seconds@highTickCount+1
   935  000A                     l935:
   936                           
   937                           ;Feedback_Driver_Board_V2.c: 425:     requiredHighTicks =
   938  000A  0878               	movf	Pin5_Remains_High_For_Seconds@seconds,w
   939  000B  00F6               	movwf	??_Pin5_Remains_High_For_Seconds
   940  000C  01F7               	clrf	??_Pin5_Remains_High_For_Seconds+1
   941  000D  0876               	movf	??_Pin5_Remains_High_For_Seconds,w
   942  000E  00F0               	movwf	___wmul@multiplier
   943  000F  0877               	movf	??_Pin5_Remains_High_For_Seconds+1,w
   944  0010  00F1               	movwf	___wmul@multiplier+1
   945  0011  3064               	movlw	100
   946  0012  00F2               	movwf	___wmul@multiplicand
   947  0013  3000               	movlw	0
   948  0014  00F3               	movwf	___wmul@multiplicand+1
   949  0015  2052               	fcall	___wmul
   950  0016  0871               	movf	?___wmul+1,w
   951  0017  00FC               	movwf	Pin5_Remains_High_For_Seconds@requiredHighTicks+1
   952  0018  0870               	movf	?___wmul,w
   953  0019  00FB               	movwf	Pin5_Remains_High_For_Seconds@requiredHighTicks
   954  001A                     l937:
   955                           
   956                           ;Feedback_Driver_Board_V2.c: 430:     if (requiredHighTicks == 0U)
   957  001A  087B               	movf	Pin5_Remains_High_For_Seconds@requiredHighTicks,w
   958  001B  047C               	iorwf	Pin5_Remains_High_For_Seconds@requiredHighTicks+1,w
   959  001C  1D03               	btfss	3,2
   960  001D  281F               	goto	u301
   961  001E  2820               	goto	u300
   962  001F                     u301:
   963  001F  2829               	goto	l87
   964  0020                     u300:
   965  0020                     l939:
   966                           
   967                           ;Feedback_Driver_Board_V2.c: 431:     {;Feedback_Driver_Board_V2.c: 432:         if (((G
      +                          PIO & 0x04U) != 0U))
   968  0020  1283               	bcf	3,5	;RP0=0, select bank0
   969  0021  1D05               	btfss	5,2	;volatile
   970  0022  2824               	goto	u311
   971  0023  2825               	goto	u310
   972  0024                     u311:
   973  0024  2827               	goto	l945
   974  0025                     u310:
   975  0025                     l941:
   976                           
   977                           ;Feedback_Driver_Board_V2.c: 433:         {;Feedback_Driver_Board_V2.c: 434:            
      +                           return 1U;
   978  0025  3001               	movlw	1
   979  0026  2851               	goto	l86
   980  0027                     l945:
   981                           
   982                           ;Feedback_Driver_Board_V2.c: 437:         return 0U;
   983  0027  3000               	movlw	0
   984  0028  2851               	goto	l86
   985  0029                     l87:	
   986                           ;Feedback_Driver_Board_V2.c: 440:     while (1)
   987                           
   988                           
   989                           ;Feedback_Driver_Board_V2.c: 441:     {;Feedback_Driver_Board_V2.c: 443:         if (((G
      +                          PIO & 0x04U) == 0U))
   990  0029  1283               	bcf	3,5	;RP0=0, select bank0
   991  002A  1905               	btfsc	5,2	;volatile
   992  002B  282D               	goto	u321
   993  002C  282E               	goto	u320
   994  002D                     u321:
   995  002D  2837               	goto	l957
   996  002E                     u320:
   997  002E                     l949:
   998                           
   999                           ;Feedback_Driver_Board_V2.c: 444:         {;Feedback_Driver_Board_V2.c: 446:            
      +                           highTickCount = 0U;
  1000  002E  01F9               	clrf	Pin5_Remains_High_For_Seconds@highTickCount
  1001  002F  01FA               	clrf	Pin5_Remains_High_For_Seconds@highTickCount+1
  1002  0030                     l951:
  1003                           
  1004                           ;Feedback_Driver_Board_V2.c: 449:             if (Pin5_Is_Stable_Low())
  1005  0030  20B3               	fcall	_Pin5_Is_Stable_Low
  1006  0031  3A00               	xorlw	0
  1007  0032  1903               	skipnz
  1008  0033  2835               	goto	u331
  1009  0034  2836               	goto	u330
  1010  0035                     u331:
  1011  0035  2829               	goto	l87
  1012  0036                     u330:
  1013  0036  2827               	goto	l945
  1014  0037                     l957:
  1015                           
  1016                           ;Feedback_Driver_Board_V2.c: 460:         Delay_10ms();
  1017  0037  211E               	fcall	_Delay_10ms
  1018  0038                     l959:
  1019                           
  1020                           ;Feedback_Driver_Board_V2.c: 463:         if (((GPIO & 0x04U) != 0U))
  1021  0038  1283               	bcf	3,5	;RP0=0, select bank0
  1022  0039  1D05               	btfss	5,2	;volatile
  1023  003A  283C               	goto	u341
  1024  003B  283D               	goto	u340
  1025  003C                     u341:
  1026  003C  284E               	goto	l967
  1027  003D                     u340:
  1028  003D                     l961:
  1029                           
  1030                           ;Feedback_Driver_Board_V2.c: 464:         {;Feedback_Driver_Board_V2.c: 465:            
      +                           highTickCount++;
  1031  003D  3001               	movlw	1
  1032  003E  07F9               	addwf	Pin5_Remains_High_For_Seconds@highTickCount,f
  1033  003F  1803               	skipnc
  1034  0040  0AFA               	incf	Pin5_Remains_High_For_Seconds@highTickCount+1,f
  1035  0041  3000               	movlw	0
  1036  0042  07FA               	addwf	Pin5_Remains_High_For_Seconds@highTickCount+1,f
  1037                           
  1038                           ;Feedback_Driver_Board_V2.c: 467:             if (highTickCount >= requiredHighTicks)
  1039  0043  087C               	movf	Pin5_Remains_High_For_Seconds@requiredHighTicks+1,w
  1040  0044  027A               	subwf	Pin5_Remains_High_For_Seconds@highTickCount+1,w
  1041  0045  1D03               	skipz
  1042  0046  2849               	goto	u355
  1043  0047  087B               	movf	Pin5_Remains_High_For_Seconds@requiredHighTicks,w
  1044  0048  0279               	subwf	Pin5_Remains_High_For_Seconds@highTickCount,w
  1045  0049                     u355:
  1046  0049  1C03               	skipc
  1047  004A  284C               	goto	u351
  1048  004B  284D               	goto	u350
  1049  004C                     u351:
  1050  004C  2829               	goto	l87
  1051  004D                     u350:
  1052  004D  2825               	goto	l941
  1053  004E                     l967:
  1054                           
  1055                           ;Feedback_Driver_Board_V2.c: 473:         {;Feedback_Driver_Board_V2.c: 476:            
      +                           highTickCount = 0U;
  1056  004E  01F9               	clrf	Pin5_Remains_High_For_Seconds@highTickCount
  1057  004F  01FA               	clrf	Pin5_Remains_High_For_Seconds@highTickCount+1
  1058  0050  2829               	goto	l87
  1059  0051                     l86:
  1060  0051  0008               	return
  1061  0052                     __end_of_Pin5_Remains_High_For_Seconds:
  1062                           
  1063                           	psect	text9
  1064  0052                     __ptext9:	
  1065 ;; *************** function ___wmul *****************
  1066 ;; Defined at:
  1067 ;;		line 15 in file "C:\Program Files\Microchip\xc8\v2.31\pic\sources\c90\common\Umul16.c"
  1068 ;; Parameters:    Size  Location     Type
  1069 ;;  multiplier      2    0[COMMON] unsigned int 
  1070 ;;  multiplicand    2    2[COMMON] unsigned int 
  1071 ;; Auto vars:     Size  Location     Type
  1072 ;;  product         2    4[COMMON] unsigned int 
  1073 ;; Return value:  Size  Location     Type
  1074 ;;                  2    0[COMMON] unsigned int 
  1075 ;; Registers used:
  1076 ;;		wreg, status,2, status,0
  1077 ;; Tracked objects:
  1078 ;;		On entry : 0/0
  1079 ;;		On exit  : 0/0
  1080 ;;		Unchanged: 0/0
  1081 ;; Data sizes:     COMMON   BANK0   BANK1
  1082 ;;      Params:         4       0       0
  1083 ;;      Locals:         2       0       0
  1084 ;;      Temps:          0       0       0
  1085 ;;      Totals:         6       0       0
  1086 ;;Total ram usage:        6 bytes
  1087 ;; Hardware stack levels used:    1
  1088 ;; This function calls:
  1089 ;;		Nothing
  1090 ;; This function is called by:
  1091 ;;		_Pin5_Remains_High_For_Seconds
  1092 ;; This function uses a non-reentrant model
  1093 ;;
  1094                           
  1095                           
  1096                           ;psect for function ___wmul
  1097  0052                     ___wmul:
  1098  0052                     l919:	
  1099                           ;incstack = 0
  1100                           ; Regs used in ___wmul: [wreg+status,2+status,0]
  1101                           
  1102  0052  01F4               	clrf	___wmul@product
  1103  0053  01F5               	clrf	___wmul@product+1
  1104  0054                     l921:
  1105  0054  1C70               	btfss	___wmul@multiplier,0
  1106  0055  2857               	goto	u261
  1107  0056  2858               	goto	u260
  1108  0057                     u261:
  1109  0057  285E               	goto	l209
  1110  0058                     u260:
  1111  0058                     l923:
  1112  0058  0872               	movf	___wmul@multiplicand,w
  1113  0059  07F4               	addwf	___wmul@product,f
  1114  005A  1803               	skipnc
  1115  005B  0AF5               	incf	___wmul@product+1,f
  1116  005C  0873               	movf	___wmul@multiplicand+1,w
  1117  005D  07F5               	addwf	___wmul@product+1,f
  1118  005E                     l209:
  1119  005E  3001               	movlw	1
  1120  005F                     u275:
  1121  005F  1003               	clrc
  1122  0060  0DF2               	rlf	___wmul@multiplicand,f
  1123  0061  0DF3               	rlf	___wmul@multiplicand+1,f
  1124  0062  3EFF               	addlw	-1
  1125  0063  1D03               	skipz
  1126  0064  285F               	goto	u275
  1127  0065                     l925:
  1128  0065  3001               	movlw	1
  1129  0066                     u285:
  1130  0066  1003               	clrc
  1131  0067  0CF1               	rrf	___wmul@multiplier+1,f
  1132  0068  0CF0               	rrf	___wmul@multiplier,f
  1133  0069  3EFF               	addlw	-1
  1134  006A  1D03               	skipz
  1135  006B  2866               	goto	u285
  1136  006C                     l927:
  1137  006C  0870               	movf	___wmul@multiplier,w
  1138  006D  0471               	iorwf	___wmul@multiplier+1,w
  1139  006E  1D03               	btfss	3,2
  1140  006F  2871               	goto	u291
  1141  0070  2872               	goto	u290
  1142  0071                     u291:
  1143  0071  2854               	goto	l921
  1144  0072                     u290:
  1145  0072                     l929:
  1146  0072  0875               	movf	___wmul@product+1,w
  1147  0073  00F1               	movwf	?___wmul+1
  1148  0074  0874               	movf	___wmul@product,w
  1149  0075  00F0               	movwf	?___wmul
  1150  0076                     l211:
  1151  0076  0008               	return
  1152  0077                     __end_of___wmul:
  1153                           
  1154                           	psect	text10
  1155  00B3                     __ptext10:	
  1156 ;; *************** function _Pin5_Is_Stable_Low *****************
  1157 ;; Defined at:
  1158 ;;		line 289 in file "Feedback_Driver_Board_V2.c"
  1159 ;; Parameters:    Size  Location     Type
  1160 ;;		None
  1161 ;; Auto vars:     Size  Location     Type
  1162 ;;  sampleCount     1    1[COMMON] unsigned char 
  1163 ;; Return value:  Size  Location     Type
  1164 ;;                  1    wreg      unsigned char 
  1165 ;; Registers used:
  1166 ;;		wreg, status,2, status,0, pclath, cstack
  1167 ;; Tracked objects:
  1168 ;;		On entry : 0/0
  1169 ;;		On exit  : 0/0
  1170 ;;		Unchanged: 0/0
  1171 ;; Data sizes:     COMMON   BANK0   BANK1
  1172 ;;      Params:         0       0       0
  1173 ;;      Locals:         1       0       0
  1174 ;;      Temps:          1       0       0
  1175 ;;      Totals:         2       0       0
  1176 ;;Total ram usage:        2 bytes
  1177 ;; Hardware stack levels used:    1
  1178 ;; Hardware stack levels required when called:    1
  1179 ;; This function calls:
  1180 ;;		_Delay_10ms
  1181 ;; This function is called by:
  1182 ;;		_Wait_For_Pin5_Low
  1183 ;;		_Pin5_Remains_High_For_Seconds
  1184 ;; This function uses a non-reentrant model
  1185 ;;
  1186                           
  1187                           
  1188                           ;psect for function _Pin5_Is_Stable_Low
  1189  00B3                     _Pin5_Is_Stable_Low:
  1190  00B3                     l741:	
  1191                           ;incstack = 0
  1192                           ; Regs used in _Pin5_Is_Stable_Low: [wreg+status,2+status,0+pclath+cstack]
  1193                           
  1194                           
  1195                           ;Feedback_Driver_Board_V2.c: 291:     unsigned char sampleCount;;Feedback_Driver_Board_V
      +                          2.c: 293:     for (sampleCount = 0U;
  1196  00B3  01F1               	clrf	Pin5_Is_Stable_Low@sampleCount
  1197  00B4                     l50:
  1198                           
  1199                           ;Feedback_Driver_Board_V2.c: 296:     {;Feedback_Driver_Board_V2.c: 297:         if (!((
      +                          GPIO & 0x04U) == 0U))
  1200  00B4  1283               	bcf	3,5	;RP0=0, select bank0
  1201  00B5  1D05               	btfss	5,2	;volatile
  1202  00B6  28B8               	goto	u51
  1203  00B7  28B9               	goto	u50
  1204  00B8                     u51:
  1205  00B8  28BB               	goto	l751
  1206  00B9                     u50:
  1207  00B9                     l747:
  1208                           
  1209                           ;Feedback_Driver_Board_V2.c: 298:         {;Feedback_Driver_Board_V2.c: 299:            
      +                           return 0U;
  1210  00B9  3000               	movlw	0
  1211  00BA  28CC               	goto	l53
  1212  00BB                     l751:
  1213                           
  1214                           ;Feedback_Driver_Board_V2.c: 302:         Delay_10ms();
  1215  00BB  211E               	fcall	_Delay_10ms
  1216  00BC                     l753:
  1217                           
  1218                           ;Feedback_Driver_Board_V2.c: 303:     }
  1219  00BC  3001               	movlw	1
  1220  00BD  00F0               	movwf	??_Pin5_Is_Stable_Low
  1221  00BE  0870               	movf	??_Pin5_Is_Stable_Low,w
  1222  00BF  07F1               	addwf	Pin5_Is_Stable_Low@sampleCount,f
  1223  00C0                     l755:
  1224  00C0  3002               	movlw	2
  1225  00C1  0271               	subwf	Pin5_Is_Stable_Low@sampleCount,w
  1226  00C2  1C03               	skipc
  1227  00C3  28C5               	goto	u61
  1228  00C4  28C6               	goto	u60
  1229  00C5                     u61:
  1230  00C5  28B4               	goto	l50
  1231  00C6                     u60:
  1232  00C6                     l51:
  1233                           
  1234                           ;Feedback_Driver_Board_V2.c: 305:     if (((GPIO & 0x04U) == 0U))
  1235  00C6  1283               	bcf	3,5	;RP0=0, select bank0
  1236  00C7  1905               	btfsc	5,2	;volatile
  1237  00C8  28CA               	goto	u71
  1238  00C9  28CB               	goto	u70
  1239  00CA                     u71:
  1240  00CA  28B9               	goto	l747
  1241  00CB                     u70:
  1242  00CB                     l757:
  1243                           
  1244                           ;Feedback_Driver_Board_V2.c: 306:     {;Feedback_Driver_Board_V2.c: 307:         return 
      +                          1U;
  1245  00CB  3001               	movlw	1
  1246  00CC                     l53:
  1247  00CC  0008               	return
  1248  00CD                     __end_of_Pin5_Is_Stable_Low:
  1249                           
  1250                           	psect	text11
  1251  011E                     __ptext11:	
  1252 ;; *************** function _Delay_10ms *****************
  1253 ;; Defined at:
  1254 ;;		line 215 in file "Feedback_Driver_Board_V2.c"
  1255 ;; Parameters:    Size  Location     Type
  1256 ;;		None
  1257 ;; Auto vars:     Size  Location     Type
  1258 ;;		None
  1259 ;; Return value:  Size  Location     Type
  1260 ;;                  1    wreg      void 
  1261 ;; Registers used:
  1262 ;;		wreg
  1263 ;; Tracked objects:
  1264 ;;		On entry : 0/0
  1265 ;;		On exit  : 0/0
  1266 ;;		Unchanged: 0/0
  1267 ;; Data sizes:     COMMON   BANK0   BANK1
  1268 ;;      Params:         0       0       0
  1269 ;;      Locals:         0       0       0
  1270 ;;      Temps:          0       0       0
  1271 ;;      Totals:         0       0       0
  1272 ;;Total ram usage:        0 bytes
  1273 ;; Hardware stack levels used:    1
  1274 ;; This function calls:
  1275 ;;		Nothing
  1276 ;; This function is called by:
  1277 ;;		_Pin5_Is_Stable_Low
  1278 ;;		_Pin5_Is_Stable_High
  1279 ;;		_Wait_For_Pin5_Low
  1280 ;;		_Wait_For_Pin5_High
  1281 ;;		_Pin5_Remains_High_For_Seconds
  1282 ;; This function uses a non-reentrant model
  1283 ;;
  1284                           
  1285                           
  1286                           ;psect for function _Delay_10ms
  1287  011E                     _Delay_10ms:
  1288  011E                     l729:	
  1289                           ;incstack = 0
  1290                           ; Regs used in _Delay_10ms: [wreg]
  1291                           
  1292                           
  1293                           ;Feedback_Driver_Board_V2.c: 217:     TMR0 = 217;
  1294  011E  30D9               	movlw	217
  1295  011F  1283               	bcf	3,5	;RP0=0, select bank0
  1296  0120  0081               	movwf	1	;volatile
  1297  0121                     l731:
  1298                           
  1299                           ;Feedback_Driver_Board_V2.c: 218:     INTCONbits.T0IF = 0;
  1300  0121  110B               	bcf	11,2	;volatile
  1301  0122                     l30:	
  1302                           ;Feedback_Driver_Board_V2.c: 221:     {;Feedback_Driver_Board_V2.c: 223:     }
  1303                           
  1304                           
  1305                           ;Feedback_Driver_Board_V2.c: 220:     while (INTCONbits.T0IF == 0)
  1306  0122  1D0B               	btfss	11,2	;volatile
  1307  0123  2925               	goto	u31
  1308  0124  2926               	goto	u30
  1309  0125                     u31:
  1310  0125  2922               	goto	l30
  1311  0126                     u30:
  1312  0126                     l32:
  1313                           
  1314                           ;Feedback_Driver_Board_V2.c: 225:     INTCONbits.T0IF = 0;
  1315  0126  110B               	bcf	11,2	;volatile
  1316  0127                     l33:
  1317  0127  0008               	return
  1318  0128                     __end_of_Delay_10ms:
  1319                           
  1320                           	psect	text12
  1321  0077                     __ptext12:	
  1322 ;; *************** function _Initialize_Device *****************
  1323 ;; Defined at:
  1324 ;;		line 100 in file "Feedback_Driver_Board_V2.c"
  1325 ;; Parameters:    Size  Location     Type
  1326 ;;		None
  1327 ;; Auto vars:     Size  Location     Type
  1328 ;;		None
  1329 ;; Return value:  Size  Location     Type
  1330 ;;                  1    wreg      void 
  1331 ;; Registers used:
  1332 ;;		wreg, status,2, status,0
  1333 ;; Tracked objects:
  1334 ;;		On entry : 0/0
  1335 ;;		On exit  : 0/0
  1336 ;;		Unchanged: 0/0
  1337 ;; Data sizes:     COMMON   BANK0   BANK1
  1338 ;;      Params:         0       0       0
  1339 ;;      Locals:         0       0       0
  1340 ;;      Temps:          0       0       0
  1341 ;;      Totals:         0       0       0
  1342 ;;Total ram usage:        0 bytes
  1343 ;; Hardware stack levels used:    1
  1344 ;; This function calls:
  1345 ;;		Nothing
  1346 ;; This function is called by:
  1347 ;;		_main
  1348 ;; This function uses a non-reentrant model
  1349 ;;
  1350                           
  1351                           
  1352                           ;psect for function _Initialize_Device
  1353  0077                     _Initialize_Device:
  1354  0077                     l807:	
  1355                           ;incstack = 0
  1356                           ; Regs used in _Initialize_Device: [wreg+status,2+status,0]
  1357                           
  1358                           
  1359                           ;Feedback_Driver_Board_V2.c: 111:     OSCCONbits.IRCF = 0b110;
  1360  0077  1683               	bsf	3,5	;RP0=1, select bank1
  1361  0078  080F               	movf	15,w	;volatile
  1362  0079  398F               	andlw	-113
  1363  007A  3860               	iorlw	96
  1364  007B  008F               	movwf	15	;volatile
  1365  007C                     l809:
  1366                           
  1367                           ;Feedback_Driver_Board_V2.c: 112:     OSCCONbits.SCS = 1;
  1368  007C  140F               	bsf	15,0	;volatile
  1369  007D                     l811:
  1370                           
  1371                           ;Feedback_Driver_Board_V2.c: 120:     ANSEL = 0x00;
  1372  007D  019F               	clrf	31	;volatile
  1373  007E                     l813:
  1374                           
  1375                           ;Feedback_Driver_Board_V2.c: 123:     CMCON0 = 0x07;
  1376  007E  3007               	movlw	7
  1377  007F  1283               	bcf	3,5	;RP0=0, select bank0
  1378  0080  0099               	movwf	25	;volatile
  1379  0081                     l815:
  1380                           
  1381                           ;Feedback_Driver_Board_V2.c: 130:     GPIO = 0x00;
  1382  0081  0185               	clrf	5	;volatile
  1383  0082                     l817:
  1384                           
  1385                           ;Feedback_Driver_Board_V2.c: 146:     TRISIO = 0b00111110;
  1386  0082  303E               	movlw	62
  1387  0083  1683               	bsf	3,5	;RP0=1, select bank1
  1388  0084  0085               	movwf	5	;volatile
  1389  0085                     l819:
  1390                           
  1391                           ;Feedback_Driver_Board_V2.c: 153:     WPU = 0x00;
  1392  0085  0195               	clrf	21	;volatile
  1393  0086                     l821:
  1394                           
  1395                           ;Feedback_Driver_Board_V2.c: 156:     OPTION_REGbits.nGPPU = 1;
  1396  0086  1781               	bsf	1,7	;volatile
  1397  0087                     l823:
  1398                           
  1399                           ;Feedback_Driver_Board_V2.c: 168:     OPTION_REGbits.T0CS = 0;
  1400  0087  1281               	bcf	1,5	;volatile
  1401  0088                     l825:
  1402                           
  1403                           ;Feedback_Driver_Board_V2.c: 169:     OPTION_REGbits.PSA = 0;
  1404  0088  1181               	bcf	1,3	;volatile
  1405  0089                     l827:
  1406                           
  1407                           ;Feedback_Driver_Board_V2.c: 170:     OPTION_REGbits.PS2 = 1;
  1408  0089  1501               	bsf	1,2	;volatile
  1409  008A                     l829:
  1410                           
  1411                           ;Feedback_Driver_Board_V2.c: 171:     OPTION_REGbits.PS1 = 1;
  1412  008A  1481               	bsf	1,1	;volatile
  1413  008B                     l831:
  1414                           
  1415                           ;Feedback_Driver_Board_V2.c: 172:     OPTION_REGbits.PS0 = 1;
  1416  008B  1401               	bsf	1,0	;volatile
  1417  008C                     l833:
  1418                           
  1419                           ;Feedback_Driver_Board_V2.c: 175:     IOC = 0x00;
  1420  008C  0196               	clrf	22	;volatile
  1421  008D                     l835:
  1422                           
  1423                           ;Feedback_Driver_Board_V2.c: 178:     INTCONbits.GIE = 0;
  1424  008D  138B               	bcf	11,7	;volatile
  1425  008E                     l837:
  1426                           
  1427                           ;Feedback_Driver_Board_V2.c: 179:     INTCONbits.PEIE = 0;
  1428  008E  130B               	bcf	11,6	;volatile
  1429  008F                     l839:
  1430                           
  1431                           ;Feedback_Driver_Board_V2.c: 180:     INTCONbits.T0IE = 0;
  1432  008F  128B               	bcf	11,5	;volatile
  1433  0090                     l841:
  1434                           
  1435                           ;Feedback_Driver_Board_V2.c: 181:     INTCONbits.INTE = 0;
  1436  0090  120B               	bcf	11,4	;volatile
  1437  0091                     l843:
  1438                           
  1439                           ;Feedback_Driver_Board_V2.c: 182:     INTCONbits.GPIE = 0;
  1440  0091  118B               	bcf	11,3	;volatile
  1441  0092                     l845:
  1442                           
  1443                           ;Feedback_Driver_Board_V2.c: 185:     INTCONbits.T0IF = 0;
  1444  0092  110B               	bcf	11,2	;volatile
  1445  0093                     l847:
  1446                           
  1447                           ;Feedback_Driver_Board_V2.c: 186:     INTCONbits.INTF = 0;
  1448  0093  108B               	bcf	11,1	;volatile
  1449  0094                     l849:
  1450                           
  1451                           ;Feedback_Driver_Board_V2.c: 187:     INTCONbits.GPIF = 0;
  1452  0094  100B               	bcf	11,0	;volatile
  1453  0095                     l851:
  1454                           
  1455                           ;Feedback_Driver_Board_V2.c: 190:     TMR0 = 0;
  1456  0095  1283               	bcf	3,5	;RP0=0, select bank0
  1457  0096  0181               	clrf	1	;volatile
  1458  0097                     l853:
  1459  0097  1005               	bcf	5,0	;volatile
  1460  0098                     l27:
  1461  0098  0008               	return
  1462  0099                     __end_of_Initialize_Device:
  1463  007E                     btemp	set	126	;btemp
  1464  007E                     wtemp0	set	126
  1465                           
  1466                           	psect	config
  1467                           
  1468                           ;Config register CONFIG @ 0x2007
  1469                           ;	Oscillator Selection bits
  1470                           ;	FOSC = INTOSCIO, INTOSCIO oscillator: I/O function on RA4/OSC2/CLKOUT pin, I/O functio
      +                          n on RA5/OSC1/CLKIN
  1471                           ;	Watchdog Timer Enable bit
  1472                           ;	WDTE = OFF, WDT disabled
  1473                           ;	Power-up Timer Enable bit
  1474                           ;	PWRTE = ON, PWRT enabled
  1475                           ;	MCLR Pin Function Select bit
  1476                           ;	MCLRE = OFF, MCLR pin function is digital input, MCLR internally tied to VDD
  1477                           ;	Code Protection bit
  1478                           ;	CP = OFF, Program memory code protection is disabled
  1479                           ;	Data Code Protection bit
  1480                           ;	CPD = OFF, Data memory code protection is disabled
  1481                           ;	Brown Out Detect
  1482                           ;	BOREN = ON, BOR enabled
  1483                           ;	Internal External Switchover bit
  1484                           ;	IESO = 0x1, unprogrammed default
  1485                           ;	Fail-Safe Clock Monitor Enabled bit
  1486                           ;	FCMEN = 0x1, unprogrammed default
  1487  2007                     	org	8199
  1488  2007  3FC4               	dw	16324

Data Sizes:
    Strings     0
    Constant    0
    Data        0
    BSS         0
    Persistent  0
    Stack       0

Auto Spaces:
    Space          Size  Autos    Used
    COMMON           14     13      13
    BANK0            80      0       0
    BANK1            32      0       0

Pointer List with Targets:

    None.

Critical Paths under _main in COMMON

    _main->_Pin5_Remains_High_For_Seconds
    _Wait_For_Pin5_Low->_Pin5_Is_Stable_Low
    _Wait_For_Pin5_High->_Pin5_Is_Stable_High
    _Run_Initial_Pin7_Sequence->_Delay_Seconds
    _Pulse_Pin7->_Delay_Seconds
    _Delay_Seconds->_Delay_1Second
    _Pin5_Remains_High_For_Seconds->___wmul

Critical Paths under _main in BANK0

    None.

Critical Paths under _main in BANK1

    None.

Call Graph Tables:

 ---------------------------------------------------------------------------------
 (Depth) Function   	        Calls       Base Space   Used Autos Params    Refs
 ---------------------------------------------------------------------------------
 (0) _main                                                 0     0      0     562
                  _Initialize_Device
      _Pin5_Remains_High_For_Seconds
                         _Pulse_Pin7
          _Run_Initial_Pin7_Sequence
                 _Wait_For_Pin5_High
                  _Wait_For_Pin5_Low
 ---------------------------------------------------------------------------------
 (1) _Wait_For_Pin5_Low                                    0     0      0      30
                         _Delay_10ms
                 _Pin5_Is_Stable_Low
 ---------------------------------------------------------------------------------
 (1) _Wait_For_Pin5_High                                   0     0      0      30
                         _Delay_10ms
                _Pin5_Is_Stable_High
 ---------------------------------------------------------------------------------
 (2) _Pin5_Is_Stable_High                                  2     2      0      30
                                              0 COMMON     2     2      0
                         _Delay_10ms
 ---------------------------------------------------------------------------------
 (1) _Run_Initial_Pin7_Sequence                            0     0      0      90
                      _Delay_Seconds
                         _Pulse_Pin7
 ---------------------------------------------------------------------------------
 (2) _Pulse_Pin7                                           0     0      0      45
                      _Delay_Seconds
 ---------------------------------------------------------------------------------
 (3) _Delay_Seconds                                        1     1      0      45
                                              2 COMMON     1     1      0
                      _Delay_1Second
 ---------------------------------------------------------------------------------
 (4) _Delay_1Second                                        2     2      0      30
                                              0 COMMON     2     2      0
 ---------------------------------------------------------------------------------
 (1) _Pin5_Remains_High_For_Seconds                        7     7      0     367
                                              6 COMMON     7     7      0
                         _Delay_10ms
                 _Pin5_Is_Stable_Low
                             ___wmul
 ---------------------------------------------------------------------------------
 (2) ___wmul                                               6     2      4     244
                                              0 COMMON     6     2      4
 ---------------------------------------------------------------------------------
 (2) _Pin5_Is_Stable_Low                                   2     2      0      30
                                              0 COMMON     2     2      0
                         _Delay_10ms
 ---------------------------------------------------------------------------------
 (3) _Delay_10ms                                           0     0      0       0
 ---------------------------------------------------------------------------------
 (1) _Initialize_Device                                    0     0      0       0
 ---------------------------------------------------------------------------------
 Estimated maximum stack depth 4
 ---------------------------------------------------------------------------------

 Call Graph Graphs:

 _main (ROOT)
   _Initialize_Device
   _Pin5_Remains_High_For_Seconds
     _Delay_10ms
     _Pin5_Is_Stable_Low
       _Delay_10ms
     ___wmul
   _Pulse_Pin7
     _Delay_Seconds
       _Delay_1Second
   _Run_Initial_Pin7_Sequence
     _Delay_Seconds
       _Delay_1Second
     _Pulse_Pin7
       _Delay_Seconds
         _Delay_1Second
   _Wait_For_Pin5_High
     _Delay_10ms
     _Pin5_Is_Stable_High
       _Delay_10ms
   _Wait_For_Pin5_Low
     _Delay_10ms
     _Pin5_Is_Stable_Low
       _Delay_10ms

 Address spaces:
Name               Size   Autos  Total    Cost      Usage
BITCOMMON            E      0       0       0        0.0%
EEDATA             100      0       0       0        0.0%
NULL                 0      0       0       0        0.0%
CODE                 0      0       0       0        0.0%
COMMON               E      D       D       1       92.9%
BITSFR0              0      0       0       1        0.0%
SFR0                 0      0       0       1        0.0%
BITSFR1              0      0       0       2        0.0%
SFR1                 0      0       0       2        0.0%
STACK                0      0       0       2        0.0%
BITBANK0            50      0       0       3        0.0%
BANK0               50      0       0       4        0.0%
BANK1               20      0       0       5        0.0%
ABS                  0      0       0       6        0.0%
BITBANK1            20      0       0       7        0.0%
DATA                 0      0       0       8        0.0%


Microchip Technology PIC Macro Assembler V2.31 build 20201012212115 
Symbol Table                                                                                   Wed Jul 22 13:54:29 2026

                                            l30 0122                                              l32 0126  
                                            l40 00EB                                              l33 0127  
                                            l41 00F6                                              l50 00B4  
                                            l27 0098                                              l51 00C6  
                                            l60 00B2                                              l53 00CC  
                                            l38 00E7                                              l47 011D  
                                            l64 00F7                                              l57 009A  
                                            l58 00AC                                              l74 0105  
                                            l69 0104                                              l86 0051  
                                            l87 0029                                              l79 0112  
                                            l97 0128                                              u10 00EB  
                                            u11 00EA                                              u20 00F6  
                                            u21 00F5                                              u30 0126  
                                            u31 0125                                              u40 011D  
                                            u41 011C                                              u50 00B9  
                                            u51 00B8                                              u60 00C6  
                                            u61 00C5                                              u70 00CB  
                                            u71 00CA                                              u80 009F  
                                            u81 009E                                              u90 00AC  
                                            u91 00AB                     __size_of_Pin5_Is_Stable_Low 001A  
                           ___wmul@multiplicand 0072                                             l101 012E  
                                           l104 012F                                             l112 00D0  
                                           l106 0134                                             l211 0076  
                                           l115 00D3                                             l116 00D7  
                                           l119 00DE                                             l209 005E  
                                           l721 00E3                                             l811 007D  
                                           l731 0121                                             l723 00E6  
                                           l715 00E2                                             l821 0086  
                                           l813 007E                                             l741 00B3  
                                           l725 00EC                                             l733 0114  
                                           l831 008B                                             l823 0087  
                                           l815 0081                                             l807 0077  
                                           l751 00BB                                             l727 00F0  
                                           l735 0115                                             l841 0090  
                                           l833 008C                                             l825 0088  
                                           l817 0082                                             l809 007C  
                                           l729 011E                                             l753 00BC  
                                           l921 0054                                             l737 0116  
                                           l851 0095                                             l843 0091  
                                           l835 008D                                             l827 0089  
                                           l819 0085                                             l755 00C0  
                                           l747 00B9                                             l923 0058  
                                           l739 0118                                             l907 0131  
                                           l771 009F                                             l853 0097  
                                           l845 0092                                             l837 008E  
                                           l829 008A                                             l757 00CB  
                                           l925 0065                                             l941 0025  
                                           l933 0008                                             l781 00B1  
                                           l765 0099                                             l847 0093  
                                           l839 008F                                             l927 006C  
                                           l919 0052                                             l951 0030  
                                           l935 000A                                             l791 012C  
                                           l775 00A1                                             l863 0106  
                                           l855 00F8                                             l849 0094  
                                           l929 0072                                             l961 003D  
                                           l945 0027                                             l937 001A  
                                           l777 00A2                                             l865 0107  
                                           l857 00F9                                             l939 0020  
                                           l779 00A6                                             l867 010C  
                                           l859 00FE                                             l971 00CE  
                                           l949 002E                                             l957 0037  
                                           l789 012A                                             l973 00D1  
                                           l967 004E                                             l959 0038  
                                           l975 00D6                                             l969 00CD  
                                           u100 00B1                                             u101 00B0  
                                           _IOC 0096                                             u300 0020  
                                           u301 001F                                             u310 0025  
                                           u150 00FE                                             u311 0024  
                                           u151 00FD                                             u320 002E  
                                           u160 0104                                             u321 002D  
                                           u161 0103                                             u330 0036  
                                           u170 010C                                             u331 0035  
                                           u171 010B                                             u260 0058  
                                           u340 003D                                             u180 0112  
                                           u261 0057                                             u341 003C  
                                           u181 0111                                             u350 004D  
                                           u351 004C                                             u360 00DE  
                                           u361 00DD                                             u290 0072  
                                           u291 0071                                             u275 005F  
                                           u355 0049                                             u285 0066  
                                           _WPU 0095                    __size_of_Pin5_Is_Stable_High 001A  
                                          _GPIO 0005                                            _TMR0 0001  
                                    _Delay_10ms 011E                                            _main 00CD  
                                          btemp 007E                                            start 0004  
            __size_of_Run_Initial_Pin7_Sequence 0006                                           ?_main 0070  
                                         _ANSEL 009F                                           status 0003  
                                         wtemp0 007E                      __end_of_Wait_For_Pin5_High 0113  
                               __initialization 0005                                    __end_of_main 00E2  
                                        ??_main 007D                                          _CMCON0 0019  
    Pin5_Remains_High_For_Seconds@highTickCount 0079                                     ?_Delay_10ms 0070  
                                        _TRISIO 0085                                          ___wmul 0052  
                             _Wait_For_Pin5_Low 00F7                              ?_Wait_For_Pin5_Low 0070  
Pin5_Remains_High_For_Seconds@requiredHighTicks 007B                             ??_Wait_For_Pin5_Low 0072  
                                    _Pulse_Pin7 0128                         __end_of__initialization 0005  
                           _Pin5_Is_Stable_High 0099                       __end_of_Wait_For_Pin5_Low 0105  
                                __pcstackCOMMON 0070                   Pin5_Is_Stable_Low@sampleCount 0071  
                           __size_of_Delay_10ms 000A                            ?_Pin5_Is_Stable_High 0070  
                                _OPTION_REGbits 0081                          __size_of_Delay_1Second 0015  
                ?_Pin5_Remains_High_For_Seconds 0070                                      __pmaintext 00CD  
                    __end_of_Pin5_Is_Stable_Low 00CD                                         ?___wmul 0070  
                        __size_of_Delay_Seconds 000B                           ??_Pin5_Is_Stable_High 0070  
                                   ?_Pulse_Pin7 0070                      __size_of_Wait_For_Pin5_Low 000E  
                                 _Delay_1Second 00E2                                 __size_of___wmul 0025  
                            _Wait_For_Pin5_High 0105                                         __ptext1 00F7  
                                       __ptext2 0105                                         __ptext3 0099  
                                       __ptext4 012F                                         __ptext5 0128  
                                       __ptext6 0113                                         __ptext7 00E2  
                                       __ptext8 0007                                         __ptext9 0052  
                           ?_Wait_For_Pin5_High 0070            Pin5_Remains_High_For_Seconds@seconds 0078  
                          end_of_initialization 0005                                    ??_Delay_10ms 0070  
                                 _Delay_Seconds 0113                            ??_Wait_For_Pin5_High 0072  
                                ?_Delay_1Second 0070                             __size_of_Pulse_Pin7 0007  
                            __end_of_Delay_10ms 0128                      ?_Run_Initial_Pin7_Sequence 0070  
                                ?_Delay_Seconds 0070                      Delay_1Second@overflowCount 0071  
                                __end_of___wmul 0077               __end_of_Run_Initial_Pin7_Sequence 0135  
                           start_initialization 0005                                 ??_Delay_1Second 0070  
                                      ??___wmul 0074                 ??_Pin5_Remains_High_For_Seconds 0076  
                            _Pin5_Is_Stable_Low 00B3                                       ___latbits 0000  
                                  ??_Pulse_Pin7 0073                                 ??_Delay_Seconds 0072  
                           ?_Pin5_Is_Stable_Low 0070                     __end_of_Pin5_Is_Stable_High 00B3  
                            __end_of_Pulse_Pin7 012F                            ??_Pin5_Is_Stable_Low 0070  
                             _Initialize_Device 0077                              ?_Initialize_Device 0070  
                           ??_Initialize_Device 0070                                  ___wmul@product 0074  
                                      _GPIObits 0005                       __end_of_Initialize_Device 0099  
                             ___wmul@multiplier 0070                     ??_Run_Initial_Pin7_Sequence 0073  
         __end_of_Pin5_Remains_High_For_Seconds 0052          __size_of_Pin5_Remains_High_For_Seconds 004B  
                 _Pin5_Remains_High_For_Seconds 0007                  Pin5_Is_Stable_High@sampleCount 0071  
                   __size_of_Wait_For_Pin5_High 000E                                        __ptext10 00B3  
                                      __ptext11 011E                                        __ptext12 0077  
                                 __size_of_main 0015                       _Run_Initial_Pin7_Sequence 012F  
                    __size_of_Initialize_Device 0022                                      _INTCONbits 000B  
                         __end_of_Delay_1Second 00F7                                      _OSCCONbits 008F  
                          Delay_Seconds@seconds 0072                           __end_of_Delay_Seconds 011E  
