Microchip MPLAB XC8 Compiler V2.31

Linker command line:

-W-3 --edf=C:\Program Files\Microchip\xc8\v2.31\pic\dat\en_msgs.txt -cn \
  -h+dist/default/production\I-Tank_Auto-Flush_RTC_40mins-30secs.X.production.sym \
  --cmf=dist/default/production\I-Tank_Auto-Flush_RTC_40mins-30secs.X.production.cmf \
  -z -Q12F683 -oC:\Users\RealTech\AppData\Local\Temp\sfdk.2 \
  --defsym=__MPLAB_BUILD=1 \
  -Mdist/default/production/I-Tank_Auto-Flush_RTC_40mins-30secs.X.production.map \
  -E1 -ver=XC8 Compiler --acfsm=1493 -ASTACK=03Dh-06Fh -pstack=STACK \
  -ACODE=00h-07FFh -ASTRCODE=00h-07FFh -ASTRING=00h-0FFhx8 \
  -ACONST=00h-0FFhx8 -AENTRY=00h-0FFhx8 -ACOMMON=070h-07Fh \
  -ABANK0=020h-06Fh -ABANK1=0A0h-0BFh -ARAM=020h-06Fh,0A0h-0BFh \
  -AABS1=020h-07Fh,0A0h-0BFh -ASFR0=00h-01Fh -ASFR1=080h-09Fh \
  -ACONFIG=02007h-02007h -DCONFIG=2 -AIDLOC=02000h-02003h -DIDLOC=2 \
  -AEEDATA=00h-0FFh/02100h -peeprom_data=EEDATA -DEEDATA=2 -DCODE=2 \
  -DSTRCODE=2 -DSTRING=2 -DCONST=2 -DENTRY=2 \
  -preset_vec=00h,intentry,init,end_init -ppowerup=CODE -pcinit=CODE \
  -pfunctab=ENTRY -k C:\Users\RealTech\AppData\Local\Temp\sfdk.o \
  dist/default/production\I-Tank_Auto-Flush_RTC_40mins-30secs.X.production.o 

Object code version is 3.11

Machine type is 12F683



                Name                               Link     Load   Length Selector   Space Scale
C:\Users\RealTech\AppData\Local\Temp\sfdk.o
                end_init                              0        0        1        0       0
                config                             2007     2007        1        0       4
dist/default/production\I-Tank_Auto-Flush_RTC_40mins-30secs.X.production.o
                cinit                               7FE      7FE        2      FFC       0
                config                             2007     2007        1        0       4
                text40                              457      457       36      8AE       0
                text39                              2D3      2D3       15      5A6       0
                text38                              301      301       1B      602       0
                text37                              2C5      2C5        E      58A       0
                text36                              256      256        5      4AC       0
                text35                              23E      23E        3      47C       0
                text34                              25B      25B        5      4B6       0
                text33                              24A      24A        4      494       0
                text32                              241      241        3      482       0
                text31                              3FF      3FF       2B      7FE       0
                text30                              26C      26C        8      4D8       0
                text29                              265      265        7      4CA       0
                text28                              42A      42A       2D      854       0
                text27                              733      733       CB      E66       0
                text26                              274      274        8      4E8       0
                text25                              2AB      2AB        D      556       0
                text24                              24E      24E        4      49C       0
                text23                              5A1      5A1       61      B42       0
                text22                              244      244        3      488       0
                text21                              31C      31C       22      638       0
                text20                              295      295        B      52A       0
                text19                              27C      27C        8      4F8       0
                text18                              602      602       94      C04       0
                text17                              3AD      3AD       29      75A       0
                text16                              4FE      4FE       48      9FC       0
                text15                              28C      28C        9      518       0
                text14                              2E8      2E8       19      5D0       0
                text13                              3D6      3D6       29      7AC       0
                text12                              252      252        4      4A4       0
                text11                              387      387       26      70E       0
                text10                              4C4      4C4       3A      988       0
                text9                               362      362       25      6C4       0
                text8                               48D      48D       37      91A       0
                text7                               2B8      2B8        D      570       0
                text6                               2A0      2A0        B      540       0
                text5                               247      247        3      48E       0
                text4                               260      260        5      4C0       0
                text3                               284      284        8      508       0
                text2                               33E      33E       24      67C       0
                text1                               546      546       5B      A8C       0
                maintext                            696      696       9D      D2C       0
                cstackBANK0                          20       20       1D       20       1
                cstackCOMMON                         70       70        E       70       1

TOTAL           Name                               Link     Load   Length     Space
        CLASS   STACK          

        CLASS   CODE           
                end_init                              0        0        1         0
                cinit                               7FE      7FE        2         0
                text40                              457      457       36         0
                text39                              2D3      2D3       15         0
                text38                              301      301       1B         0
                text37                              2C5      2C5        E         0
                text36                              256      256        5         0
                text35                              23E      23E        3         0
                text34                              25B      25B        5         0
                text33                              24A      24A        4         0
                text32                              241      241        3         0
                text31                              3FF      3FF       2B         0
                text30                              26C      26C        8         0
                text29                              265      265        7         0
                text28                              42A      42A       2D         0
                text27                              733      733       CB         0
                text26                              274      274        8         0
                text25                              2AB      2AB        D         0
                text24                              24E      24E        4         0
                text23                              5A1      5A1       61         0
                text22                              244      244        3         0
                text21                              31C      31C       22         0
                text20                              295      295        B         0
                text19                              27C      27C        8         0
                text18                              602      602       94         0
                text17                              3AD      3AD       29         0
                text16                              4FE      4FE       48         0
                text15                              28C      28C        9         0
                text14                              2E8      2E8       19         0
                text13                              3D6      3D6       29         0
                text12                              252      252        4         0
                text11                              387      387       26         0
                text10                              4C4      4C4       3A         0
                text9                               362      362       25         0
                text8                               48D      48D       37         0
                text7                               2B8      2B8        D         0
                text6                               2A0      2A0        B         0
                text5                               247      247        3         0
                text4                               260      260        5         0
                text3                               284      284        8         0
                text2                               33E      33E       24         0
                text1                               546      546       5B         0
                maintext                            696      696       9D         0

        CLASS   STRCODE        

        CLASS   STRING         

        CLASS   CONST          

        CLASS   ENTRY          

        CLASS   COMMON         
                cstackCOMMON                         70       70        E         1

        CLASS   BANK0          
                cstackBANK0                          20       20       1D         1

        CLASS   BANK1          

        CLASS   RAM            

        CLASS   ABS1           
                abs_s1                               7E       7E        2         1

        CLASS   SFR0           

        CLASS   SFR1           

        CLASS   CONFIG         
                config                             2007     2007        1         4

        CLASS   IDLOC          

        CLASS   EEDATA         



SEGMENTS        Name                           Load    Length   Top    Selector   Space  Class     Delta

                reset_vec                      000000  000001  000001         0       0  CODE        2
                cstackBANK0                    000020  00001D  00003D        20       1  BANK0       1
                cstackCOMMON                   000070  00000E  00007E        70       1  COMMON      1
                text35                         00023E  000003  000241       47C       0  CODE        2
                text32                         000241  000003  000244       482       0  CODE        2
                text22                         000244  000003  000247       488       0  CODE        2
                text5                          000247  000003  00024A       48E       0  CODE        2
                text33                         00024A  000004  00024E       494       0  CODE        2
                text24                         00024E  000004  000252       49C       0  CODE        2
                text12                         000252  000004  000256       4A4       0  CODE        2
                text36                         000256  000005  00025B       4AC       0  CODE        2
                text34                         00025B  000005  000260       4B6       0  CODE        2
                text4                          000260  000005  000265       4C0       0  CODE        2
                text29                         000265  000007  00026C       4CA       0  CODE        2
                text30                         00026C  000008  000274       4D8       0  CODE        2
                text26                         000274  000008  00027C       4E8       0  CODE        2
                text19                         00027C  000008  000284       4F8       0  CODE        2
                text3                          000284  000008  00028C       508       0  CODE        2
                text15                         00028C  000009  000295       518       0  CODE        2
                text20                         000295  00000B  0002A0       52A       0  CODE        2
                text6                          0002A0  00000B  0002AB       540       0  CODE        2
                text25                         0002AB  00000D  0002B8       556       0  CODE        2
                text7                          0002B8  00000D  0002C5       570       0  CODE        2
                text37                         0002C5  00000E  0002D3       58A       0  CODE        2
                text39                         0002D3  000015  0002E8       5A6       0  CODE        2
                text14                         0002E8  000019  000301       5D0       0  CODE        2
                text38                         000301  00001B  00031C       602       0  CODE        2
                text21                         00031C  000022  00033E       638       0  CODE        2
                text2                          00033E  000024  000362       67C       0  CODE        2
                text9                          000362  000025  000387       6C4       0  CODE        2
                text11                         000387  000026  0003AD       70E       0  CODE        2
                text17                         0003AD  000029  0003D6       75A       0  CODE        2
                text13                         0003D6  000029  0003FF       7AC       0  CODE        2
                text31                         0003FF  00002B  00042A       7FE       0  CODE        2
                text28                         00042A  00002D  000457       854       0  CODE        2
                text40                         000457  000036  00048D       8AE       0  CODE        2
                text8                          00048D  000037  0004C4       91A       0  CODE        2
                text10                         0004C4  00003A  0004FE       988       0  CODE        2
                text16                         0004FE  000048  000546       9FC       0  CODE        2
                text1                          000546  00005B  0005A1       A8C       0  CODE        2
                text23                         0005A1  000061  000602       B42       0  CODE        2
                text18                         000602  000094  000696       C04       0  CODE        2
                maintext                       000696  00009D  000733       D2C       0  CODE        2
                text27                         000733  0000CB  0007FE       E66       0  CODE        2
                cinit                          0007FE  000002  000800       FFC       0  CODE        2


UNUSED ADDRESS RANGES

        Name                Unused          Largest block    Delta
        BANK0            003D-006F             33           1
        BANK1            00A0-00BF             20           1
        CODE             0001-023D            23D           2
        CONST            0001-023D            100           2
        EEDATA           2100-21FF            100           2
        ENTRY            0001-023D            100           2
        IDLOC            2000-2003              4           2
        RAM              003D-006F             33           1
                         00A0-00BF             20
        SFR0             0000-001F             20           1
        SFR1             0080-009F             20           1
        STACK            003D-006F             33           1
        STRCODE          0001-023D            23D           2
        STRING           0001-023D            100           2

                                  Symbol Table

?___lwmod                                     cstackCOMMON 0070
?___wmul                                      cstackCOMMON 0070
Already_Triggered_This_Minute@last_date       cstackCOMMON 0072
Already_Triggered_This_Minute@last_hour       cstackCOMMON 0070
Already_Triggered_This_Minute@last_minute     cstackCOMMON 0071
Already_Triggered_This_Minute@last_month      cstackCOMMON 0073
Already_Triggered_This_Minute@last_year       cstackCOMMON 0074
Already_Triggered_This_Minute@now             cstackCOMMON 0075
BCD_To_Dec@bcd                                cstackCOMMON 0078
BCD_To_Dec@ones                               cstackCOMMON 0077
BCD_To_Dec@tens                               cstackCOMMON 0076
DS3231_ReadTime@hour_12                       cstackBANK0  0028
DS3231_ReadTime@is_pm                         cstackBANK0  0026
DS3231_ReadTime@raw_date                      cstackBANK0  0023
DS3231_ReadTime@raw_day                       cstackBANK0  0022
DS3231_ReadTime@raw_hour                      cstackBANK0  0027
DS3231_ReadTime@raw_minute                    cstackBANK0  0021
DS3231_ReadTime@raw_month                     cstackBANK0  0024
DS3231_ReadTime@raw_second                    cstackBANK0  0020
DS3231_ReadTime@raw_year                      cstackBANK0  0025
DS3231_ReadTime@time                          cstackBANK0  0029
DS3231_ReadTime_With_Retry@attempt            cstackCOMMON 007B
DS3231_ReadTime_With_Retry@time               cstackCOMMON 007C
Delay_Approx_1s@i                             cstackCOMMON 0071
Delay_Approx_250ms@i                          cstackCOMMON 0071
Delay_Seconds@seconds                         cstackCOMMON 0072
EEPROM_Load_Last_Trigger@checksum             cstackBANK0  0020
EEPROM_Load_Last_Trigger@date                 cstackBANK0  0025
EEPROM_Load_Last_Trigger@hour                 cstackBANK0  0022
EEPROM_Load_Last_Trigger@last_date            cstackCOMMON 0076
EEPROM_Load_Last_Trigger@last_hour            cstackBANK0  0021
EEPROM_Load_Last_Trigger@last_minute          cstackCOMMON 0075
EEPROM_Load_Last_Trigger@last_month           cstackCOMMON 0077
EEPROM_Load_Last_Trigger@last_year            cstackCOMMON 0078
EEPROM_Load_Last_Trigger@minute               cstackBANK0  0023
EEPROM_Load_Last_Trigger@month                cstackBANK0  0026
EEPROM_Load_Last_Trigger@year                 cstackBANK0  0024
EEPROM_ReadByte@address                       cstackCOMMON 0070
EEPROM_Save_Last_Trigger@checksum             cstackBANK0  0020
EEPROM_Save_Last_Trigger@date                 cstackCOMMON 0076
EEPROM_Save_Last_Trigger@hour                 cstackBANK0  0021
EEPROM_Save_Last_Trigger@minute               cstackCOMMON 0075
EEPROM_Save_Last_Trigger@month                cstackCOMMON 0077
EEPROM_Save_Last_Trigger@year                 cstackCOMMON 0078
EEPROM_WriteByte@address                      cstackCOMMON 0073
EEPROM_WriteByte@gie_was_enabled              cstackCOMMON 0072
EEPROM_WriteByte@value                        cstackCOMMON 0071
I2C_Delay@i                                   cstackCOMMON 0071
I2C_ReadByte@data                             cstackCOMMON 0074
I2C_ReadByte@i                                cstackCOMMON 0075
I2C_ReadByte@send_ack                         cstackCOMMON 0073
I2C_WriteByte@ack                             cstackCOMMON 0074
I2C_WriteByte@data                            cstackCOMMON 0073
I2C_WriteByte@i                               cstackCOMMON 0075
Is_Allowed_Day_And_Hour@now                   cstackCOMMON 0074
Is_Hour_Window_Enabled@dip2_enabled           cstackCOMMON 0071
Is_Hour_Window_Enabled@hour                   cstackCOMMON 0072
Is_Hour_Window_Enabled@minute                 cstackCOMMON 0070
Is_Scheduled_Relay_Time@minutes_from_midnight cstackCOMMON 0078
Is_Scheduled_Relay_Time@now                   cstackCOMMON 007A
RTC_Time_Is_Valid@time                        cstackCOMMON 0070
Relay_Test_Cycle@dip1_on                      cstackCOMMON 0077
Relay_Test_Cycle@dip2_on                      cstackCOMMON 0078
Relay_Test_Cycle@off_seconds                  cstackCOMMON 0075
Relay_Test_Cycle@on_seconds                   cstackCOMMON 0076
Test_Delay_Seconds_Abortable@sec              cstackCOMMON 0072
Test_Delay_Seconds_Abortable@seconds          cstackCOMMON 0071
Test_Delay_Seconds_Abortable@slice            cstackCOMMON 0073
Trigger_Checksum@date                         cstackCOMMON 0071
Trigger_Checksum@hour                         cstackCOMMON 0074
Trigger_Checksum@minute                       cstackCOMMON 0070
Trigger_Checksum@month                        cstackCOMMON 0072
Trigger_Checksum@year                         cstackCOMMON 0073
_ADCON0                                       (abs)        001F
_ANSEL                                        (abs)        009F
_Already_Triggered_This_Minute                text40       0457
_BCD_To_Dec                                   text38       0301
_CMCON0                                       (abs)        0019
_DS3231_ReadTime                              text27       0733
_DS3231_ReadTime_With_Retry                   text21       031C
_Delay_Approx_1s                              text7        02B8
_Delay_Approx_250ms                           text25       02AB
_Delay_Approx_65ms                            text26       0274
_Delay_Seconds                                text6        02A0
_EEADR                                        (abs)        009B
_EECON1bits                                   (abs)        009C
_EECON2                                       (abs)        009D
_EEDAT                                        (abs)        009A
_EEPROM_Load_Last_Trigger                     text18       0602
_EEPROM_ReadByte                              text20       0295
_EEPROM_Save_Last_Trigger                     text16       04FE
_EEPROM_WriteByte                             text17       03AD
_GPIO                                         (abs)        0005
_GPIObits                                     (abs)        0005
_I2C_Delay                                    text37       02C5
_I2C_Init                                     text24       024E
_I2C_ReadByte                                 text31       03FF
_I2C_Start                                    text30       026C
_I2C_Stop                                     text29       0265
_I2C_WriteByte                                text28       042A
_INTCONbits                                   (abs)        000B
_Init_Device                                  text14       02E8
_Is_Allowed_Day_And_Hour                      text11       0387
_Is_Hour_Window_Enabled                       text13       03D6
_Is_Scheduled_Relay_Time                      text8        048D
_Is_Sunday_Enabled                            text12       0252
_Is_Test_Mode_Enabled                         text3        0284
_OPTION_REGbits                               (abs)        0081
_OSCCONbits                                   (abs)        008F
_RTC_Time_Is_Valid                            text23       05A1
_Relay_Off                                    text22       0244
_Relay_On                                     text5        0247
_Relay_Reset_Pulse                            text4        0260
_Relay_Test_Cycle                             text1        0546
_SCL_Low                                      text36       0256
_SCL_Release                                  text35       023E
_SDA_Low                                      text34       025B
_SDA_Read                                     text33       024A
_SDA_Release                                  text32       0241
_TMR0                                         (abs)        0001
_TRISIObits                                   (abs)        0085
_Test_Delay_Seconds_Abortable                 text2        033E
_Timer0_Init_For_Delay                        text15       028C
_Trigger_Checksum                             text19       027C
__Habs1                                       abs1         0000
__Hbank0                                      bank0        0000
__Hbank1                                      bank1        0000
__Hcinit                                      cinit        0800
__Hclrtext                                    clrtext      0000
__Hcode                                       code         0000
__Hcommon                                     common       0000
__Hconfig                                     config       2008
__HcstackBANK0                                cstackBANK0  0000
__HcstackCOMMON                               cstackCOMMON 0000
__Heeprom_data                                eeprom_data  0000
__Hend_init                                   end_init     0001
__Hfunctab                                    functab      0000
__Hinit                                       init         0000
__Hintentry                                   intentry     0000
__Hmaintext                                   maintext     0000
__Hpowerup                                    powerup      0000
__Hram                                        ram          0000
__Hreset_vec                                  reset_vec    0000
__Hsfr0                                       sfr0         0000
__Hsfr1                                       sfr1         0000
__Hspace_0                                    (abs)        0800
__Hspace_1                                    (abs)        007E
__Hspace_2                                    (abs)        0000
__Hspace_3                                    (abs)        0000
__Hspace_4                                    (abs)        400F
__Hstack                                      stack        0000
__Hstrings                                    strings      0000
__Htext                                       text         0000
__Labs1                                       abs1         0000
__Lbank0                                      bank0        0000
__Lbank1                                      bank1        0000
__Lcinit                                      cinit        07FE
__Lclrtext                                    clrtext      0000
__Lcode                                       code         0000
__Lcommon                                     common       0000
__Lconfig                                     config       0000
__LcstackBANK0                                cstackBANK0  0000
__LcstackCOMMON                               cstackCOMMON 0000
__Leeprom_data                                eeprom_data  0000
__Lend_init                                   end_init     0000
__Lfunctab                                    functab      0000
__Linit                                       init         0000
__Lintentry                                   intentry     0000
__Lmaintext                                   maintext     0000
__Lpowerup                                    powerup      0000
__Lram                                        ram          0000
__Lreset_vec                                  reset_vec    0000
__Lsfr0                                       sfr0         0000
__Lsfr1                                       sfr1         0000
__Lspace_0                                    (abs)        0000
__Lspace_1                                    (abs)        0000
__Lspace_2                                    (abs)        0000
__Lspace_3                                    (abs)        0000
__Lspace_4                                    (abs)        0000
__Lstack                                      stack        0000
__Lstrings                                    strings      0000
__Ltext                                       text         0000
__S0                                          (abs)        0800
__S1                                          (abs)        007E
__S2                                          (abs)        0000
__S3                                          (abs)        0000
___bmul                                       text39       02D3
___bmul@multiplicand                          cstackCOMMON 0070
___bmul@multiplier                            cstackCOMMON 0073
___bmul@product                               cstackCOMMON 0072
___int_sp                                     stack        0000
___latbits                                    (abs)        0000
___lwmod                                      text10       04C4
___lwmod@counter                              cstackCOMMON 0075
___lwmod@dividend                             cstackCOMMON 0072
___lwmod@divisor                              cstackCOMMON 0070
___sp                                         stack        0000
___stackhi                                    (abs)        0000
___stacklo                                    (abs)        0000
___wmul                                       text9        0362
___wmul@multiplicand                          cstackCOMMON 0072
___wmul@multiplier                            cstackCOMMON 0070
___wmul@product                               cstackCOMMON 0074
__end_of_Already_Triggered_This_Minute        text40       048D
__end_of_BCD_To_Dec                           text38       031C
__end_of_DS3231_ReadTime                      text27       07FE
__end_of_DS3231_ReadTime_With_Retry           text21       033E
__end_of_Delay_Approx_1s                      text7        02C5
__end_of_Delay_Approx_250ms                   text25       02B8
__end_of_Delay_Approx_65ms                    text26       027C
__end_of_Delay_Seconds                        text6        02AB
__end_of_EEPROM_Load_Last_Trigger             text18       0696
__end_of_EEPROM_ReadByte                      text20       02A0
__end_of_EEPROM_Save_Last_Trigger             text16       0546
__end_of_EEPROM_WriteByte                     text17       03D6
__end_of_I2C_Delay                            text37       02D3
__end_of_I2C_Init                             text24       0252
__end_of_I2C_ReadByte                         text31       042A
__end_of_I2C_Start                            text30       0274
__end_of_I2C_Stop                             text29       026C
__end_of_I2C_WriteByte                        text28       0457
__end_of_Init_Device                          text14       0301
__end_of_Is_Allowed_Day_And_Hour              text11       03AD
__end_of_Is_Hour_Window_Enabled               text13       03FF
__end_of_Is_Scheduled_Relay_Time              text8        04C4
__end_of_Is_Sunday_Enabled                    text12       0256
__end_of_Is_Test_Mode_Enabled                 text3        028C
__end_of_RTC_Time_Is_Valid                    text23       0602
__end_of_Relay_Off                            text22       0247
__end_of_Relay_On                             text5        024A
__end_of_Relay_Reset_Pulse                    text4        0265
__end_of_Relay_Test_Cycle                     text1        05A1
__end_of_SCL_Low                              text36       025B
__end_of_SCL_Release                          text35       0241
__end_of_SDA_Low                              text34       0260
__end_of_SDA_Read                             text33       024E
__end_of_SDA_Release                          text32       0244
__end_of_Test_Delay_Seconds_Abortable         text2        0362
__end_of_Timer0_Init_For_Delay                text15       0295
__end_of_Trigger_Checksum                     text19       0284
__end_of___bmul                               text39       02E8
__end_of___lwmod                              text10       04FE
__end_of___wmul                               text9        0387
__end_of__initialization                      cinit        07FE
__end_of_main                                 maintext     0733
__initialization                              cinit        07FE
__pcstackBANK0                                cstackBANK0  0020
__pcstackCOMMON                               cstackCOMMON 0070
__pmaintext                                   maintext     0696
__ptext1                                      text1        0546
__ptext10                                     text10       04C4
__ptext11                                     text11       0387
__ptext12                                     text12       0252
__ptext13                                     text13       03D6
__ptext14                                     text14       02E8
__ptext15                                     text15       028C
__ptext16                                     text16       04FE
__ptext17                                     text17       03AD
__ptext18                                     text18       0602
__ptext19                                     text19       027C
__ptext2                                      text2        033E
__ptext20                                     text20       0295
__ptext21                                     text21       031C
__ptext22                                     text22       0244
__ptext23                                     text23       05A1
__ptext24                                     text24       024E
__ptext25                                     text25       02AB
__ptext26                                     text26       0274
__ptext27                                     text27       0733
__ptext28                                     text28       042A
__ptext29                                     text29       0265
__ptext3                                      text3        0284
__ptext30                                     text30       026C
__ptext31                                     text31       03FF
__ptext32                                     text32       0241
__ptext33                                     text33       024A
__ptext34                                     text34       025B
__ptext35                                     text35       023E
__ptext36                                     text36       0256
__ptext37                                     text37       02C5
__ptext38                                     text38       0301
__ptext39                                     text39       02D3
__ptext4                                      text4        0260
__ptext40                                     text40       0457
__ptext5                                      text5        0247
__ptext6                                      text6        02A0
__ptext7                                      text7        02B8
__ptext8                                      text8        048D
__ptext9                                      text9        0362
__size_of_Already_Triggered_This_Minute       (abs)        0000
__size_of_BCD_To_Dec                          (abs)        0000
__size_of_DS3231_ReadTime                     (abs)        0000
__size_of_DS3231_ReadTime_With_Retry          (abs)        0000
__size_of_Delay_Approx_1s                     (abs)        0000
__size_of_Delay_Approx_250ms                  (abs)        0000
__size_of_Delay_Approx_65ms                   (abs)        0000
__size_of_Delay_Seconds                       (abs)        0000
__size_of_EEPROM_Load_Last_Trigger            (abs)        0000
__size_of_EEPROM_ReadByte                     (abs)        0000
__size_of_EEPROM_Save_Last_Trigger            (abs)        0000
__size_of_EEPROM_WriteByte                    (abs)        0000
__size_of_I2C_Delay                           (abs)        0000
__size_of_I2C_Init                            (abs)        0000
__size_of_I2C_ReadByte                        (abs)        0000
__size_of_I2C_Start                           (abs)        0000
__size_of_I2C_Stop                            (abs)        0000
__size_of_I2C_WriteByte                       (abs)        0000
__size_of_Init_Device                         (abs)        0000
__size_of_Is_Allowed_Day_And_Hour             (abs)        0000
__size_of_Is_Hour_Window_Enabled              (abs)        0000
__size_of_Is_Scheduled_Relay_Time             (abs)        0000
__size_of_Is_Sunday_Enabled                   (abs)        0000
__size_of_Is_Test_Mode_Enabled                (abs)        0000
__size_of_RTC_Time_Is_Valid                   (abs)        0000
__size_of_Relay_Off                           (abs)        0000
__size_of_Relay_On                            (abs)        0000
__size_of_Relay_Reset_Pulse                   (abs)        0000
__size_of_Relay_Test_Cycle                    (abs)        0000
__size_of_SCL_Low                             (abs)        0000
__size_of_SCL_Release                         (abs)        0000
__size_of_SDA_Low                             (abs)        0000
__size_of_SDA_Read                            (abs)        0000
__size_of_SDA_Release                         (abs)        0000
__size_of_Test_Delay_Seconds_Abortable        (abs)        0000
__size_of_Timer0_Init_For_Delay               (abs)        0000
__size_of_Trigger_Checksum                    (abs)        0000
__size_of___bmul                              (abs)        0000
__size_of___lwmod                             (abs)        0000
__size_of___wmul                              (abs)        0000
__size_of_main                                (abs)        0000
_main                                         maintext     0696
btemp                                         (abs)        007E
end_of_initialization                         cinit        07FE
intlevel0                                     functab      0000
intlevel1                                     functab      0000
intlevel2                                     functab      0000
intlevel3                                     functab      0000
intlevel4                                     functab      0000
intlevel5                                     functab      0000
main@already_triggered                        cstackBANK0  0030
main@last_trigger_date                        cstackBANK0  0033
main@last_trigger_hour                        cstackBANK0  0031
main@last_trigger_minute                      cstackBANK0  0032
main@last_trigger_month                       cstackBANK0  0034
main@last_trigger_year                        cstackBANK0  0035
main@now                                      cstackBANK0  0036
reset_vec                                     reset_vec    0000
start                                         init         0000
start_initialization                          cinit        07FE
wtemp0                                        (abs)        007E


FUNCTION INFORMATION:

 *************** function _main *****************
 Defined at:
		line 1139 in file "I-Tank_Auto-Flush_RTC_40mins-30secs.c"
 Parameters:    Size  Location     Type
		None
 Auto vars:     Size  Location     Type
  already_trig    1   16[BANK0 ] _Bool 
  now             7   22[BANK0 ] struct .
  last_trigger    1   21[BANK0 ] unsigned char 
  last_trigger    1   20[BANK0 ] unsigned char 
  last_trigger    1   19[BANK0 ] unsigned char 
  last_trigger    1   18[BANK0 ] unsigned char 
  last_trigger    1   17[BANK0 ] unsigned char 
 Return value:  Size  Location     Type
                  1    wreg      void 
 Registers used:
		wreg, fsr0l, fsr0h, status,2, status,0, pclath, cstack
 Tracked objects:
		On entry : 
		On exit  : 
		Unchanged: 
 Data sizes:     COMMON   BANK0   BANK1
      Params:         0       0       0
      Locals:         0      13       0
      Temps:          0       6       0
      Totals:         0      19       0
Total ram usage:       19 bytes
 Hardware stack levels required when called:    4
 This function calls:
		_Already_Triggered_This_Minute
		_DS3231_ReadTime_With_Retry
		_Delay_Approx_1s
		_Delay_Approx_250ms
		_Delay_Seconds
		_EEPROM_Load_Last_Trigger
		_EEPROM_Save_Last_Trigger
		_I2C_Init
		_Init_Device
		_Is_Scheduled_Relay_Time
		_Is_Test_Mode_Enabled
		_Relay_Off
		_Relay_Reset_Pulse
		_Relay_Test_Cycle
 This function is called by:
		Startup code after reset
 This function uses a non-reentrant model


 *************** function _Relay_Test_Cycle *****************
 Defined at:
		line 287 in file "I-Tank_Auto-Flush_RTC_40mins-30secs.c"
 Parameters:    Size  Location     Type
		None
 Auto vars:     Size  Location     Type
  dip2_on         1    8[COMMON] _Bool 
  dip1_on         1    7[COMMON] _Bool 
  on_seconds      1    6[COMMON] unsigned char 
  off_seconds     1    5[COMMON] unsigned char 
 Return value:  Size  Location     Type
                  1    wreg      void 
 Registers used:
		wreg, status,2, status,0, pclath, cstack
 Tracked objects:
		On entry : 
		On exit  : 
		Unchanged: 
 Data sizes:     COMMON   BANK0   BANK1
      Params:         0       0       0
      Locals:         4       0       0
      Temps:          1       0       0
      Totals:         5       0       0
Total ram usage:        5 bytes
 Hardware stack levels used:    1
 Hardware stack levels required when called:    2
 This function calls:
		_Delay_Approx_250ms
		_Is_Test_Mode_Enabled
		_Relay_Off
		_Relay_On
		_Test_Delay_Seconds_Abortable
 This function is called by:
		_main
 This function uses a non-reentrant model


 *************** function _Test_Delay_Seconds_Abortable *****************
 Defined at:
		line 263 in file "I-Tank_Auto-Flush_RTC_40mins-30secs.c"
 Parameters:    Size  Location     Type
  seconds         1    wreg     unsigned char 
 Auto vars:     Size  Location     Type
  seconds         1    1[COMMON] unsigned char 
  slice           1    3[COMMON] unsigned char 
  sec             1    2[COMMON] unsigned char 
 Return value:  Size  Location     Type
                  1    wreg      _Bool 
 Registers used:
		wreg, status,2, status,0, pclath, cstack
 Tracked objects:
		On entry : 
		On exit  : 
		Unchanged: 
 Data sizes:     COMMON   BANK0   BANK1
      Params:         0       0       0
      Locals:         3       0       0
      Temps:          1       0       0
      Totals:         4       0       0
Total ram usage:        4 bytes
 Hardware stack levels used:    1
 Hardware stack levels required when called:    1
 This function calls:
		_Delay_Approx_65ms
		_Is_Test_Mode_Enabled
		_Relay_Off
 This function is called by:
		_Relay_Test_Cycle
 This function uses a non-reentrant model


 *************** function _Is_Test_Mode_Enabled *****************
 Defined at:
		line 1024 in file "I-Tank_Auto-Flush_RTC_40mins-30secs.c"
 Parameters:    Size  Location     Type
		None
 Auto vars:     Size  Location     Type
		None
 Return value:  Size  Location     Type
                  1    wreg      _Bool 
 Registers used:
		wreg, status,0
 Tracked objects:
		On entry : 
		On exit  : 
		Unchanged: 
 Data sizes:     COMMON   BANK0   BANK1
      Params:         0       0       0
      Locals:         0       0       0
      Temps:          0       0       0
      Totals:         0       0       0
Total ram usage:        0 bytes
 Hardware stack levels used:    1
 This function calls:
		Nothing
 This function is called by:
		_Test_Delay_Seconds_Abortable
		_Relay_Test_Cycle
		_main
 This function uses a non-reentrant model


 *************** function _Relay_Reset_Pulse *****************
 Defined at:
		line 250 in file "I-Tank_Auto-Flush_RTC_40mins-30secs.c"
 Parameters:    Size  Location     Type
		None
 Auto vars:     Size  Location     Type
		None
 Return value:  Size  Location     Type
                  1    wreg      void 
 Registers used:
		wreg, status,2, status,0, pclath, cstack
 Tracked objects:
		On entry : 
		On exit  : 
		Unchanged: 
 Data sizes:     COMMON   BANK0   BANK1
      Params:         0       0       0
      Locals:         0       0       0
      Temps:          0       0       0
      Totals:         0       0       0
Total ram usage:        0 bytes
 Hardware stack levels used:    1
 Hardware stack levels required when called:    3
 This function calls:
		_Delay_Seconds
		_Relay_Off
		_Relay_On
 This function is called by:
		_main
 This function uses a non-reentrant model


 *************** function _Relay_On *****************
 Defined at:
		line 240 in file "I-Tank_Auto-Flush_RTC_40mins-30secs.c"
 Parameters:    Size  Location     Type
		None
 Auto vars:     Size  Location     Type
		None
 Return value:  Size  Location     Type
                  1    wreg      void 
 Registers used:
		None
 Tracked objects:
		On entry : 
		On exit  : 
		Unchanged: 
 Data sizes:     COMMON   BANK0   BANK1
      Params:         0       0       0
      Locals:         0       0       0
      Temps:          0       0       0
      Totals:         0       0       0
Total ram usage:        0 bytes
 Hardware stack levels used:    1
 This function calls:
		Nothing
 This function is called by:
		_Relay_Reset_Pulse
		_Relay_Test_Cycle
 This function uses a non-reentrant model


 *************** function _Delay_Seconds *****************
 Defined at:
		line 396 in file "I-Tank_Auto-Flush_RTC_40mins-30secs.c"
 Parameters:    Size  Location     Type
  seconds         1    wreg     unsigned char 
 Auto vars:     Size  Location     Type
  seconds         1    2[COMMON] unsigned char 
 Return value:  Size  Location     Type
                  1    wreg      void 
 Registers used:
		wreg, status,2, status,0, pclath, cstack
 Tracked objects:
		On entry : 
		On exit  : 
		Unchanged: 
 Data sizes:     COMMON   BANK0   BANK1
      Params:         0       0       0
      Locals:         1       0       0
      Temps:          0       0       0
      Totals:         1       0       0
Total ram usage:        1 bytes
 Hardware stack levels used:    1
 Hardware stack levels required when called:    2
 This function calls:
		_Delay_Approx_1s
 This function is called by:
		_Relay_Reset_Pulse
		_main
		_Safe_Fault_Idle_Forever
 This function uses a non-reentrant model


 *************** function _Delay_Approx_1s *****************
 Defined at:
		line 386 in file "I-Tank_Auto-Flush_RTC_40mins-30secs.c"
 Parameters:    Size  Location     Type
		None
 Auto vars:     Size  Location     Type
  i               1    1[COMMON] unsigned char 
 Return value:  Size  Location     Type
                  1    wreg      void 
 Registers used:
		wreg, status,2, status,0, pclath, cstack
 Tracked objects:
		On entry : 
		On exit  : 
		Unchanged: 
 Data sizes:     COMMON   BANK0   BANK1
      Params:         0       0       0
      Locals:         1       0       0
      Temps:          1       0       0
      Totals:         2       0       0
Total ram usage:        2 bytes
 Hardware stack levels used:    1
 Hardware stack levels required when called:    1
 This function calls:
		_Delay_Approx_65ms
 This function is called by:
		_Delay_Seconds
		_main
 This function uses a non-reentrant model


 *************** function _Is_Scheduled_Relay_Time *****************
 Defined at:
		line 1046 in file "I-Tank_Auto-Flush_RTC_40mins-30secs.c"
 Parameters:    Size  Location     Type
  now             1    wreg     PTR const struct .
		 -> main@now(7), 
 Auto vars:     Size  Location     Type
  now             1   10[COMMON] PTR const struct .
		 -> main@now(7), 
  minutes_from    2    8[COMMON] unsigned int 
 Return value:  Size  Location     Type
                  1    wreg      _Bool 
 Registers used:
		wreg, fsr0l, fsr0h, status,2, status,0, pclath, cstack
 Tracked objects:
		On entry : 
		On exit  : 
		Unchanged: 
 Data sizes:     COMMON   BANK0   BANK1
      Params:         0       0       0
      Locals:         3       0       0
      Temps:          2       0       0
      Totals:         5       0       0
Total ram usage:        5 bytes
 Hardware stack levels used:    1
 Hardware stack levels required when called:    2
 This function calls:
		_Is_Allowed_Day_And_Hour
		___lwmod
		___wmul
 This function is called by:
		_main
 This function uses a non-reentrant model


 *************** function ___wmul *****************
 Defined at:
		line 15 in file "C:\Program Files\Microchip\xc8\v2.31\pic\sources\c90\common\Umul16.c"
 Parameters:    Size  Location     Type
  multiplier      2    0[COMMON] unsigned int 
  multiplicand    2    2[COMMON] unsigned int 
 Auto vars:     Size  Location     Type
  product         2    4[COMMON] unsigned int 
 Return value:  Size  Location     Type
                  2    0[COMMON] unsigned int 
 Registers used:
		wreg, status,2, status,0
 Tracked objects:
		On entry : 
		On exit  : 
		Unchanged: 
 Data sizes:     COMMON   BANK0   BANK1
      Params:         4       0       0
      Locals:         2       0       0
      Temps:          0       0       0
      Totals:         6       0       0
Total ram usage:        6 bytes
 Hardware stack levels used:    1
 This function calls:
		Nothing
 This function is called by:
		_Is_Scheduled_Relay_Time
 This function uses a non-reentrant model


 *************** function ___lwmod *****************
 Defined at:
		line 5 in file "C:\Program Files\Microchip\xc8\v2.31\pic\sources\c90\common\lwmod.c"
 Parameters:    Size  Location     Type
  divisor         2    0[COMMON] unsigned int 
  dividend        2    2[COMMON] unsigned int 
 Auto vars:     Size  Location     Type
  counter         1    5[COMMON] unsigned char 
 Return value:  Size  Location     Type
                  2    0[COMMON] unsigned int 
 Registers used:
		wreg, status,2, status,0
 Tracked objects:
		On entry : 
		On exit  : 
		Unchanged: 
 Data sizes:     COMMON   BANK0   BANK1
      Params:         4       0       0
      Locals:         1       0       0
      Temps:          1       0       0
      Totals:         6       0       0
Total ram usage:        6 bytes
 Hardware stack levels used:    1
 This function calls:
		Nothing
 This function is called by:
		_Is_Scheduled_Relay_Time
 This function uses a non-reentrant model


 *************** function _Is_Allowed_Day_And_Hour *****************
 Defined at:
		line 1029 in file "I-Tank_Auto-Flush_RTC_40mins-30secs.c"
 Parameters:    Size  Location     Type
  now             1    wreg     PTR const struct .
		 -> main@now(7), 
 Auto vars:     Size  Location     Type
  now             1    4[COMMON] PTR const struct .
		 -> main@now(7), 
 Return value:  Size  Location     Type
                  1    wreg      _Bool 
 Registers used:
		wreg, fsr0l, fsr0h, status,2, status,0, pclath, cstack
 Tracked objects:
		On entry : 
		On exit  : 
		Unchanged: 
 Data sizes:     COMMON   BANK0   BANK1
      Params:         0       0       0
      Locals:         1       0       0
      Temps:          1       0       0
      Totals:         2       0       0
Total ram usage:        2 bytes
 Hardware stack levels used:    1
 Hardware stack levels required when called:    1
 This function calls:
		_Is_Hour_Window_Enabled
		_Is_Sunday_Enabled
 This function is called by:
		_Is_Scheduled_Relay_Time
 This function uses a non-reentrant model


 *************** function _Is_Sunday_Enabled *****************
 Defined at:
		line 986 in file "I-Tank_Auto-Flush_RTC_40mins-30secs.c"
 Parameters:    Size  Location     Type
		None
 Auto vars:     Size  Location     Type
		None
 Return value:  Size  Location     Type
                  1    wreg      _Bool 
 Registers used:
		wreg, status,2, status,0
 Tracked objects:
		On entry : 
		On exit  : 
		Unchanged: 
 Data sizes:     COMMON   BANK0   BANK1
      Params:         0       0       0
      Locals:         0       0       0
      Temps:          0       0       0
      Totals:         0       0       0
Total ram usage:        0 bytes
 Hardware stack levels used:    1
 This function calls:
		Nothing
 This function is called by:
		_Is_Allowed_Day_And_Hour
 This function uses a non-reentrant model


 *************** function _Is_Hour_Window_Enabled *****************
 Defined at:
		line 991 in file "I-Tank_Auto-Flush_RTC_40mins-30secs.c"
 Parameters:    Size  Location     Type
  hour            1    wreg     unsigned char 
  minute          1    0[COMMON] unsigned char 
 Auto vars:     Size  Location     Type
  hour            1    2[COMMON] unsigned char 
  dip2_enabled    1    1[COMMON] _Bool 
 Return value:  Size  Location     Type
                  1    wreg      _Bool 
 Registers used:
		wreg, status,2, status,0
 Tracked objects:
		On entry : 
		On exit  : 
		Unchanged: 
 Data sizes:     COMMON   BANK0   BANK1
      Params:         1       0       0
      Locals:         2       0       0
      Temps:          0       0       0
      Totals:         3       0       0
Total ram usage:        3 bytes
 Hardware stack levels used:    1
 This function calls:
		Nothing
 This function is called by:
		_Is_Allowed_Day_And_Hour
 This function uses a non-reentrant model


 *************** function _Init_Device *****************
 Defined at:
		line 1103 in file "I-Tank_Auto-Flush_RTC_40mins-30secs.c"
 Parameters:    Size  Location     Type
		None
 Auto vars:     Size  Location     Type
		None
 Return value:  Size  Location     Type
                  1    wreg      void 
 Registers used:
		wreg, status,2, status,0, pclath, cstack
 Tracked objects:
		On entry : 
		On exit  : 
		Unchanged: 
 Data sizes:     COMMON   BANK0   BANK1
      Params:         0       0       0
      Locals:         0       0       0
      Temps:          0       0       0
      Totals:         0       0       0
Total ram usage:        0 bytes
 Hardware stack levels used:    1
 Hardware stack levels required when called:    1
 This function calls:
		_Relay_Off
		_SCL_Release
		_SDA_Release
		_Timer0_Init_For_Delay
 This function is called by:
		_main
 This function uses a non-reentrant model


 *************** function _Timer0_Init_For_Delay *****************
 Defined at:
		line 352 in file "I-Tank_Auto-Flush_RTC_40mins-30secs.c"
 Parameters:    Size  Location     Type
		None
 Auto vars:     Size  Location     Type
		None
 Return value:  Size  Location     Type
                  1    wreg      void 
 Registers used:
		None
 Tracked objects:
		On entry : 
		On exit  : 
		Unchanged: 
 Data sizes:     COMMON   BANK0   BANK1
      Params:         0       0       0
      Locals:         0       0       0
      Temps:          0       0       0
      Totals:         0       0       0
Total ram usage:        0 bytes
 Hardware stack levels used:    1
 This function calls:
		Nothing
 This function is called by:
		_Init_Device
 This function uses a non-reentrant model


 *************** function _EEPROM_Save_Last_Trigger *****************
 Defined at:
		line 740 in file "I-Tank_Auto-Flush_RTC_40mins-30secs.c"
 Parameters:    Size  Location     Type
  hour            1    wreg     unsigned char 
  minute          1    5[COMMON] unsigned char 
  date            1    6[COMMON] unsigned char 
  month           1    7[COMMON] unsigned char 
  year            1    8[COMMON] unsigned char 
 Auto vars:     Size  Location     Type
  hour            1    1[BANK0 ] unsigned char 
  checksum        1    0[BANK0 ] unsigned char 
 Return value:  Size  Location     Type
                  1    wreg      void 
 Registers used:
		wreg, status,2, status,0, pclath, cstack
 Tracked objects:
		On entry : 
		On exit  : 
		Unchanged: 
 Data sizes:     COMMON   BANK0   BANK1
      Params:         4       0       0
      Locals:         0       2       0
      Temps:          5       0       0
      Totals:         9       2       0
Total ram usage:       11 bytes
 Hardware stack levels used:    1
 Hardware stack levels required when called:    2
 This function calls:
		_EEPROM_WriteByte
		_Trigger_Checksum
 This function is called by:
		_main
 This function uses a non-reentrant model


 *************** function _EEPROM_WriteByte *****************
 Defined at:
		line 628 in file "I-Tank_Auto-Flush_RTC_40mins-30secs.c"
 Parameters:    Size  Location     Type
  address         1    wreg     unsigned char 
  value           1    1[COMMON] unsigned char 
 Auto vars:     Size  Location     Type
  address         1    3[COMMON] unsigned char 
  gie_was_enab    1    2[COMMON] _Bool 
 Return value:  Size  Location     Type
                  1    wreg      void 
 Registers used:
		wreg, status,2, status,0, pclath, cstack
 Tracked objects:
		On entry : 
		On exit  : 
		Unchanged: 
 Data sizes:     COMMON   BANK0   BANK1
      Params:         1       0       0
      Locals:         2       0       0
      Temps:          0       0       0
      Totals:         3       0       0
Total ram usage:        3 bytes
 Hardware stack levels used:    1
 Hardware stack levels required when called:    1
 This function calls:
		_EEPROM_ReadByte
 This function is called by:
		_EEPROM_Save_Last_Trigger
 This function uses a non-reentrant model


 *************** function _EEPROM_Load_Last_Trigger *****************
 Defined at:
		line 676 in file "I-Tank_Auto-Flush_RTC_40mins-30secs.c"
 Parameters:    Size  Location     Type
  last_hour       1    wreg     PTR unsigned char 
		 -> main@last_trigger_hour(1), 
  last_minute     1    5[COMMON] PTR unsigned char 
		 -> main@last_trigger_minute(1), 
  last_date       1    6[COMMON] PTR unsigned char 
		 -> main@last_trigger_date(1), 
  last_month      1    7[COMMON] PTR unsigned char 
		 -> main@last_trigger_month(1), 
  last_year       1    8[COMMON] PTR unsigned char 
		 -> main@last_trigger_year(1), 
 Auto vars:     Size  Location     Type
  last_hour       1    1[BANK0 ] PTR unsigned char 
		 -> main@last_trigger_hour(1), 
  month           1    6[BANK0 ] unsigned char 
  date            1    5[BANK0 ] unsigned char 
  year            1    4[BANK0 ] unsigned char 
  minute          1    3[BANK0 ] unsigned char 
  hour            1    2[BANK0 ] unsigned char 
  checksum        1    0[BANK0 ] unsigned char 
 Return value:  Size  Location     Type
                  1    wreg      _Bool 
 Registers used:
		wreg, fsr0l, fsr0h, status,2, status,0, pclath, cstack
 Tracked objects:
		On entry : 
		On exit  : 
		Unchanged: 
 Data sizes:     COMMON   BANK0   BANK1
      Params:         4       0       0
      Locals:         0       7       0
      Temps:          4       0       0
      Totals:         8       7       0
Total ram usage:       15 bytes
 Hardware stack levels used:    1
 Hardware stack levels required when called:    1
 This function calls:
		_EEPROM_ReadByte
		_Trigger_Checksum
 This function is called by:
		_main
 This function uses a non-reentrant model


 *************** function _Trigger_Checksum *****************
 Defined at:
		line 667 in file "I-Tank_Auto-Flush_RTC_40mins-30secs.c"
 Parameters:    Size  Location     Type
  hour            1    wreg     unsigned char 
  minute          1    0[COMMON] unsigned char 
  date            1    1[COMMON] unsigned char 
  month           1    2[COMMON] unsigned char 
  year            1    3[COMMON] unsigned char 
 Auto vars:     Size  Location     Type
  hour            1    4[COMMON] unsigned char 
 Return value:  Size  Location     Type
                  1    wreg      unsigned char 
 Registers used:
		wreg, status,2, status,0
 Tracked objects:
		On entry : 
		On exit  : 
		Unchanged: 
 Data sizes:     COMMON   BANK0   BANK1
      Params:         4       0       0
      Locals:         1       0       0
      Temps:          0       0       0
      Totals:         5       0       0
Total ram usage:        5 bytes
 Hardware stack levels used:    1
 This function calls:
		Nothing
 This function is called by:
		_EEPROM_Load_Last_Trigger
		_EEPROM_Save_Last_Trigger
 This function uses a non-reentrant model


 *************** function _EEPROM_ReadByte *****************
 Defined at:
		line 615 in file "I-Tank_Auto-Flush_RTC_40mins-30secs.c"
 Parameters:    Size  Location     Type
  address         1    wreg     unsigned char 
 Auto vars:     Size  Location     Type
  address         1    0[COMMON] unsigned char 
 Return value:  Size  Location     Type
                  1    wreg      unsigned char 
 Registers used:
		wreg
 Tracked objects:
		On entry : 
		On exit  : 
		Unchanged: 
 Data sizes:     COMMON   BANK0   BANK1
      Params:         0       0       0
      Locals:         1       0       0
      Temps:          0       0       0
      Totals:         1       0       0
Total ram usage:        1 bytes
 Hardware stack levels used:    1
 This function calls:
		Nothing
 This function is called by:
		_EEPROM_WriteByte
		_EEPROM_Load_Last_Trigger
 This function uses a non-reentrant model


 *************** function _DS3231_ReadTime_With_Retry *****************
 Defined at:
		line 891 in file "I-Tank_Auto-Flush_RTC_40mins-30secs.c"
 Parameters:    Size  Location     Type
  time            1    wreg     PTR struct .
		 -> main@now(7), 
 Auto vars:     Size  Location     Type
  time            1   12[COMMON] PTR struct .
		 -> main@now(7), 
  attempt         1   11[COMMON] unsigned char 
 Return value:  Size  Location     Type
                  1    wreg      _Bool 
 Registers used:
		wreg, fsr0l, fsr0h, status,2, status,0, pclath, cstack
 Tracked objects:
		On entry : 
		On exit  : 
		Unchanged: 
 Data sizes:     COMMON   BANK0   BANK1
      Params:         0       0       0
      Locals:         2       0       0
      Temps:          1       0       0
      Totals:         3       0       0
Total ram usage:        3 bytes
 Hardware stack levels used:    1
 Hardware stack levels required when called:    3
 This function calls:
		_DS3231_ReadTime
		_Delay_Approx_250ms
		_I2C_Init
		_RTC_Time_Is_Valid
		_Relay_Off
 This function is called by:
		_main
 This function uses a non-reentrant model


 *************** function _Relay_Off *****************
 Defined at:
		line 245 in file "I-Tank_Auto-Flush_RTC_40mins-30secs.c"
 Parameters:    Size  Location     Type
		None
 Auto vars:     Size  Location     Type
		None
 Return value:  Size  Location     Type
                  1    wreg      void 
 Registers used:
		None
 Tracked objects:
		On entry : 
		On exit  : 
		Unchanged: 
 Data sizes:     COMMON   BANK0   BANK1
      Params:         0       0       0
      Locals:         0       0       0
      Temps:          0       0       0
      Totals:         0       0       0
Total ram usage:        0 bytes
 Hardware stack levels used:    1
 This function calls:
		Nothing
 This function is called by:
		_Relay_Reset_Pulse
		_Test_Delay_Seconds_Abortable
		_Relay_Test_Cycle
		_DS3231_ReadTime_With_Retry
		_Init_Device
		_main
		_Safe_Fault_Idle_Forever
 This function uses a non-reentrant model


 *************** function _RTC_Time_Is_Valid *****************
 Defined at:
		line 851 in file "I-Tank_Auto-Flush_RTC_40mins-30secs.c"
 Parameters:    Size  Location     Type
  time            1    wreg     PTR const struct .
		 -> main@now(7), 
 Auto vars:     Size  Location     Type
  time            1    0[COMMON] PTR const struct .
		 -> main@now(7), 
 Return value:  Size  Location     Type
                  1    wreg      _Bool 
 Registers used:
		wreg, fsr0l, fsr0h, status,2, status,0
 Tracked objects:
		On entry : 
		On exit  : 
		Unchanged: 
 Data sizes:     COMMON   BANK0   BANK1
      Params:         0       0       0
      Locals:         1       0       0
      Temps:          0       0       0
      Totals:         1       0       0
Total ram usage:        1 bytes
 Hardware stack levels used:    1
 This function calls:
		Nothing
 This function is called by:
		_DS3231_ReadTime_With_Retry
 This function uses a non-reentrant model


 *************** function _I2C_Init *****************
 Defined at:
		line 467 in file "I-Tank_Auto-Flush_RTC_40mins-30secs.c"
 Parameters:    Size  Location     Type
		None
 Auto vars:     Size  Location     Type
		None
 Return value:  Size  Location     Type
                  1    wreg      void 
 Registers used:
		wreg, status,2, status,0, pclath, cstack
 Tracked objects:
		On entry : 
		On exit  : 
		Unchanged: 
 Data sizes:     COMMON   BANK0   BANK1
      Params:         0       0       0
      Locals:         0       0       0
      Temps:          0       0       0
      Totals:         0       0       0
Total ram usage:        0 bytes
 Hardware stack levels used:    1
 Hardware stack levels required when called:    1
 This function calls:
		_I2C_Delay
		_SCL_Release
		_SDA_Release
 This function is called by:
		_DS3231_ReadTime_With_Retry
		_main
		_Safe_Fault_Idle_Forever
 This function uses a non-reentrant model


 *************** function _Delay_Approx_250ms *****************
 Defined at:
		line 376 in file "I-Tank_Auto-Flush_RTC_40mins-30secs.c"
 Parameters:    Size  Location     Type
		None
 Auto vars:     Size  Location     Type
  i               1    1[COMMON] unsigned char 
 Return value:  Size  Location     Type
                  1    wreg      void 
 Registers used:
		wreg, status,2, status,0, pclath, cstack
 Tracked objects:
		On entry : 
		On exit  : 
		Unchanged: 
 Data sizes:     COMMON   BANK0   BANK1
      Params:         0       0       0
      Locals:         1       0       0
      Temps:          1       0       0
      Totals:         2       0       0
Total ram usage:        2 bytes
 Hardware stack levels used:    1
 Hardware stack levels required when called:    1
 This function calls:
		_Delay_Approx_65ms
 This function is called by:
		_Relay_Test_Cycle
		_DS3231_ReadTime_With_Retry
		_main
 This function uses a non-reentrant model


 *************** function _Delay_Approx_65ms *****************
 Defined at:
		line 365 in file "I-Tank_Auto-Flush_RTC_40mins-30secs.c"
 Parameters:    Size  Location     Type
		None
 Auto vars:     Size  Location     Type
		None
 Return value:  Size  Location     Type
                  1    wreg      void 
 Registers used:
		status,2
 Tracked objects:
		On entry : 
		On exit  : 
		Unchanged: 
 Data sizes:     COMMON   BANK0   BANK1
      Params:         0       0       0
      Locals:         0       0       0
      Temps:          0       0       0
      Totals:         0       0       0
Total ram usage:        0 bytes
 Hardware stack levels used:    1
 This function calls:
		Nothing
 This function is called by:
		_Test_Delay_Seconds_Abortable
		_Delay_Approx_250ms
		_Delay_Approx_1s
 This function uses a non-reentrant model


 *************** function _DS3231_ReadTime *****************
 Defined at:
		line 768 in file "I-Tank_Auto-Flush_RTC_40mins-30secs.c"
 Parameters:    Size  Location     Type
  time            1    wreg     PTR struct .
		 -> main@now(7), 
 Auto vars:     Size  Location     Type
  time            1    9[BANK0 ] PTR struct .
		 -> main@now(7), 
  hour_12         1    8[BANK0 ] unsigned char 
  is_pm           1    6[BANK0 ] _Bool 
  raw_hour        1    7[BANK0 ] unsigned char 
  raw_year        1    5[BANK0 ] unsigned char 
  raw_month       1    4[BANK0 ] unsigned char 
  raw_date        1    3[BANK0 ] unsigned char 
  raw_day         1    2[BANK0 ] unsigned char 
  raw_minute      1    1[BANK0 ] unsigned char 
  raw_second      1    0[BANK0 ] unsigned char 
 Return value:  Size  Location     Type
                  1    wreg      _Bool 
 Registers used:
		wreg, fsr0l, fsr0h, status,2, status,0, pclath, cstack
 Tracked objects:
		On entry : 
		On exit  : 
		Unchanged: 
 Data sizes:     COMMON   BANK0   BANK1
      Params:         0       0       0
      Locals:         0      10       0
      Temps:          1       0       0
      Totals:         1      10       0
Total ram usage:       11 bytes
 Hardware stack levels used:    1
 Hardware stack levels required when called:    2
 This function calls:
		_BCD_To_Dec
		_I2C_ReadByte
		_I2C_Start
		_I2C_Stop
		_I2C_WriteByte
 This function is called by:
		_DS3231_ReadTime_With_Retry
 This function uses a non-reentrant model


 *************** function _I2C_WriteByte *****************
 Defined at:
		line 499 in file "I-Tank_Auto-Flush_RTC_40mins-30secs.c"
 Parameters:    Size  Location     Type
  data            1    wreg     unsigned char 
 Auto vars:     Size  Location     Type
  data            1    3[COMMON] unsigned char 
  i               1    5[COMMON] unsigned char 
  ack             1    4[COMMON] _Bool 
 Return value:  Size  Location     Type
                  1    wreg      _Bool 
 Registers used:
		wreg, status,2, status,0, pclath, cstack
 Tracked objects:
		On entry : 
		On exit  : 
		Unchanged: 
 Data sizes:     COMMON   BANK0   BANK1
      Params:         0       0       0
      Locals:         3       0       0
      Temps:          1       0       0
      Totals:         4       0       0
Total ram usage:        4 bytes
 Hardware stack levels used:    1
 Hardware stack levels required when called:    1
 This function calls:
		_I2C_Delay
		_SCL_Low
		_SCL_Release
		_SDA_Low
		_SDA_Read
		_SDA_Release
 This function is called by:
		_DS3231_ReadTime
 This function uses a non-reentrant model


 *************** function _I2C_Stop *****************
 Defined at:
		line 487 in file "I-Tank_Auto-Flush_RTC_40mins-30secs.c"
 Parameters:    Size  Location     Type
		None
 Auto vars:     Size  Location     Type
		None
 Return value:  Size  Location     Type
                  1    wreg      void 
 Registers used:
		wreg, status,2, status,0, pclath, cstack
 Tracked objects:
		On entry : 
		On exit  : 
		Unchanged: 
 Data sizes:     COMMON   BANK0   BANK1
      Params:         0       0       0
      Locals:         0       0       0
      Temps:          0       0       0
      Totals:         0       0       0
Total ram usage:        0 bytes
 Hardware stack levels used:    1
 Hardware stack levels required when called:    1
 This function calls:
		_I2C_Delay
		_SCL_Release
		_SDA_Low
		_SDA_Release
 This function is called by:
		_DS3231_ReadTime
 This function uses a non-reentrant model


 *************** function _I2C_Start *****************
 Defined at:
		line 474 in file "I-Tank_Auto-Flush_RTC_40mins-30secs.c"
 Parameters:    Size  Location     Type
		None
 Auto vars:     Size  Location     Type
		None
 Return value:  Size  Location     Type
                  1    wreg      void 
 Registers used:
		wreg, status,2, status,0, pclath, cstack
 Tracked objects:
		On entry : 
		On exit  : 
		Unchanged: 
 Data sizes:     COMMON   BANK0   BANK1
      Params:         0       0       0
      Locals:         0       0       0
      Temps:          0       0       0
      Totals:         0       0       0
Total ram usage:        0 bytes
 Hardware stack levels used:    1
 Hardware stack levels required when called:    1
 This function calls:
		_I2C_Delay
		_SCL_Low
		_SCL_Release
		_SDA_Low
		_SDA_Release
 This function is called by:
		_DS3231_ReadTime
 This function uses a non-reentrant model


 *************** function _I2C_ReadByte *****************
 Defined at:
		line 540 in file "I-Tank_Auto-Flush_RTC_40mins-30secs.c"
 Parameters:    Size  Location     Type
  send_ack        1    wreg     _Bool 
 Auto vars:     Size  Location     Type
  send_ack        1    3[COMMON] _Bool 
  i               1    5[COMMON] unsigned char 
  data            1    4[COMMON] unsigned char 
 Return value:  Size  Location     Type
                  1    wreg      unsigned char 
 Registers used:
		wreg, status,2, status,0, pclath, cstack
 Tracked objects:
		On entry : 
		On exit  : 
		Unchanged: 
 Data sizes:     COMMON   BANK0   BANK1
      Params:         0       0       0
      Locals:         3       0       0
      Temps:          1       0       0
      Totals:         4       0       0
Total ram usage:        4 bytes
 Hardware stack levels used:    1
 Hardware stack levels required when called:    1
 This function calls:
		_I2C_Delay
		_SCL_Low
		_SCL_Release
		_SDA_Low
		_SDA_Read
		_SDA_Release
 This function is called by:
		_DS3231_ReadTime
 This function uses a non-reentrant model


 *************** function _SDA_Release *****************
 Defined at:
		line 440 in file "I-Tank_Auto-Flush_RTC_40mins-30secs.c"
 Parameters:    Size  Location     Type
		None
 Auto vars:     Size  Location     Type
		None
 Return value:  Size  Location     Type
                  1    wreg      void 
 Registers used:
		None
 Tracked objects:
		On entry : 
		On exit  : 
		Unchanged: 
 Data sizes:     COMMON   BANK0   BANK1
      Params:         0       0       0
      Locals:         0       0       0
      Temps:          0       0       0
      Totals:         0       0       0
Total ram usage:        0 bytes
 Hardware stack levels used:    1
 This function calls:
		Nothing
 This function is called by:
		_I2C_Init
		_I2C_Start
		_I2C_Stop
		_I2C_WriteByte
		_I2C_ReadByte
		_Init_Device
 This function uses a non-reentrant model


 *************** function _SDA_Read *****************
 Defined at:
		line 456 in file "I-Tank_Auto-Flush_RTC_40mins-30secs.c"
 Parameters:    Size  Location     Type
		None
 Auto vars:     Size  Location     Type
		None
 Return value:  Size  Location     Type
                  1    wreg      unsigned char 
 Registers used:
		wreg, status,2, status,0
 Tracked objects:
		On entry : 
		On exit  : 
		Unchanged: 
 Data sizes:     COMMON   BANK0   BANK1
      Params:         0       0       0
      Locals:         0       0       0
      Temps:          0       0       0
      Totals:         0       0       0
Total ram usage:        0 bytes
 Hardware stack levels used:    1
 This function calls:
		Nothing
 This function is called by:
		_I2C_WriteByte
		_I2C_ReadByte
 This function uses a non-reentrant model


 *************** function _SDA_Low *****************
 Defined at:
		line 434 in file "I-Tank_Auto-Flush_RTC_40mins-30secs.c"
 Parameters:    Size  Location     Type
		None
 Auto vars:     Size  Location     Type
		None
 Return value:  Size  Location     Type
                  1    wreg      void 
 Registers used:
		None
 Tracked objects:
		On entry : 
		On exit  : 
		Unchanged: 
 Data sizes:     COMMON   BANK0   BANK1
      Params:         0       0       0
      Locals:         0       0       0
      Temps:          0       0       0
      Totals:         0       0       0
Total ram usage:        0 bytes
 Hardware stack levels used:    1
 This function calls:
		Nothing
 This function is called by:
		_I2C_Start
		_I2C_Stop
		_I2C_WriteByte
		_I2C_ReadByte
 This function uses a non-reentrant model


 *************** function _SCL_Release *****************
 Defined at:
		line 451 in file "I-Tank_Auto-Flush_RTC_40mins-30secs.c"
 Parameters:    Size  Location     Type
		None
 Auto vars:     Size  Location     Type
		None
 Return value:  Size  Location     Type
                  1    wreg      void 
 Registers used:
		None
 Tracked objects:
		On entry : 
		On exit  : 
		Unchanged: 
 Data sizes:     COMMON   BANK0   BANK1
      Params:         0       0       0
      Locals:         0       0       0
      Temps:          0       0       0
      Totals:         0       0       0
Total ram usage:        0 bytes
 Hardware stack levels used:    1
 This function calls:
		Nothing
 This function is called by:
		_I2C_Init
		_I2C_Start
		_I2C_Stop
		_I2C_WriteByte
		_I2C_ReadByte
		_Init_Device
 This function uses a non-reentrant model


 *************** function _SCL_Low *****************
 Defined at:
		line 445 in file "I-Tank_Auto-Flush_RTC_40mins-30secs.c"
 Parameters:    Size  Location     Type
		None
 Auto vars:     Size  Location     Type
		None
 Return value:  Size  Location     Type
                  1    wreg      void 
 Registers used:
		None
 Tracked objects:
		On entry : 
		On exit  : 
		Unchanged: 
 Data sizes:     COMMON   BANK0   BANK1
      Params:         0       0       0
      Locals:         0       0       0
      Temps:          0       0       0
      Totals:         0       0       0
Total ram usage:        0 bytes
 Hardware stack levels used:    1
 This function calls:
		Nothing
 This function is called by:
		_I2C_Start
		_I2C_WriteByte
		_I2C_ReadByte
 This function uses a non-reentrant model


 *************** function _I2C_Delay *****************
 Defined at:
		line 421 in file "I-Tank_Auto-Flush_RTC_40mins-30secs.c"
 Parameters:    Size  Location     Type
		None
 Auto vars:     Size  Location     Type
  i               1    1[COMMON] volatile unsigned char 
 Return value:  Size  Location     Type
                  1    wreg      void 
 Registers used:
		wreg, status,2, status,0
 Tracked objects:
		On entry : 
		On exit  : 
		Unchanged: 
 Data sizes:     COMMON   BANK0   BANK1
      Params:         0       0       0
      Locals:         1       0       0
      Temps:          1       0       0
      Totals:         2       0       0
Total ram usage:        2 bytes
 Hardware stack levels used:    1
 This function calls:
		Nothing
 This function is called by:
		_I2C_Init
		_I2C_Start
		_I2C_Stop
		_I2C_WriteByte
		_I2C_ReadByte
 This function uses a non-reentrant model


 *************** function _BCD_To_Dec *****************
 Defined at:
		line 588 in file "I-Tank_Auto-Flush_RTC_40mins-30secs.c"
 Parameters:    Size  Location     Type
  bcd             1    wreg     unsigned char 
 Auto vars:     Size  Location     Type
  bcd             1    8[COMMON] unsigned char 
  ones            1    7[COMMON] unsigned char 
  tens            1    6[COMMON] unsigned char 
 Return value:  Size  Location     Type
                  1    wreg      unsigned char 
 Registers used:
		wreg, status,2, status,0, pclath, cstack
 Tracked objects:
		On entry : 
		On exit  : 
		Unchanged: 
 Data sizes:     COMMON   BANK0   BANK1
      Params:         0       0       0
      Locals:         3       0       0
      Temps:          2       0       0
      Totals:         5       0       0
Total ram usage:        5 bytes
 Hardware stack levels used:    1
 Hardware stack levels required when called:    1
 This function calls:
		___bmul
 This function is called by:
		_DS3231_ReadTime
 This function uses a non-reentrant model


 *************** function ___bmul *****************
 Defined at:
		line 4 in file "C:\Program Files\Microchip\xc8\v2.31\pic\sources\c90\common\Umul8.c"
 Parameters:    Size  Location     Type
  multiplier      1    wreg     unsigned char 
  multiplicand    1    0[COMMON] unsigned char 
 Auto vars:     Size  Location     Type
  multiplier      1    3[COMMON] unsigned char 
  product         1    2[COMMON] unsigned char 
 Return value:  Size  Location     Type
                  1    wreg      unsigned char 
 Registers used:
		wreg, status,2, status,0
 Tracked objects:
		On entry : 
		On exit  : 
		Unchanged: 
 Data sizes:     COMMON   BANK0   BANK1
      Params:         1       0       0
      Locals:         2       0       0
      Temps:          1       0       0
      Totals:         4       0       0
Total ram usage:        4 bytes
 Hardware stack levels used:    1
 This function calls:
		Nothing
 This function is called by:
		_BCD_To_Dec
 This function uses a non-reentrant model


 *************** function _Already_Triggered_This_Minute *****************
 Defined at:
		line 1065 in file "I-Tank_Auto-Flush_RTC_40mins-30secs.c"
 Parameters:    Size  Location     Type
  now             1    wreg     PTR const struct .
		 -> main@now(7), 
  last_hour       1    0[COMMON] unsigned char 
  last_minute     1    1[COMMON] unsigned char 
  last_date       1    2[COMMON] unsigned char 
  last_month      1    3[COMMON] unsigned char 
  last_year       1    4[COMMON] unsigned char 
 Auto vars:     Size  Location     Type
  now             1    5[COMMON] PTR const struct .
		 -> main@now(7), 
 Return value:  Size  Location     Type
                  1    wreg      _Bool 
 Registers used:
		wreg, fsr0l, fsr0h, status,2, status,0
 Tracked objects:
		On entry : 
		On exit  : 
		Unchanged: 
 Data sizes:     COMMON   BANK0   BANK1
      Params:         5       0       0
      Locals:         1       0       0
      Temps:          0       0       0
      Totals:         6       0       0
Total ram usage:        6 bytes
 Hardware stack levels used:    1
 This function calls:
		Nothing
 This function is called by:
		_main
 This function uses a non-reentrant model



MODULE INFORMATION

Module		Function		Class		Link	Load	Size
C:\Program Files\Microchip\xc8\v2.31\pic\sources\c90\common\lwmod.c
		___lwmod       		CODE           	04C4	0000	58

C:\Program Files\Microchip\xc8\v2.31\pic\sources\c90\common\lwmod.c estimated size: 58

C:\Program Files\Microchip\xc8\v2.31\pic\sources\c90\common\Umul16.c
		___wmul        		CODE           	0362	0000	37

C:\Program Files\Microchip\xc8\v2.31\pic\sources\c90\common\Umul16.c estimated size: 37

shared
		__initialization		CODE           	07FE	0000	1

shared estimated size: 1

C:\Program Files\Microchip\xc8\v2.31\pic\sources\c90\common\Umul8.c
		___bmul        		CODE           	02D3	0000	21

C:\Program Files\Microchip\xc8\v2.31\pic\sources\c90\common\Umul8.c estimated size: 21

I-Tank_Auto-Flush_RTC_40mins-30secs.c
		_SCL_Release   		CODE           	023E	0000	3
		_Test_Delay_Seconds_Abortable		CODE           	033E	0000	36
		_Relay_Reset_Pulse		CODE           	0260	0000	5
		_DS3231_ReadTime_With_Retry		CODE           	031C	0000	34
		_main          		CODE           	0696	0000	157
		_BCD_To_Dec    		CODE           	0301	0000	27
		_Delay_Approx_65ms		CODE           	0274	0000	8
		_EEPROM_WriteByte		CODE           	03AD	0000	41
		_Is_Allowed_Day_And_Hour		CODE           	0387	0000	38
		_Delay_Approx_250ms		CODE           	02AB	0000	13
		_Is_Sunday_Enabled		CODE           	0252	0000	4
		_Relay_Test_Cycle		CODE           	0546	0000	91
		_SDA_Low       		CODE           	025B	0000	5
		_I2C_Stop      		CODE           	0265	0000	7
		_I2C_WriteByte 		CODE           	042A	0000	45
		_RTC_Time_Is_Valid		CODE           	05A1	0000	97
		_SDA_Release   		CODE           	0241	0000	3
		_DS3231_ReadTime		CODE           	0733	0000	203
		_I2C_Init      		CODE           	024E	0000	4
		_I2C_ReadByte  		CODE           	03FF	0000	43
		_Delay_Approx_1s		CODE           	02B8	0000	13
		_Delay_Seconds 		CODE           	02A0	0000	11
		_I2C_Delay     		CODE           	02C5	0000	14
		_Is_Test_Mode_Enabled		CODE           	0284	0000	8
		_EEPROM_ReadByte		CODE           	0295	0000	11
		_EEPROM_Load_Last_Trigger		CODE           	0602	0000	148
		_EEPROM_Save_Last_Trigger		CODE           	04FE	0000	72
		_Is_Hour_Window_Enabled		CODE           	03D6	0000	41
		_Timer0_Init_For_Delay		CODE           	028C	0000	9
		_Trigger_Checksum		CODE           	027C	0000	8
		_I2C_Start     		CODE           	026C	0000	8
		_Already_Triggered_This_Minute		CODE           	0457	0000	54
		_Is_Scheduled_Relay_Time		CODE           	048D	0000	55
		_Relay_On      		CODE           	0247	0000	3
		_Relay_Off     		CODE           	0244	0000	3
		_Init_Device   		CODE           	02E8	0000	25
		_SCL_Low       		CODE           	0256	0000	5
		_SDA_Read      		CODE           	024A	0000	4

I-Tank_Auto-Flush_RTC_40mins-30secs.c estimated size: 1356

