Microchip MPLAB XC8 Compiler V3.00

Linker command line:

-W-3 \
  --edf=C:/Users/IQC/.mchp_packs/Microchip/PIC10-12Fxxx_DFP/1.8.184/xc8\pic\dat\20250326204855_en.msgs \
  -cn -h+dist/default/production\UV_Automation_Test.X.production.sym \
  --cmf=dist/default/production\UV_Automation_Test.X.production.cmf -z \
  -Q12F683 -oC:\Users\IQC\AppData\Local\Temp\xcAs81o.\driver_tmp_3.o \
  --defsym=__MPLAB_BUILD=1 --fixupoverflow=error \
  -Mdist/default/production/UV_Automation_Test.X.production.map \
  --md=C:\Users\IQC\AppData\Local\Temp\xcAs81o.\driver_tmp_0.dat -E1 \
  -ver=XC8 Compiler -ACODE=00h-07FFh -ASTRCODE=00h-07FFh \
  -ASTRING=00h-0FFhx8 -ACONST=00h-0FFhx8 -AENTRY=00h-0FFhx8 \
  -ACOMMON=070h-07Fh -ABANK0=020h-06Fh -ABANK1=0A0h-0BFh \
  -ARAM=020h-06Fh,0A0h-0BFh -AABS1=020h-07Fh,0A0h-0BFh -ASFR0=00h-01Fh \
  -ASFR1=080h-09Fh -ACONFIG=02007h-02007h -DCONFIG=2 -AIDLOC=02000h-02003h \
  -DIDLOC=2 -AEEDATA=00h-0FFh/02100h -peeprom_data=EEDATA -DEEDATA=2 \
  -DCODE=2 -DSTRCODE=2 -DSTRING=2 -DCONST=2 -DENTRY=2 \
  -preset_vec=00h,intentry=04h,sivt,init,end_init -ppowerup=CODE \
  -pcinit=CODE -pfunctab=ENTRY -k \
  C:\Users\IQC\AppData\Local\Temp\xcAs81o.\driver_tmp_12.o \
  dist/default/production\UV_Automation_Test.X.production.o 

Object code version is 3.11

Machine type is 12F683



                Name                               Link     Load   Length Selector   Space Scale
C:\Users\IQC\AppData\Local\Temp\xcAs81o.\driver_tmp_12.o
                end_init                              4        4        1        8       0
                reset_vec                             0        0        1        0       0
                config                             2007     2007        1        0       4
dist/default/production\UV_Automation_Test.X.production.o
                cinit                                 5        5        2        8       0
                config                             2007     2007        1        0       4
                text5                                53       53        4        8       0
                text4                                4F       4F        4        8       0
                text3                                 7        7       1D        8       0
                text2                                44       44        B        8       0
                text1                                39       39        B        8       0
                maintext                             24       24       15        8       0
                cstackCOMMON                         70       70        5       70       1

TOTAL           Name                               Link     Load   Length     Space
        CLASS   CODE           
                end_init                              4        4        1         0
                cinit                                 5        5        2         0
                reset_vec                             0        0        1         0
                text5                                53       53        4         0
                text4                                4F       4F        4         0
                text3                                 7        7       1D         0
                text2                                44       44        B         0
                text1                                39       39        B         0
                maintext                             24       24       15         0

        CLASS   STRCODE        

        CLASS   STRING         

        CLASS   CONST          

        CLASS   ENTRY          

        CLASS   COMMON         
                cstackCOMMON                         70       70        5         1

        CLASS   BANK0          

        CLASS   BANK1          

        CLASS   RAM            

        CLASS   ABS1           
                abs_s1                               7E       7E        2         1

        CLASS   SFR0           

        CLASS   SFR1           

        CLASS   CONFIG         
                config                             2007     2007        1         4

        CLASS   IDLOC          

        CLASS   EEDATA         

        CLASS   HEAP           

        CLASS   STACK          



SEGMENTS        Name                           Load    Length   Top    Selector   Space  Class     Delta

                reset_vec                      000000  000001  000001         0       0  CODE        2
                intentry                       000004  000053  000057         8       0  CODE        2
                cstackCOMMON                   000070  000005  000075        70       1  COMMON      1


UNUSED ADDRESS RANGES

        Name                Unused          Largest block    Delta
        BANK0            0020-006F             50           1
        BANK1            00A0-00BF             20           1
        CODE             0001-0003              3           2
                         0057-07FF            7A9
        COMMON           0075-007D              9           1
        CONST            0001-0003              3           2
                         0057-07FF            100
        EEDATA           2100-21FF            100           2
        ENTRY            0001-0003              3           2
                         0057-07FF            100
        IDLOC            2000-2003              4           2
        RAM              0020-006F             50           1
                         00A0-00BF             20
        SFR0             0000-001F             20           1
        SFR1             0080-009F             20           1
        STRCODE          0001-0003              3           2
                         0057-07FF            7A9
        STRING           0001-0003              3           2
                         0057-07FF            100

                                  Symbol Table

_ANSEL                   (abs)        009F
_CMCON0                  (abs)        0019
_GPIO                    (abs)        0005
_GPIObits                (abs)        0005
_TRISIO                  (abs)        0085
__H__absolute__          __absolute__ 0000
__Habs1                  abs1         0000
__Hbank0                 bank0        0000
__Hbank1                 bank1        0000
__Hcinit                 cinit        0007
__Hclrtext               clrtext      0000
__Hcode                  code         0000
__Hcommon                common       0000
__Hconfig                config       2008
__HcstackCOMMON          cstackCOMMON 0000
__Heeprom_data           eeprom_data  0000
__Hend_init              end_init     0005
__Hfunctab               functab      0000
__Hheap                  heap         0000
__Hinit                  init         0004
__Hintentry              intentry     0004
__Hmaintext              maintext     0000
__Hpowerup               powerup      0000
__Hram                   ram          0000
__Hreset_vec             reset_vec    0001
__Hsfr0                  sfr0         0000
__Hsfr1                  sfr1         0000
__Hsivt                  sivt         0004
__Hspace_0               (abs)        0057
__Hspace_1               (abs)        0075
__Hspace_2               (abs)        0000
__Hspace_3               (abs)        0000
__Hspace_4               (abs)        400F
__Hstack                 stack        0000
__Hstrings               strings      0000
__Htext                  text         0000
__L__absolute__          __absolute__ 0000
__Labs1                  abs1         0000
__Lbank0                 bank0        0000
__Lbank1                 bank1        0000
__Lcinit                 cinit        0005
__Lclrtext               clrtext      0000
__Lcode                  code         0000
__Lcommon                common       0000
__Lconfig                config       0000
__LcstackCOMMON          cstackCOMMON 0000
__Leeprom_data           eeprom_data  0000
__Lend_init              end_init     0004
__Lfunctab               functab      0000
__Lheap                  heap         0000
__Linit                  init         0004
__Lintentry              intentry     0004
__Lmaintext              maintext     0000
__Lpowerup               powerup      0000
__Lram                   ram          0000
__Lreset_vec             reset_vec    0000
__Lsfr0                  sfr0         0000
__Lsfr1                  sfr1         0000
__Lsivt                  sivt         0004
__Lspace_0               (abs)        0000
__Lspace_1               (abs)        0000
__Lspace_2               (abs)        0000
__Lspace_3               (abs)        0000
__Lspace_4               (abs)        0000
__Lstack                 stack        0000
__Lstrings               strings      0000
__Ltext                  text         0000
__S0                     (abs)        0057
__S1                     (abs)        0075
__S3                     (abs)        0000
___heap_hi               (abs)        0000
___heap_lo               (abs)        0000
___int_sp                stack        0000
___int_stack_hi          stack        0000
___int_stack_lo          stack        0000
___latbits               (abs)        0000
___sp                    stack        0000
___stack_hi              stack        0000
___stack_lo              stack        0000
___stackhi               (abs)        0000
___stacklo               (abs)        0000
__end_of__initialization cinit        0005
__end_of_delay_seconds   text3        0024
__end_of_main            maintext     0039
__end_of_motor_forward   text5        0057
__end_of_motor_off       text4        0053
__end_of_motor_reverse   text2        004F
__end_of_setup           text1        0044
__initialization         cinit        0005
__pcstackCOMMON          cstackCOMMON 0070
__pmaintext              maintext     0024
__ptext1                 text1        0039
__ptext2                 text2        0044
__ptext3                 text3        0007
__ptext4                 text4        004F
__ptext5                 text5        0053
_delay_seconds           text3        0007
_main                    maintext     0024
_motor_forward           text5        0053
_motor_off               text4        004F
_motor_reverse           text2        0044
_setup                   text1        0039
btemp                    (abs)        007E
delay_seconds@sec        cstackCOMMON 0070
end_of_initialization    cinit        0005
intlevel0                functab      0000
intlevel1                functab      0000
intlevel2                functab      0000
intlevel3                functab      0000
intlevel4                functab      0000
intlevel5                functab      0000
reset_vec                reset_vec    0000
start                    init         0004
start_initialization     cinit        0005
wtemp0                   (abs)        007E


MODULE INFORMATION

Module		Function		Class		Link	Load	Size
UV_Automation_Test.c
		_motor_reverse 		CODE           	0044	0000	11
		_delay_seconds 		CODE           	0007	0000	29
		_main          		CODE           	0024	0000	21
		_motor_forward 		CODE           	0053	0000	4
		_setup         		CODE           	0039	0000	11
		_motor_off     		CODE           	004F	0000	4

UV_Automation_Test.c estimated size: 80

shared
		__initialization		CODE           	0005	0000	1

shared estimated size: 1

