Archive member included because of file (symbol)

G:\IHOME_V1.0\libs\gcc\libapp_start.a(adc.o)
                              ./custom/main.o (Ql_ADC_Register)
G:\IHOME_V1.0\libs\gcc\libapp_start.a(eint.o)
                              ./custom/main.o (Ql_EINT_RegisterFast)
G:\IHOME_V1.0\libs\gcc\libapp_start.a(fileSys.o)
                              ./custom/fota/src/fota_ftp.o (Ql_FS_Open)
G:\IHOME_V1.0\libs\gcc\libapp_start.a(fota.o)
                              ./custom/fota/src/fota_main.o (Ql_FOTA_Init)
G:\IHOME_V1.0\libs\gcc\libapp_start.a(gpio.o)
                              ./custom/main.o (Ql_GPIO_Init)
G:\IHOME_V1.0\libs\gcc\libapp_start.a(gprs.o)
                              ./custom/fota/src/fota_main.o (Ql_GPRS_GetPDPContextId)
G:\IHOME_V1.0\libs\gcc\libapp_start.a(iic.o)
                              ./custom/main.o (Ql_IIC_Init)
G:\IHOME_V1.0\libs\gcc\libapp_start.a(lib_ril_sms.o)
                              ./ril/src/ril_sms.o (LIB_SMS_IsValidHexStr)
G:\IHOME_V1.0\libs\gcc\libapp_start.a(memory.o)
                              ./ril/src/ril_bluetooth.o (Ql_MEM_Alloc)
G:\IHOME_V1.0\libs\gcc\libapp_start.a(ql_func.o)
                              G:\IHOME_V1.0\libs\gcc\libapp_start.a(memory.o) (api_notsup)
G:\IHOME_V1.0\libs\gcc\libapp_start.a(ql_main.o)
                              ./ril/src/ril_bluetooth.o (Ql_Debug_Trace)
G:\IHOME_V1.0\libs\gcc\libapp_start.a(ril_aux.o)
                              ./custom/config/sys_config.o (proc_reserved2)
G:\IHOME_V1.0\libs\gcc\libapp_start.a(ril_main.o)
                              ./custom/config/sys_config.o (proc_reserved1)
G:\IHOME_V1.0\libs\gcc\libapp_start.a(spi.o)
                              ./custom/main.o (Ql_SPI_Init)
G:\IHOME_V1.0\libs\gcc\libapp_start.a(stdlib_func.o)
                              ./ril/src/Ril_dtmf.o (Ql_atof)
G:\IHOME_V1.0\libs\gcc\libapp_start.a(system.o)
                              ./ril/src/ril_ftp.o (Ql_Sleep)
G:\IHOME_V1.0\libs\gcc\libapp_start.a(taskMngt.o)
                              ./custom/main.o (Ql_OS_GetMessage)
G:\IHOME_V1.0\libs\gcc\libapp_start.a(time.o)
                              ./custom/main.o (Ql_SetLocalTime)
G:\IHOME_V1.0\libs\gcc\libapp_start.a(timer.o)
                              ./custom/main.o (Ql_Timer_Register)
G:\IHOME_V1.0\libs\gcc\libapp_start.a(uart.o)
                              ./custom/main.o (Ql_UART_Register)
G:\IHOME_V1.0\libs\gcc\libapp_start.a(ocpu_init.o)
                              G:\IHOME_V1.0\libs\gcc\libapp_start.a(ql_main.o) (_OCPU_InitUserMem)
C:\Program Files\CodeSourcery\Sourcery_CodeBench_Lite_for_ARM_EABI\arm-none-eabi\lib\thumb\libc.a(lib_a-memcpy.o)
                              G:\IHOME_V1.0\libs\gcc\libapp_start.a(stdlib_func.o) (memcpy)
C:\Program Files\CodeSourcery\Sourcery_CodeBench_Lite_for_ARM_EABI\arm-none-eabi\lib\thumb\libc.a(lib_a-memset.o)
                              ./ril/src/ril_alarm.o (memset)
C:\Program Files\CodeSourcery\Sourcery_CodeBench_Lite_for_ARM_EABI\arm-none-eabi\lib\thumb\libc.a(lib_a-strncasecmp.o)
                              ./custom/main.o (strncasecmp)
C:\Program Files\CodeSourcery\Sourcery_CodeBench_Lite_for_ARM_EABI\arm-none-eabi\lib\thumb\libc.a(lib_a-ctype_.o)
                              C:\Program Files\CodeSourcery\Sourcery_CodeBench_Lite_for_ARM_EABI\arm-none-eabi\lib\thumb\libc.a(lib_a-strncasecmp.o) (__ctype_ptr__)
C:\Program Files\CodeSourcery\Sourcery_CodeBench_Lite_for_ARM_EABI\lib\gcc\arm-none-eabi\4.7.2\thumb\libgcc.a(_udivsi3.o)
                              ./custom/main.o (__aeabi_uidiv)
C:\Program Files\CodeSourcery\Sourcery_CodeBench_Lite_for_ARM_EABI\lib\gcc\arm-none-eabi\4.7.2\thumb\libgcc.a(_divsi3.o)
                              ./custom/main.o (__aeabi_idiv)
C:\Program Files\CodeSourcery\Sourcery_CodeBench_Lite_for_ARM_EABI\lib\gcc\arm-none-eabi\4.7.2\thumb\libgcc.a(_dvmd_tls.o)
                              C:\Program Files\CodeSourcery\Sourcery_CodeBench_Lite_for_ARM_EABI\lib\gcc\arm-none-eabi\4.7.2\thumb\libgcc.a(_udivsi3.o) (__aeabi_idiv0)
C:\Program Files\CodeSourcery\Sourcery_CodeBench_Lite_for_ARM_EABI\lib\gcc\arm-none-eabi\4.7.2\thumb\libgcc.a(_arm_addsubdf3.o)
                              ./custom/main.o (__aeabi_ui2d)
C:\Program Files\CodeSourcery\Sourcery_CodeBench_Lite_for_ARM_EABI\lib\gcc\arm-none-eabi\4.7.2\thumb\libgcc.a(_arm_muldivdf3.o)
                              ./custom/main.o (__aeabi_dmul)
C:\Program Files\CodeSourcery\Sourcery_CodeBench_Lite_for_ARM_EABI\lib\gcc\arm-none-eabi\4.7.2\thumb\libgcc.a(_arm_fixdfsi.o)
                              ./ril/src/Ril_dtmf.o (__aeabi_d2iz)
C:\Program Files\CodeSourcery\Sourcery_CodeBench_Lite_for_ARM_EABI\lib\gcc\arm-none-eabi\4.7.2\thumb\libgcc.a(_arm_fixunsdfsi.o)
                              ./custom/main.o (__aeabi_d2uiz)
C:\Program Files\CodeSourcery\Sourcery_CodeBench_Lite_for_ARM_EABI\lib\gcc\arm-none-eabi\4.7.2\thumb\libgcc.a(_arm_truncdfsf2.o)
[...]
Memory Configuration

Name             Origin             Length             Attributes
ROM              0x102db040         0x00050000         xr
RAM              0xf03d2000         0x00019000         xrw
*default*        0x00000000         0xffffffff

Linker script and memory map

LOAD ./ril/src/Ril_dtmf.o
LOAD ./ril/src/ril_alarm.o
LOAD ./ril/src/ril_atResponse.o
LOAD ./ril/src/ril_audio.o
LOAD ./ril/src/ril_ble.o
LOAD ./ril/src/ril_bluetooth.o
LOAD ./ril/src/ril_custom.o
LOAD ./ril/src/ril_ftp.o
LOAD ./ril/src/ril_gps.o
LOAD ./ril/src/ril_http.o
LOAD ./ril/src/ril_init.o
LOAD ./ril/src/ril_location.o
LOAD ./ril/src/ril_network.o
LOAD ./ril/src/ril_ntp.o
LOAD ./ril/src/ril_sim.o
LOAD ./ril/src/ril_sms.o
LOAD ./ril/src/ril_system.o
LOAD ./ril/src/ril_telephony.o
LOAD ./ril/src/ril_urc.o
LOAD ./ril/src/ril_util.o
LOAD ./example/Example_gps_iic.o
LOAD ./example/example_adc.o
LOAD ./example/example_alarm.o
LOAD ./example/example_audio.o
LOAD ./example/example_ble.o
LOAD ./example/example_bluetooth.o
LOAD ./example/example_call.o
LOAD ./example/example_clk.o
LOAD ./example/example_csd.o
LOAD ./example/example_download_epo.o
LOAD ./example/example_dtmf.o
LOAD ./example/example_eint.o
LOAD ./example/example_file.o
LOAD ./example/example_float_math.o
LOAD ./example/example_fota_ftp.o
LOAD ./example/example_fota_http.o
LOAD ./example/example_ftp.o
LOAD ./example/example_gpio.o
LOAD ./example/example_gps.o
LOAD ./example/example_http.o
LOAD ./example/example_iic.o
LOAD ./example/example_location.o
LOAD ./example/example_memory.o
LOAD ./example/example_multitask.o
LOAD ./example/example_multitask_port.o
LOAD ./example/example_pwm.o
LOAD ./example/example_sms.o
LOAD ./example/example_spi.o
LOAD ./example/example_system.o
LOAD ./example/example_tcp_demo.o
LOAD ./example/example_tcpclient.o
LOAD ./example/example_tcpserver.o
LOAD ./example/example_time.o
LOAD ./example/example_timer.o
LOAD ./example/example_transpass.o
LOAD ./example/example_udpclient.o
LOAD ./example/example_udpserver.o
LOAD ./example/example_watchdog.o
LOAD ./example/nema_pro.o
LOAD ./example/utility.o
LOAD ./custom/fota/src/fota_ftp.o
LOAD ./custom/fota/src/fota_http.o
LOAD ./custom/fota/src/fota_http_code.o
LOAD ./custom/fota/src/fota_main.o
LOAD ./custom/config/custom_sys_cfg.o
LOAD ./custom/config/sys_config.o
LOAD ./custom/main.o
LOAD G:\IHOME_V1.0\libs\gcc\libapp_start.a
LOAD C:\Program Files\CodeSourcery\Sourcery_CodeBench_Lite_for_ARM_EABI\arm-none-eabi\lib\thumb\libm.a
LOAD C:\Program Files\CodeSourcery\Sourcery_CodeBench_Lite_for_ARM_EABI\arm-none-eabi\lib\thumb\libc.a
LOAD C:\Program Files\CodeSourcery\Sourcery_CodeBench_Lite_for_ARM_EABI\arm-none-eabi\lib\thumb\libcs3.a
LOAD C:\Program Files\CodeSourcery\Sourcery_CodeBench_Lite_for_ARM_EABI\lib\gcc\arm-none-eabi\4.7.2\thumb\libgcc.a
START GROUP
LOAD C:\Program Files\CodeSourcery\Sourcery_CodeBench_Lite_for_ARM_EABI\lib\gcc\arm-none-eabi\4.7.2\thumb\libgcc.a
LOAD C:\Program Files\CodeSourcery\Sourcery_CodeBench_Lite_for_ARM_EABI\arm-none-eabi\lib\thumb\libc.a
END GROUP
                0x102db040                . = 0x102db040

.initdata       0x102db040       0x2c
 *(.initdata)
 .initdata      0x102db040       0x2c G:\IHOME_V1.0\libs\gcc\libapp_start.a(ql_main.o)
                0x102db040                GADLENTRY

text            0x102db070    0x21488
 *(.text)
 .text          0x102db070      0x5b8 ./ril/src/Ril_dtmf.o
                0x102db16c                RIL_ToneDet_Open
                0x102db1f0                RIL_ToneDet_Close
                0x102db268                RIL_ToneDet_Set
                0x102db314                RIL_ToneDet_Get
                0x102db3d4                OnURCHandler_QToneDet
                0x102db4c8                RIL_WDTMF_Send
                0x102db584                OnURCHandler_QWDTMF
 .text          0x102db628       0xfc ./ril/src/ril_atResponse.o
                0x102db628                Ql_RIL_AT_GetErrCode
                0x102db638                Ql_RIL_AT_SetErrCode
                0x102db64c                Default_atRsp_callback
 .text          0x102db724     0x1988 ./ril/src/ril_ble.o
                0x102dbf78                RIL_BLE_Initialize
                0x102dbf94                RIL_BT_Gatsreg
                0x102dc03c                RIL_BT_Gatss
                0x102dc1c8                RIL_BT_Gatsc
                0x102dc2e0                RIL_BT_Gatsd
                0x102dc418                RIL_BT_Gatsst
                0x102dc578                RIL_BT_Gatsind
                0x102dc628                RIL_BT_Gatsrsp
                0x102dc6e0                RIL_BT_Gatsl
                0x102dc788                RIL_BT_SetLeTxPwr
                0x102dc81c                RIL_BT_QBTFMPsreg
                0x102dc8a4                RIL_BT_QBTPXPsreg
                0x102dc92c                RIL_BT_QBTGatadv
                0x102dc9b0                RIL_BT_QGatSetadv
                0x102dca60                RIL_BT_Gatcpu
                0x102dcafc                RIL_BT_QGatsdisc
                0x102dcb78                OnURCHandler_BTGatscon
                0x102dccac                RIL_BT_GetLeLocalAddr
                0x102dcdac                OnURCHandler_BTGatwreq
                0x102dcea0                OnURCHandler_BTGatrreq
                0x102dcf64                OnURCHandler_BTpxpscon
                0x102dd00c                OnURCHandler_BTfmpscon
 .text          0x102dd0ac     0x2e8c ./ril/src/ril_bluetooth.o
                0x102ddbd8                BT_DevMngmt_GetDeviceId
                0x102ddc10                BT_DevMngmt_GetPairedId
                0x102ddc48                BT_DevMngmt_GetConnId
                0x102ddc80                BT_DevMngmt_GetProfileId
                0x102ddcb8                BT_DevMngmt_GetDevName
                0x102ddcf0                BT_DevMngmt_GetDevAddr
                0x102ddd28                RIL_BT_Switch
                0x102dddb0                RIL_BT_GetPwrState
                0x102dde20                RIL_BT_SetName
                0x102ddebc                RIL_BT_GetName
                0x102ddff8                RIL_BT_GetLocalAddr
                0x102de0f0                RIL_BT_SetVisble
                0x102de1a4                OnURCHandler_BTVisible
                0x102de298                RIL_BT_GetVisble
                0x102de30c                OnURCHandler_BTScan
                0x102de5c0                RIL_BT_GetDevListInfo
                0x102de638                RIL_BT_GetDevListPointer
                0x102de644                RIL_BT_StopScan
                0x102de69c                RIL_BT_QueryState
                0x102de700                RIL_BT_StartScan
                0x102de7c0                RIL_BT_Initialize
                0x102de7f4                RIL_BT_PairReq
                0x102de88c                OnURCHandler_BTPair
                0x102dea98                RIL_BT_PairConfirm
                0x102deb4c                OnURCHandler_BTPairCnf
                0x102ded78                RIL_BT_Unpair
                0x102deea4                RIL_BT_GetSupportedProfile
                0x102defd0                RIL_BT_ConnReq
                0x102df088                OnURCHandler_BTConn
                0x102df300                RIL_BT_SPP_DirectConn
                0x102df388                RIL_BT_ConnAccept
                0x102df410                OnURCHandler_BTConnCnf
                0x102df744                RIL_BT_Disconnect
                0x102df7e4                OnURCHandler_BTDisconn
                0x102df9f0                RIL_BT_SPP_Send
                0x102dfabc                RIL_BT_SPP_Read
                0x102dfb8c                OnURCHandler_BTIndication
 .text          0x102dff38       0x20 ./ril/src/ril_custom.o
                0x102dff38                Ql_RIL_RcvDataFrmCore
 .text          0x102dff58      0xfcc ./ril/src/ril_ftp.o
                0x102e0404                RIL_FTP_QFTPOPEN
                0x102e06a4                RIL_FTP_QFTPCLOSE
                0x102e0748                RIL_FTP_QFTPPUT
                0x102e0818                RIL_FTP_QFTPGET
                0x102e08d0                RIL_FTP_QFTPPATH
                0x102e0984                RIL_FTP_QFTPCFG
                0x102e0a40                RIL_FTP_QFTPSTAT
                0x102e0ad0                RIL_FTP_QFTPLEN
                0x102e0b60                RIL_FTP_QFTPRENAME
                0x102e0c1c                RIL_FTP_QFTPSIZE
                0x102e0cd0                RIL_FTP_QFTPDELETE
                0x102e0d84                RIL_FTP_QFTPMKDIR
                0x102e0e38                RIL_FTP_QFTPRMDIR
                0x102e0eec                RIL_FTP_QIDEACT
 .text          0x102e0f24      0xac0 ./ril/src/ril_gps.o
                0x102e13e4                RIL_GPS_Open
                0x102e1488                RIL_GPS_Read
                0x102e15c0                RIL_GPS_Read_TimeSync_Status
                0x102e1668                OnURCHandler_GPSCMD
                0x102e16d4                RIL_GPS_CMD_Send
                0x102e1788                RIL_GPS_EPO_Enable
                0x102e183c                RIL_GPS_EPO_Aid
                0x102e18dc                RIL_GPS_EPO_Config_APN
 .text          0x102e19e4       0x10 ./ril/src/ril_init.o
                0x102e19e4                RIL_GetInitCmdCnt
                0x102e19ec                RIL_GetLimitedCmdCnt
 .text          0x102e19f4      0x29c ./ril/src/ril_location.o
                0x102e19f4                RIL_GetLocation
                0x102e1ac8                RIL_GetLocationByCell
                0x102e1bb8                OnURCHandler_QCELLLocation
 .text          0x102e1c90      0xb70 ./ril/src/ril_network.o
                0x102e2070                RIL_NW_GetGSMState
                0x102e20e4                RIL_NW_GetGPRSState
                0x102e2160                RIL_NW_GetSignalQuality
                0x102e21f0                RIL_NW_SetGPRSContext
                0x102e226c                RIL_NW_SetAPN
                0x102e237c                RIL_NW_GetIpStatusByName
                0x102e262c                RIL_NW_GetIPStatus
                0x102e2674                RIL_NW_OpenPDPContext
                0x102e2724                RIL_NW_ClosePDPContext
                0x102e278c                RIL_NW_GetOperator
 .text          0x102e2800      0x10c ./ril/src/ril_ntp.o
                0x102e2800                OnURCHandler_NTPCMD
                0x102e286c                RIL_NTP_START
 .text          0x102e290c      0x5a4 ./ril/src/ril_sim.o
                0x102e2a6c                RIL_SIM_GetSimStateByName
                0x102e2d54                RIL_SIM_GetSimState
                0x102e2dc8                RIL_SIM_GetIMSI
                0x102e2e3c                RIL_SIM_GetCCID
 .text          0x102e2eb0     0x1730 ./ril/src/ril_sms.o
                0x102e3990                RIL_SMS_GetStorage
                0x102e3994                RIL_SMS_SetStorage
                0x102e3aa8                RIL_SMS_ReadSMS_PDU
                0x102e3b80                RIL_SMS_ReadSMS_Text
                0x102e3e9c                RIL_SMS_SendSMS_PDU
                0x102e3f54                RIL_SMS_SendSMS_Text
                0x102e41d4                RIL_SMS_SendSMS_Text_Ext
                0x102e44d0                RIL_SMS_DeleteSMS
 .text          0x102e45e0      0x2cc ./ril/src/ril_telephony.o
                0x102e47a8                RIL_Telephony_Dial
                0x102e483c                RIL_Telephony_Answer
                0x102e4878                RIL_Telephony_Hangup
 .text          0x102e48ac      0xca8 ./ril/src/ril_urc.o
                0x102e53f4                OnURCHandler
                0x102e54cc                Ql_RIL_IsURCStr
 .text          0x102e5554      0x4a0 ./ril/src/ril_util.o
                0x102e5554                Ql_StrPrefixMatch
                0x102e55a4                Ql_StrToUpper
                0x102e5600                Ql_HexStrToInt
                0x102e5694                Ql_RIL_FindString
                0x102e5720                Ql_RIL_FindLine
                0x102e59a0                Ql_GenHash
 .text          0x102e59f4     0x109c ./custom/fota/src/fota_ftp.o
                0x102e59f4                FTP_Callback_OnDownload
                0x102e5fa4                FTP_FotaMain
                0x102e6a38                FTP_IsFtpServer
 .text          0x102e6a90      0x360 ./custom/fota/src/fota_main.o
                0x102e6c48                Ql_FOTA_StartUpgrade
                0x102e6de8                Ql_FOTA_StopUpgrade
 .text          0x102e6df0        0xc ./custom/config/custom_sys_cfg.o
                0x102e6df0                Ql_WTD_GetWDIPinCfg
 .text          0x102e6dfc    0x143b8 ./custom/main.o
                0x102e7bb0                map
                0x102e7be0                constrain
                0x102e7c14                buzz
                0x102e7c9c                LiquidCrystal_I2C
                0x102e7ce0                LiquidCrystal_I2C_getBacklight
                0x102e7cfc                LiquidCrystal_I2C_expanderWrite
                0x102e7de8                LiquidCrystal_I2C_backlight
                0x102e7e00                LiquidCrystal_I2C_noBacklight
                0x102e7e18                LiquidCrystal_I2C_pulseEnable
                0x102e7e4c                LiquidCrystal_I2C_write4bits
                0x102e7e64                LiquidCrystal_I2C_send
                0x102e7e8c                LiquidCrystal_I2C_write
                0x102e7ea0                LiquidCrystal_I2C_command
                0x102e7ea8                LiquidCrystal_I2C_createChar
                0x102e7edc                LiquidCrystal_I2C_noAutoscroll
                0x102e7ef8                LiquidCrystal_I2C_autoscroll
                0x102e7f14                LiquidCrystal_I2C_rightToLeft
                0x102e7f30                LiquidCrystal_I2C_leftToRight
                0x102e7f4c                LiquidCrystal_I2C_scrollDisplayRight
                0x102e7f54                LiquidCrystal_I2C_scrollDisplayLeft
                0x102e7f5c                LiquidCrystal_I2C_blink
                0x102e7f78                LiquidCrystal_I2C_blink_on
                0x102e7f7c                LiquidCrystal_I2C_noBlink
                0x102e7f98                LiquidCrystal_I2C_blink_off
                0x102e7f9c                LiquidCrystal_I2C_cursor
                0x102e7fb8                LiquidCrystal_I2C_cursor_on
                0x102e7fbc                LiquidCrystal_I2C_noCursor
                0x102e7fd8                LiquidCrystal_I2C_cursor_off
                0x102e7fdc                LiquidCrystal_I2C_display
                0x102e7ff8                LiquidCrystal_I2C_noDisplay
                0x102e8014                LiquidCrystal_I2C_setCursor
                0x102e8074                LiquidCrystal_I2C_home
                0x102e8094                LiquidCrystal_I2C_clear
                0x102e80b4                LiquidCrystal_I2C_begin
                0x102e81a8                LiquidCrystal_I2C_printstr
                0x102e8270                LiquidCrystal_I2C_printchar
                0x102e8274                LiquidCrystal_I2C_printnstr
                0x102e82a4                spi_flash_cs
                0x102e82dc                writereg
                0x102e835c                readreg
                0x102e83d8                sethigh_powerregs
                0x102e8414                set_mode
                0x102e8518                initialise_rfm
                0x102e87ec                setpowerlevel
                0x102e881c                cansend
                0x102e8860                ackrequested
                0x102e8884                sendframe
                0x102e89ac                receivebegin
                0x102e8a28                receivedone
                0x102e8a70                sendack
                0x102e8af8                ackreceived
                0x102e8b40                _send
                0x102e8bc4                readrssi
                0x102e8c04                interrupthandler
                0x102e8ed4                touch_to_int
                0x102e93b8                get_number
                0x102e9774                get_id
                0x102e98ac                eeprom_write
                0x102e998c                eeprom_read
                0x102e9a80                wait_ok
                0x102ea6cc                del_msg
                0x102ea738                sms_text
                0x102ea7a4                gsm_init
                0x102eaabc                QSDK_Get_Str
                0x102ead6c                RIL_MQTT_QMTOPEN
                0x102eaf68                RIL_MQTT_QMTCONN
                0x102eb19c                RIL_MQTT_QMTPUB
                0x102eb30c                RIL_MQTT_QMTSUB
                0x102eb4e8                RIL_MQTT_QMTCLOSE
                0x102eb5c4                RIL_MQTT_QMTCFG_Ali
                0x102eb6a4                gprs_init
                0x102ebb9c                bt_init
                0x102ebd54                get_time
                0x102ec030                read_msg
                0x102ec0c8                device_add
                0x102ec32c                device_delete
                0x102ec49c                device_enable
                0x102ec600                device_disable
                0x102ec764                door_status
                0x102eca28                light_status1
                0x102ecb2c                proc_main_task
                0x102edf48                proc_subtask1
                0x102f2638                proc_subtask2
                0x102f3820                proc_subtask3
                0x102f4db8                proc_subtask4
                0x102f9864                proc_subtask5
 .text          0x102fb1b4       0x4c G:\IHOME_V1.0\libs\gcc\libapp_start.a(ocpu_init.o)
                0x102fb1b4                _OCPU_InitUserMem
 .text          0x102fb200      0x10c C:\Program Files\CodeSourcery\Sourcery_CodeBench_Lite_for_ARM_EABI\arm-none-eabi\lib\thumb\libc.a(lib_a-memcpy.o)
                0x102fb200                memcpy
 .text          0x102fb30c       0x9c C:\Program Files\CodeSourcery\Sourcery_CodeBench_Lite_for_ARM_EABI\arm-none-eabi\lib\thumb\libc.a(lib_a-memset.o)
                0x102fb30c                memset
 .text          0x102fb3a8       0x60 C:\Program Files\CodeSourcery\Sourcery_CodeBench_Lite_for_ARM_EABI\arm-none-eabi\lib\thumb\libc.a(lib_a-strncasecmp.o)
                0x102fb3a8                strncasecmp
 .text          0x102fb408      0x11c C:\Program Files\CodeSourcery\Sourcery_CodeBench_Lite_for_ARM_EABI\lib\gcc\arm-none-eabi\4.7.2\thumb\libgcc.a(_udivsi3.o)
                0x102fb408                __aeabi_uidiv
                0x102fb408                __udivsi3
                0x102fb504                __aeabi_uidivmod
 .text          0x102fb524      0x150 C:\Program Files\CodeSourcery\Sourcery_CodeBench_Lite_for_ARM_EABI\lib\gcc\arm-none-eabi\4.7.2\thumb\libgcc.a(_divsi3.o)
                0x102fb524                __divsi3
                0x102fb524                __aeabi_idiv
                0x102fb654                __aeabi_idivmod
 .text          0x102fb674        0x4 C:\Program Files\CodeSourcery\Sourcery_CodeBench_Lite_for_ARM_EABI\lib\gcc\arm-none-eabi\4.7.2\thumb\libgcc.a(_dvmd_tls.o)
                0x102fb674                __aeabi_idiv0
                0x102fb674                __aeabi_ldiv0
 .text          0x102fb678      0x41c C:\Program Files\CodeSourcery\Sourcery_CodeBench_Lite_for_ARM_EABI\lib\gcc\arm-none-eabi\4.7.2\thumb\libgcc.a(_arm_addsubdf3.o)
                0x102fb678                __aeabi_drsub
                0x102fb680                __aeabi_dsub
                0x102fb680                __subdf3
                0x102fb684                __aeabi_dadd
                0x102fb684                __adddf3
                0x102fb994                __floatunsidf
                0x102fb994                __aeabi_ui2d
                0x102fb9b8                __floatsidf
                0x102fb9b8                __aeabi_i2d
                0x102fb9e0                __aeabi_f2d
                0x102fb9e0                __extendsfdf2
                0x102fba20                __floatundidf
                0x102fba20                __aeabi_ul2d
                0x102fba34                __floatdidf
                0x102fba34                __aeabi_l2d
 .text          0x102fba94      0x49c C:\Program Files\CodeSourcery\Sourcery_CodeBench_Lite_for_ARM_EABI\lib\gcc\arm-none-eabi\4.7.2\thumb\libgcc.a(_arm_muldivdf3.o)
                0x102fba94                __aeabi_dmul
                0x102fba94                __muldf3
                0x102fbd24                __divdf3
                0x102fbd24                __aeabi_ddiv
 .text          0x102fbf30       0x5c C:\Program Files\CodeSourcery\Sourcery_CodeBench_Lite_for_ARM_EABI\lib\gcc\arm-none-eabi\4.7.2\thumb\libgcc.a(_arm_fixdfsi.o)
                0x102fbf30                __aeabi_d2iz
                0x102fbf30                __fixdfsi
 .text          0x102fbf8c       0x54 C:\Program Files\CodeSourcery\Sourcery_CodeBench_Lite_for_ARM_EABI\lib\gcc\arm-none-eabi\4.7.2\thumb\libgcc.a(_arm_fixunsdfsi.o)
                0x102fbf8c                __aeabi_d2uiz
                0x102fbf8c                __fixunsdfsi
 .text          0x102fbfe0       0xa0 C:\Program Files\CodeSourcery\Sourcery_CodeBench_Lite_for_ARM_EABI\lib\gcc\arm-none-eabi\4.7.2\thumb\libgcc.a(_arm_truncdfsf2.o)
                0x102fbfe0                __truncdfsf2
                0x102fbfe0                __aeabi_d2f
 .text          0x102fc080      0x2f8 C:\Program Files\CodeSourcery\Sourcery_CodeBench_Lite_for_ARM_EABI\lib\gcc\arm-none-eabi\4.7.2\thumb\libgcc.a(_arm_muldivsf3.o)
                0x102fc080                __mulsf3
                0x102fc080                __aeabi_fmul
                0x102fc218                __aeabi_fdiv
                0x102fc218                __divsf3
 .text          0x102fc378      0x114 C:\Program Files\CodeSourcery\Sourcery_CodeBench_Lite_for_ARM_EABI\lib\gcc\arm-none-eabi\4.7.2\thumb\libgcc.a(_arm_cmpsf2.o)
                0x102fc378                __gesf2
                0x102fc378                __gtsf2
                0x102fc380                __lesf2
                0x102fc380                __ltsf2
                0x102fc388                __nesf2
                0x102fc388                __eqsf2
                0x102fc388                __cmpsf2
                0x102fc3ec                __aeabi_cfrcmple
                0x102fc3fc                __aeabi_cfcmpeq
                0x102fc3fc                __aeabi_cfcmple
                0x102fc414                __aeabi_fcmpeq
                0x102fc42c                __aeabi_fcmplt
                0x102fc444                __aeabi_fcmple
                0x102fc45c                __aeabi_fcmpge
                0x102fc474                __aeabi_fcmpgt
 .text          0x102fc48c       0x5c C:\Program Files\CodeSourcery\Sourcery_CodeBench_Lite_for_ARM_EABI\lib\gcc\arm-none-eabi\4.7.2\thumb\libgcc.a(_arm_fixsfsi.o)
                0x102fc48c                __aeabi_f2iz
                0x102fc48c                __fixsfsi
 .text.__stub   0x102fc4e8        0xc linker stubs

.glue_7         0x102fc4f8        0x0
 .glue_7        0x00000000        0x0 linker stubs

.glue_7t        0x102fc4f8        0x0
 .glue_7t       0x00000000        0x0 linker stubs

.vfp11_veneer   0x102fc4f8        0x0
 .vfp11_veneer  0x00000000        0x0 linker stubs

.v4_bx          0x102fc4f8        0x0
 .v4_bx         0x00000000        0x0 linker stubs

.iplt           0x102fc4f8        0x0
 .iplt          0x00000000        0x0 ./ril/src/Ril_dtmf.o

.text.Ql_ADC_Register
                0x102fc4f8       0x70
 .text.Ql_ADC_Register
                0x102fc4f8       0x70 G:\IHOME_V1.0\libs\gcc\libapp_start.a(adc.o)
                0x102fc4f8                Ql_ADC_Register

.text.Ql_ADC_Init
                0x102fc568       0x70
 .text.Ql_ADC_Init
                0x102fc568       0x70 G:\IHOME_V1.0\libs\gcc\libapp_start.a(adc.o)
                0x102fc568                Ql_ADC_Init

.text.Ql_ADC_Sampling
                0x102fc5d8       0x68
 .text.Ql_ADC_Sampling
                0x102fc5d8       0x68 G:\IHOME_V1.0\libs\gcc\libapp_start.a(adc.o)
                0x102fc5d8                Ql_ADC_Sampling

.text.Ql_EINT_RegisterFast
                0x102fc640       0x70
 .text.Ql_EINT_RegisterFast
                0x102fc640       0x70 G:\IHOME_V1.0\libs\gcc\libapp_start.a(eint.o)
                0x102fc640                Ql_EINT_RegisterFast

.text.Ql_EINT_Init
                0x102fc6b0       0x80
 .text.Ql_EINT_Init
                0x102fc6b0       0x80 G:\IHOME_V1.0\libs\gcc\libapp_start.a(eint.o)
                0x102fc6b0                Ql_EINT_Init

.text.Ql_EINT_GetLevel
                0x102fc730       0x60
 .text.Ql_EINT_GetLevel
                0x102fc730       0x60 G:\IHOME_V1.0\libs\gcc\libapp_start.a(eint.o)
                0x102fc730                Ql_EINT_GetLevel

.text.Ql_EINT_Mask
                0x102fc790       0x54
 .text.Ql_EINT_Mask
                0x102fc790       0x54 G:\IHOME_V1.0\libs\gcc\libapp_start.a(eint.o)
                0x102fc790                Ql_EINT_Mask

.text.Ql_EINT_Unmask
                0x102fc7e4       0x54
 .text.Ql_EINT_Unmask
                0x102fc7e4       0x54 G:\IHOME_V1.0\libs\gcc\libapp_start.a(eint.o)
                0x102fc7e4                Ql_EINT_Unmask

.text.Ql_FS_Open
                0x102fc838       0x68
 .text.Ql_FS_Open
                0x102fc838       0x68 G:\IHOME_V1.0\libs\gcc\libapp_start.a(fileSys.o)
                0x102fc838                Ql_FS_Open

.text.Ql_FS_OpenRAMFile
                0x102fc8a0       0x70
 .text.Ql_FS_OpenRAMFile
                0x102fc8a0       0x70 G:\IHOME_V1.0\libs\gcc\libapp_start.a(fileSys.o)
                0x102fc8a0                Ql_FS_OpenRAMFile

.text.Ql_FS_Read
                0x102fc910       0x78
 .text.Ql_FS_Read
                0x102fc910       0x78 G:\IHOME_V1.0\libs\gcc\libapp_start.a(fileSys.o)
                0x102fc910                Ql_FS_Read

.text.Ql_FS_Close
                0x102fc988       0x54
 .text.Ql_FS_Close
                0x102fc988       0x54 G:\IHOME_V1.0\libs\gcc\libapp_start.a(fileSys.o)
                0x102fc988                Ql_FS_Close

.text.Ql_FS_GetSize
                0x102fc9dc       0x60
 .text.Ql_FS_GetSize
                0x102fc9dc       0x60 G:\IHOME_V1.0\libs\gcc\libapp_start.a(fileSys.o)
                0x102fc9dc                Ql_FS_GetSize

.text.Ql_FS_Delete
                0x102fca3c       0x60
 .text.Ql_FS_Delete
                0x102fca3c       0x60 G:\IHOME_V1.0\libs\gcc\libapp_start.a(fileSys.o)
                0x102fca3c                Ql_FS_Delete

.text.Ql_FS_Check
                0x102fca9c       0x60
 .text.Ql_FS_Check
                0x102fca9c       0x60 G:\IHOME_V1.0\libs\gcc\libapp_start.a(fileSys.o)
                0x102fca9c                Ql_FS_Check

.text.Ql_FOTA_Init
                0x102fcafc       0x60
 .text.Ql_FOTA_Init
                0x102fcafc       0x60 G:\IHOME_V1.0\libs\gcc\libapp_start.a(fota.o)
                0x102fcafc                Ql_FOTA_Init

.text.Ql_FOTA_WriteData
                0x102fcb5c       0x68
 .text.Ql_FOTA_WriteData
                0x102fcb5c       0x68 G:\IHOME_V1.0\libs\gcc\libapp_start.a(fota.o)
                0x102fcb5c                Ql_FOTA_WriteData

.text.Ql_FOTA_Finish
                0x102fcbc4       0x58
 .text.Ql_FOTA_Finish
                0x102fcbc4       0x58 G:\IHOME_V1.0\libs\gcc\libapp_start.a(fota.o)
                0x102fcbc4                Ql_FOTA_Finish

.text.Ql_FOTA_Update
                0x102fcc1c       0x58
 .text.Ql_FOTA_Update
                0x102fcc1c       0x58 G:\IHOME_V1.0\libs\gcc\libapp_start.a(fota.o)
                0x102fcc1c                Ql_FOTA_Update

.text.Ql_GPIO_Init
                0x102fcc74       0x78
 .text.Ql_GPIO_Init
                0x102fcc74       0x78 G:\IHOME_V1.0\libs\gcc\libapp_start.a(gpio.o)
                0x102fcc74                Ql_GPIO_Init

.text.Ql_GPIO_SetLevel
                0x102fccec       0x68
 .text.Ql_GPIO_SetLevel
                0x102fccec       0x68 G:\IHOME_V1.0\libs\gcc\libapp_start.a(gpio.o)
                0x102fccec                Ql_GPIO_SetLevel

.text.Ql_GPIO_GetLevel
                0x102fcd54       0x60
 .text.Ql_GPIO_GetLevel
                0x102fcd54       0x60 G:\IHOME_V1.0\libs\gcc\libapp_start.a(gpio.o)
                0x102fcd54                Ql_GPIO_GetLevel

.text.Ql_GPRS_GetPDPCntxtState
                0x102fcdb4       0x60
 .text.Ql_GPRS_GetPDPCntxtState
                0x102fcdb4       0x60 G:\IHOME_V1.0\libs\gcc\libapp_start.a(gprs.o)
                0x102fcdb4                Ql_GPRS_GetPDPCntxtState

.text.Ql_GPRS_GetPDPContextId
                0x102fce14       0x60
 .text.Ql_GPRS_GetPDPContextId
                0x102fce14       0x60 G:\IHOME_V1.0\libs\gcc\libapp_start.a(gprs.o)
                0x102fce14                Ql_GPRS_GetPDPContextId

.text.Ql_IIC_Init
                0x102fce74       0x78
 .text.Ql_IIC_Init
                0x102fce74       0x78 G:\IHOME_V1.0\libs\gcc\libapp_start.a(iic.o)
                0x102fce74                Ql_IIC_Init

.text.Ql_IIC_Config
                0x102fceec       0x78
 .text.Ql_IIC_Config
                0x102fceec       0x78 G:\IHOME_V1.0\libs\gcc\libapp_start.a(iic.o)
                0x102fceec                Ql_IIC_Config

.text.Ql_IIC_Write
                0x102fcf64       0x78
 .text.Ql_IIC_Write
                0x102fcf64       0x78 G:\IHOME_V1.0\libs\gcc\libapp_start.a(iic.o)
                0x102fcf64                Ql_IIC_Write

.text.Ql_IIC_Write_Read
                0x102fcfdc       0x88
 .text.Ql_IIC_Write_Read
                0x102fcfdc       0x88 G:\IHOME_V1.0\libs\gcc\libapp_start.a(iic.o)
                0x102fcfdc                Ql_IIC_Write_Read

.text.EncodeAddress
                0x102fd064      0x228
 .text.EncodeAddress
                0x102fd064      0x228 G:\IHOME_V1.0\libs\gcc\libapp_start.a(lib_ril_sms.o)

.text.DecodeUserDataHeader
                0x102fd28c       0xb8
 .text.DecodeUserDataHeader
                0x102fd28c       0xb8 G:\IHOME_V1.0\libs\gcc\libapp_start.a(lib_ril_sms.o)

.text.EncodeGSM7Bit.part.2
                0x102fd344       0xd4
 .text.EncodeGSM7Bit.part.2
                0x102fd344       0xd4 G:\IHOME_V1.0\libs\gcc\libapp_start.a(lib_ril_sms.o)

.text.DecodeGSM7Bit
                0x102fd418      0x148
 .text.DecodeGSM7Bit
                0x102fd418      0x148 G:\IHOME_V1.0\libs\gcc\libapp_start.a(lib_ril_sms.o)

.text.DecodeAddress
                0x102fd560      0x218
 .text.DecodeAddress
                0x102fd560      0x218 G:\IHOME_V1.0\libs\gcc\libapp_start.a(lib_ril_sms.o)

.text.DecordUserDataBody.part.5
                0x102fd778      0x180
 .text.DecordUserDataBody.part.5
                0x102fd778      0x180 G:\IHOME_V1.0\libs\gcc\libapp_start.a(lib_ril_sms.o)

.text.DecodeTimeStamp.constprop.8
                0x102fd8f8       0xfc
 .text.DecodeTimeStamp.constprop.8
                0x102fd8f8       0xfc G:\IHOME_V1.0\libs\gcc\libapp_start.a(lib_ril_sms.o)

.text.LIB_SMS_IsValidHexStr
                0x102fd9f4       0x54
 .text.LIB_SMS_IsValidHexStr
                0x102fd9f4       0x54 G:\IHOME_V1.0\libs\gcc\libapp_start.a(lib_ril_sms.o)
                0x102fd9f4                LIB_SMS_IsValidHexStr

.text.LIB_SMS_ConvHexOctToHexStr
                0x102fda48       0xa8
 .text.LIB_SMS_ConvHexOctToHexStr
                0x102fda48       0xa8 G:\IHOME_V1.0\libs\gcc\libapp_start.a(lib_ril_sms.o)
                0x102fda48                LIB_SMS_ConvHexOctToHexStr

.text.LIB_SMS_ConvHexStrToHexOct
                0x102fdaf0       0xe8
 .text.LIB_SMS_ConvHexStrToHexOct
                0x102fdaf0       0xe8 G:\IHOME_V1.0\libs\gcc\libapp_start.a(lib_ril_sms.o)
                0x102fdaf0                LIB_SMS_ConvHexStrToHexOct

.text.LIB_SMS_DecodeDCS
                0x102fdbd8      0x164
 .text.LIB_SMS_DecodeDCS
                0x102fdbd8      0x164 G:\IHOME_V1.0\libs\gcc\libapp_start.a(lib_ril_sms.o)
                0x102fdbd8                LIB_SMS_DecodeDCS

.text.LIB_SMS_ConvAlphaToCharSet
                0x102fdd3c      0x43c
 .text.LIB_SMS_ConvAlphaToCharSet
                0x102fdd3c      0x43c G:\IHOME_V1.0\libs\gcc\libapp_start.a(lib_ril_sms.o)
                0x102fdd3c                LIB_SMS_ConvAlphaToCharSet

.text.LIB_SMS_ConvCharSetToAlpha
                0x102fe178      0x7b4
 .text.LIB_SMS_ConvCharSetToAlpha
                0x102fe178      0x7b4 G:\IHOME_V1.0\libs\gcc\libapp_start.a(lib_ril_sms.o)
                0x102fe178                LIB_SMS_ConvCharSetToAlpha

.text.LIB_SMS_DecodePDUStr
                0x102fe92c      0x500
 .text.LIB_SMS_DecodePDUStr
                0x102fe92c      0x500 G:\IHOME_V1.0\libs\gcc\libapp_start.a(lib_ril_sms.o)
                0x102fe92c                LIB_SMS_DecodePDUStr

.text.LIB_SMS_EncodeSubmitPDU
                0x102fee2c      0x730
 .text.LIB_SMS_EncodeSubmitPDU
                0x102fee2c      0x730 G:\IHOME_V1.0\libs\gcc\libapp_start.a(lib_ril_sms.o)
                0x102fee2c                LIB_SMS_EncodeSubmitPDU

.text.Ql_MEM_Alloc
                0x102ff55c       0x78
 .text.Ql_MEM_Alloc
                0x102ff55c       0x78 G:\IHOME_V1.0\libs\gcc\libapp_start.a(memory.o)
                0x102ff55c                Ql_MEM_Alloc

.text.Ql_MEM_Free
                0x102ff5d4       0x74
 .text.Ql_MEM_Free
                0x102ff5d4       0x74 G:\IHOME_V1.0\libs\gcc\libapp_start.a(memory.o)
                0x102ff5d4                Ql_MEM_Free

.text.ql_InitVFunc
                0x102ff648      0x104
 .text.ql_InitVFunc
                0x102ff648      0x104 G:\IHOME_V1.0\libs\gcc\libapp_start.a(ql_main.o)
                0x102ff648                ql_InitVFunc

.text.ocpu_main
                0x102ff74c       0xf0
 .text.ocpu_main
                0x102ff74c       0xf0 G:\IHOME_V1.0\libs\gcc\libapp_start.a(ql_main.o)
                0x102ff74c                ocpu_main

.text.proc_reserved2
                0x102ff83c       0x70
 .text.proc_reserved2
                0x102ff83c       0x70 G:\IHOME_V1.0\libs\gcc\libapp_start.a(ril_aux.o)
                0x102ff83c                proc_reserved2

.text.ril_StopATTimer
                0x102ff8ac       0x34
 .text.ril_StopATTimer
                0x102ff8ac       0x34 G:\IHOME_V1.0\libs\gcc\libapp_start.a(ril_main.o)

.text.Callback_OnATTimer
                0x102ff8e0       0x4c
 .text.Callback_OnATTimer
                0x102ff8e0       0x4c G:\IHOME_V1.0\libs\gcc\libapp_start.a(ril_main.o)

.text.CallBack_SerialPort_Hdlr
                0x102ff92c      0x384
 .text.CallBack_SerialPort_Hdlr
                0x102ff92c      0x384 G:\IHOME_V1.0\libs\gcc\libapp_start.a(ril_main.o)

.text.proc_reserved1
                0x102ffcb0      0x200
 .text.proc_reserved1
                0x102ffcb0      0x200 G:\IHOME_V1.0\libs\gcc\libapp_start.a(ril_main.o)
                0x102ffcb0                proc_reserved1

.text.Ql_RIL_Initialize
                0x102ffeb0       0xd4
 .text.Ql_RIL_Initialize
                0x102ffeb0       0xd4 G:\IHOME_V1.0\libs\gcc\libapp_start.a(ril_main.o)
                0x102ffeb0                Ql_RIL_Initialize

.text.Ql_RIL_SendATCmd
                0x102fff84      0x260
 .text.Ql_RIL_SendATCmd
                0x102fff84      0x260 G:\IHOME_V1.0\libs\gcc\libapp_start.a(ril_main.o)
                0x102fff84                Ql_RIL_SendATCmd

.text.Ql_RIL_WriteDataToCore
                0x103001e4       0x24
 .text.Ql_RIL_WriteDataToCore
                0x103001e4       0x24 G:\IHOME_V1.0\libs\gcc\libapp_start.a(ril_main.o)
                0x103001e4                Ql_RIL_WriteDataToCore

.text.Ql_SPI_Init
                0x10300208       0x88
 .text.Ql_SPI_Init
                0x10300208       0x88 G:\IHOME_V1.0\libs\gcc\libapp_start.a(spi.o)
                0x10300208                Ql_SPI_Init

.text.Ql_SPI_Config
                0x10300290       0x80
 .text.Ql_SPI_Config
                0x10300290       0x80 G:\IHOME_V1.0\libs\gcc\libapp_start.a(spi.o)
                0x10300290                Ql_SPI_Config

.text.Ql_SPI_Write
                0x10300310       0x70
 .text.Ql_SPI_Write
                0x10300310       0x70 G:\IHOME_V1.0\libs\gcc\libapp_start.a(spi.o)
                0x10300310                Ql_SPI_Write

.text.Ql_SPI_WriteRead
                0x10300380       0x80
 .text.Ql_SPI_WriteRead
                0x10300380       0x80 G:\IHOME_V1.0\libs\gcc\libapp_start.a(spi.o)
                0x10300380                Ql_SPI_WriteRead

.text.Ql_atof   0x10300400       0x98
 .text.Ql_atof  0x10300400       0x98 G:\IHOME_V1.0\libs\gcc\libapp_start.a(stdlib_func.o)
                0x10300400                Ql_atof

.text.Ql_strcpy
                0x10300498       0xa0
 .text.Ql_strcpy
                0x10300498       0xa0 G:\IHOME_V1.0\libs\gcc\libapp_start.a(stdlib_func.o)
                0x10300498                Ql_strcpy

.text.Ql_strncpy
                0x10300538       0x88
 .text.Ql_strncpy
                0x10300538       0x88 G:\IHOME_V1.0\libs\gcc\libapp_start.a(stdlib_func.o)
                0x10300538                Ql_strncpy

.text.Ql_strncat
                0x103005c0       0x88
 .text.Ql_strncat
                0x103005c0       0x88 G:\IHOME_V1.0\libs\gcc\libapp_start.a(stdlib_func.o)
                0x103005c0                Ql_strncat

.text.Ql_strlen
                0x10300648       0x78
 .text.Ql_strlen
                0x10300648       0x78 G:\IHOME_V1.0\libs\gcc\libapp_start.a(stdlib_func.o)
                0x10300648                Ql_strlen

.text.Ql_strcmp
                0x103006c0       0x68
 .text.Ql_strcmp
                0x103006c0       0x68 G:\IHOME_V1.0\libs\gcc\libapp_start.a(stdlib_func.o)
                0x103006c0                Ql_strcmp

.text.Ql_strncmp
                0x10300728       0x70
 .text.Ql_strncmp
                0x10300728       0x70 G:\IHOME_V1.0\libs\gcc\libapp_start.a(stdlib_func.o)
                0x10300728                Ql_strncmp

.text.Ql_memset
                0x10300798       0x88
 .text.Ql_memset
                0x10300798       0x88 G:\IHOME_V1.0\libs\gcc\libapp_start.a(stdlib_func.o)
                0x10300798                Ql_memset

.text.Ql_memcpy
                0x10300820       0x88
 .text.Ql_memcpy
                0x10300820       0x88 G:\IHOME_V1.0\libs\gcc\libapp_start.a(stdlib_func.o)
                0x10300820                Ql_memcpy

.text.Ql_strstr
                0x103008a8       0x80
 .text.Ql_strstr
                0x103008a8       0x80 G:\IHOME_V1.0\libs\gcc\libapp_start.a(stdlib_func.o)
                0x103008a8                Ql_strstr

.text.Ql_toupper
                0x10300928        0x8
 .text.Ql_toupper
                0x10300928        0x8 G:\IHOME_V1.0\libs\gcc\libapp_start.a(stdlib_func.o)
                0x10300928                Ql_toupper

.text.Ql_tolower
                0x10300930        0x8
 .text.Ql_tolower
                0x10300930        0x8 G:\IHOME_V1.0\libs\gcc\libapp_start.a(stdlib_func.o)
                0x10300930                Ql_tolower

.text.Ql_atoi   0x10300938       0x84
 .text.Ql_atoi  0x10300938       0x84 G:\IHOME_V1.0\libs\gcc\libapp_start.a(stdlib_func.o)
                0x10300938                Ql_atoi

.text.Ql_Sleep  0x103009bc       0x74
 .text.Ql_Sleep
                0x103009bc       0x74 G:\IHOME_V1.0\libs\gcc\libapp_start.a(system.o)
                0x103009bc                Ql_Sleep

.text.Ql_GetSDKVer
                0x10300a30       0x64
 .text.Ql_GetSDKVer
                0x10300a30       0x64 G:\IHOME_V1.0\libs\gcc\libapp_start.a(system.o)
                0x10300a30                Ql_GetSDKVer

.text.Ql_OS_GetMessage
                0x10300a94       0x60
 .text.Ql_OS_GetMessage
                0x10300a94       0x60 G:\IHOME_V1.0\libs\gcc\libapp_start.a(taskMngt.o)
                0x10300a94                Ql_OS_GetMessage

.text.Ql_OS_SendMessage
                0x10300af4       0x78
 .text.Ql_OS_SendMessage
                0x10300af4       0x78 G:\IHOME_V1.0\libs\gcc\libapp_start.a(taskMngt.o)
                0x10300af4                Ql_OS_SendMessage

.text.Ql_OS_CreateMutex
                0x10300b6c       0x54
 .text.Ql_OS_CreateMutex
                0x10300b6c       0x54 G:\IHOME_V1.0\libs\gcc\libapp_start.a(taskMngt.o)
                0x10300b6c                Ql_OS_CreateMutex

.text.Ql_OS_TakeMutex
                0x10300bc0       0x54
 .text.Ql_OS_TakeMutex
                0x10300bc0       0x54 G:\IHOME_V1.0\libs\gcc\libapp_start.a(taskMngt.o)
                0x10300bc0                Ql_OS_TakeMutex

.text.Ql_OS_GiveMutex
                0x10300c14       0x54
 .text.Ql_OS_GiveMutex
                0x10300c14       0x54 G:\IHOME_V1.0\libs\gcc\libapp_start.a(taskMngt.o)
                0x10300c14                Ql_OS_GiveMutex

.text.Ql_OS_CreateEvent
                0x10300c68       0x54
 .text.Ql_OS_CreateEvent
                0x10300c68       0x54 G:\IHOME_V1.0\libs\gcc\libapp_start.a(taskMngt.o)
                0x10300c68                Ql_OS_CreateEvent

.text.Ql_OS_WaitEvent
                0x10300cbc       0x68
 .text.Ql_OS_WaitEvent
                0x10300cbc       0x68 G:\IHOME_V1.0\libs\gcc\libapp_start.a(taskMngt.o)
                0x10300cbc                Ql_OS_WaitEvent

.text.Ql_OS_SetEvent
                0x10300d24       0x68
 .text.Ql_OS_SetEvent
                0x10300d24       0x68 G:\IHOME_V1.0\libs\gcc\libapp_start.a(taskMngt.o)
                0x10300d24                Ql_OS_SetEvent

.text.Ql_SetLocalTime
                0x10300d8c       0x60
 .text.Ql_SetLocalTime
                0x10300d8c       0x60 G:\IHOME_V1.0\libs\gcc\libapp_start.a(time.o)
                0x10300d8c                Ql_SetLocalTime

.text.Ql_GetLocalTime
                0x10300dec       0x54
 .text.Ql_GetLocalTime
                0x10300dec       0x54 G:\IHOME_V1.0\libs\gcc\libapp_start.a(time.o)
                0x10300dec                Ql_GetLocalTime

.text.Ql_Timer_Register
                0x10300e40       0x70
 .text.Ql_Timer_Register
                0x10300e40       0x70 G:\IHOME_V1.0\libs\gcc\libapp_start.a(timer.o)
                0x10300e40                Ql_Timer_Register

.text.Ql_Timer_RegisterFast
                0x10300eb0       0x70
 .text.Ql_Timer_RegisterFast
                0x10300eb0       0x70 G:\IHOME_V1.0\libs\gcc\libapp_start.a(timer.o)
                0x10300eb0                Ql_Timer_RegisterFast

.text.Ql_Timer_Start
                0x10300f20       0x70
 .text.Ql_Timer_Start
                0x10300f20       0x70 G:\IHOME_V1.0\libs\gcc\libapp_start.a(timer.o)
                0x10300f20                Ql_Timer_Start

.text.Ql_Timer_Stop
                0x10300f90       0x60
 .text.Ql_Timer_Stop
                0x10300f90       0x60 G:\IHOME_V1.0\libs\gcc\libapp_start.a(timer.o)
                0x10300f90                Ql_Timer_Stop

.text.Ql_UART_Register
                0x10300ff0       0x70
 .text.Ql_UART_Register
                0x10300ff0       0x70 G:\IHOME_V1.0\libs\gcc\libapp_start.a(uart.o)
                0x10300ff0                Ql_UART_Register

.text.Ql_UART_Open
                0x10301060       0x70
 .text.Ql_UART_Open
                0x10301060       0x70 G:\IHOME_V1.0\libs\gcc\libapp_start.a(uart.o)
                0x10301060                Ql_UART_Open

.text.Ql_UART_Write
                0x103010d0       0x70
 .text.Ql_UART_Write
                0x103010d0       0x70 G:\IHOME_V1.0\libs\gcc\libapp_start.a(uart.o)
                0x103010d0                Ql_UART_Write

.text.Ql_UART_Read
                0x10301140       0x70
 .text.Ql_UART_Read
                0x10301140       0x70 G:\IHOME_V1.0\libs\gcc\libapp_start.a(uart.o)
                0x10301140                Ql_UART_Read

.text.Ql_UART_GetPinStatus
                0x103011b0       0x68
 .text.Ql_UART_GetPinStatus
                0x103011b0       0x68 G:\IHOME_V1.0\libs\gcc\libapp_start.a(uart.o)
                0x103011b0                Ql_UART_GetPinStatus

.text.Ql_UART_SendEscap
                0x10301218       0x60
 .text.Ql_UART_SendEscap
                0x10301218       0x60 G:\IHOME_V1.0\libs\gcc\libapp_start.a(uart.o)
                0x10301218                Ql_UART_SendEscap

.rodata         0x10301278     0x12b4
 *(.rodata)
 .rodata        0x10301278       0x1c ./ril/src/Ril_dtmf.o
 .rodata        0x10301294       0x10 ./ril/src/ril_ble.o
 .rodata        0x103012a4      0x11c ./ril/src/ril_bluetooth.o
 .rodata        0x103013c0       0x44 ./ril/src/ril_gps.o
 .rodata        0x10301404       0x10 ./ril/src/ril_location.o
 .rodata        0x10301414       0x68 ./ril/src/ril_network.o
 .rodata        0x1030147c        0xc ./ril/src/ril_ntp.o
 .rodata        0x10301488       0x48 ./ril/src/ril_sim.o
 .rodata        0x103014d0      0xa48 ./ril/src/ril_urc.o
 .rodata        0x10301f18       0x4c ./custom/config/custom_sys_cfg.o
                0x10301f1c                SystemCfg
 .rodata        0x10301f64       0xb8 ./custom/config/sys_config.o
                0x10301f64                GpioConfigTbl
                0x10301f68                TaskConfig
 .rodata        0x1030201c       0x20 ./custom/main.o
 .rodata        0x1030203c      0x3bc G:\IHOME_V1.0\libs\gcc\libapp_start.a(lib_ril_sms.o)
 .rodata        0x103023f8       0x16 G:\IHOME_V1.0\libs\gcc\libapp_start.a(ql_main.o)
 .rodata        0x1030240e        0x4 G:\IHOME_V1.0\libs\gcc\libapp_start.a(ril_main.o)
 .rodata        0x10302412       0x16 G:\IHOME_V1.0\libs\gcc\libapp_start.a(system.o)
 .rodata        0x10302428      0x104 C:\Program Files\CodeSourcery\Sourcery_CodeBench_Lite_for_ARM_EABI\arm-none-eabi\lib\thumb\libc.a(lib_a-ctype_.o)
                0x10302428                _ctype_

.rodata.str1.4  0x1030252c     0x37c8
 .rodata.str1.4
                0x1030252c       0xd7 ./ril/src/Ril_dtmf.o
                                 0xdc (size before relaxing)
 *fill*         0x10302603        0x1 
 .rodata.str1.4
                0x10302604       0x19 ./ril/src/ril_atResponse.o
                                 0x34 (size before relaxing)
 *fill*         0x1030261d        0x3 
 .rodata.str1.4
                0x10302620      0x4e4 ./ril/src/ril_ble.o
                                0x528 (size before relaxing)
 .rodata.str1.4
                0x10302b04      0x4d0 ./ril/src/ril_bluetooth.o
                                0x544 (size before relaxing)
 .rodata.str1.4
                0x10302fd4      0x294 ./ril/src/ril_ftp.o
                                0x2c0 (size before relaxing)
 .rodata.str1.4
                0x10303268      0x11b ./ril/src/ril_gps.o
                                0x13c (size before relaxing)
 *fill*         0x10303383        0x1 
 .rodata.str1.4
                0x10303384       0x57 ./ril/src/ril_init.o
                                 0x58 (size before relaxing)
 *fill*         0x103033db        0x1 
 .rodata.str1.4
                0x103033dc       0x49 ./ril/src/ril_location.o
                                 0x6c (size before relaxing)
 *fill*         0x10303425        0x3 
 .rodata.str1.4
                0x10303428      0x101 ./ril/src/ril_network.o
                                0x13c (size before relaxing)
 *fill*         0x10303529        0x3 
 .rodata.str1.4
                0x1030352c       0x12 ./ril/src/ril_ntp.o
                                 0x14 (size before relaxing)
 *fill*         0x1030353e        0x2 
 .rodata.str1.4
                0x10303540       0xa4 ./ril/src/ril_sim.o
                                 0xc8 (size before relaxing)
 .rodata.str1.4
                0x103035e4       0xbe ./ril/src/ril_sms.o
                                 0xec (size before relaxing)
 *fill*         0x103036a2        0x2 
 .rodata.str1.4
                0x103036a4       0x28 ./ril/src/ril_telephony.o
                                 0x48 (size before relaxing)
 .rodata.str1.4
                0x103036cc      0x1a8 ./ril/src/ril_urc.o
                                0x1b4 (size before relaxing)
 .rodata.str1.4
                0x10303874       0x15 ./ril/src/ril_util.o
                                 0x20 (size before relaxing)
 *fill*         0x10303889        0x3 
 .rodata.str1.4
                0x1030388c      0x6e8 ./custom/fota/src/fota_ftp.o
                                0x6ec (size before relaxing)
 .rodata.str1.4
                0x10303f74      0x1f9 ./custom/fota/src/fota_main.o
                                0x1fc (size before relaxing)
 *fill*         0x1030416d        0x3 
 .rodata.str1.4
                0x10304170     0x1b84 ./custom/main.o
                               0x1be0 (size before relaxing)

.rodata.str1.1  0x10305cf4      0x888
 .rodata.str1.1
                0x10305cf4       0x2c G:\IHOME_V1.0\libs\gcc\libapp_start.a(adc.o)
 .rodata.str1.1
                0x10305d20       0x6f G:\IHOME_V1.0\libs\gcc\libapp_start.a(eint.o)
 .rodata.str1.1
                0x10305d8f      0x15c G:\IHOME_V1.0\libs\gcc\libapp_start.a(fileSys.o)
 .rodata.str1.1
                0x10305eeb       0x4e G:\IHOME_V1.0\libs\gcc\libapp_start.a(fota.o)
 .rodata.str1.1
                0x10305f39       0x9a G:\IHOME_V1.0\libs\gcc\libapp_start.a(gpio.o)
 .rodata.str1.1
                0x10305fd3       0xcb G:\IHOME_V1.0\libs\gcc\libapp_start.a(gprs.o)
 .rodata.str1.1
                0x1030609e       0x53 G:\IHOME_V1.0\libs\gcc\libapp_start.a(iic.o)
 .rodata.str1.1
                0x103060f1       0x19 G:\IHOME_V1.0\libs\gcc\libapp_start.a(memory.o)
 .rodata.str1.1
                0x1030610a       0x56 G:\IHOME_V1.0\libs\gcc\libapp_start.a(ql_main.o)
 .rodata.str1.1
                0x10306160       0x1e G:\IHOME_V1.0\libs\gcc\libapp_start.a(ril_main.o)
                                 0x25 (size before relaxing)
 .rodata.str1.1
                0x1030617e       0x52 G:\IHOME_V1.0\libs\gcc\libapp_start.a(spi.o)
 .rodata.str1.1
                0x103061d0       0xa1 G:\IHOME_V1.0\libs\gcc\libapp_start.a(stdlib_func.o)
 .rodata.str1.1
                0x10306271       0x3d G:\IHOME_V1.0\libs\gcc\libapp_start.a(system.o)
 .rodata.str1.1
                0x103062ae      0x140 G:\IHOME_V1.0\libs\gcc\libapp_start.a(taskMngt.o)
 .rodata.str1.1
                0x103063ee       0x41 G:\IHOME_V1.0\libs\gcc\libapp_start.a(time.o)
 .rodata.str1.1
                0x1030642f       0x45 G:\IHOME_V1.0\libs\gcc\libapp_start.a(timer.o)
 .rodata.str1.1
                0x10306474      0x108 G:\IHOME_V1.0\libs\gcc\libapp_start.a(uart.o)

.rel.dyn        0x1030657c        0x0
 .rel.iplt      0x00000000        0x0 ./ril/src/Ril_dtmf.o

.data           0xf03d2000      0x730 load address 0x10306580
                0x10306580                PROVIDE (__data_load, LOADADDR (.data))
                0xf03d2000                PROVIDE (__data_start, .)
 *(.data)
 .data          0xf03d2000        0x1 ./ril/src/ril_bluetooth.o
 *fill*         0xf03d2001        0x3 
 .data          0xf03d2004       0x20 ./ril/src/ril_init.o
                0xf03d2004                g_LimitedCmds
                0xf03d200c                g_InitCmds
 .data          0xf03d2024       0x68 ./custom/fota/src/fota_main.o
                0xf03d2024                Fota_apn
                0xf03d2088                g_FOTA_State
 .data          0xf03d208c      0x670 ./custom/main.o
                0xf03d208c                apn_id
                0xf03d208d                pinname
                0xf03d266c                spi_usr_type
                0xf03d266d                networkid
                0xf03d266e                nodeid
 .data          0xf03d26fc       0x18 G:\IHOME_V1.0\libs\gcc\libapp_start.a(ql_func.o)
                0xf03d26fc                api_notsup
 .data          0xf03d2714        0x4 G:\IHOME_V1.0\libs\gcc\libapp_start.a(ril_aux.o)
                0xf03d2714                g_ril_auxTaskId
 .data          0xf03d2718       0x10 G:\IHOME_V1.0\libs\gcc\libapp_start.a(ril_main.o)
 .data          0xf03d2728        0x4 C:\Program Files\CodeSourcery\Sourcery_CodeBench_Lite_for_ARM_EABI\arm-none-eabi\lib\thumb\libc.a(lib_a-ctype_.o)
                0xf03d2728                __ctype_ptr__
                0xf03d2730                . = ALIGN (0x8)
 *fill*         0xf03d272c        0x4 
                0xf03d2730                PROVIDE (_edata, .)

.igot.plt       0xf03d2730        0x0 load address 0x10306cb0
 .igot.plt      0x00000000        0x0 ./ril/src/Ril_dtmf.o

.bss            0xf03d2730     0x2b64 load address 0x10306cb0
                0xf03d2730                PROVIDE (__bss_start__, .)
 *(.bss)
 .bss           0xf03d2730       0x10 ./ril/src/Ril_dtmf.o
 .bss           0xf03d2740        0x4 ./ril/src/ril_atResponse.o
 .bss           0xf03d2744        0x4 ./ril/src/ril_audio.o
                0xf03d2744                cb_aud_play
 .bss           0xf03d2748        0x4 ./ril/src/ril_ble.o
 .bss           0xf03d274c       0x98 ./ril/src/ril_bluetooth.o
 .bss           0xf03d27e4        0x4 ./ril/src/ril_custom.o
                0xf03d27e4                cb_rcvCoreData
 .bss           0xf03d27e8        0x4 ./ril/src/ril_gps.o
 .bss           0xf03d27ec       0x18 ./ril/src/ril_http.o
                0xf03d27f0                http_url_addr
                0xf03d27f4                http_url_addr_len
                0xf03d27f8                http_post_msg
                0xf03d27fc                http_post_msg_len
                0xf03d2800                callback_http_dwnld
 .bss           0xf03d2804        0x4 ./ril/src/ril_location.o
 .bss           0xf03d2808        0x4 ./ril/src/ril_ntp.o
 .bss           0xf03d280c        0x1 ./ril/src/ril_sms.o
 *fill*         0xf03d280d        0x3 
 .bss           0xf03d2810        0x8 ./ril/src/ril_urc.o
                0xf03d2810                FtpGet_IND_CB
                0xf03d2814                FtpPut_IND_CB
 .bss           0xf03d2818       0xb0 ./custom/fota/src/fota_ftp.o
 .bss           0xf03d28c8       0x44 ./custom/fota/src/fota_main.o
                0xf03d28c8                Fota_UpgardeState
                0xf03d28cc                Fota_passwd
                0xf03d28ec                Fota_userid
 .bss           0xf03d290c     0x1204 ./custom/main.o
                0xf03d290c                bat_per
                0xf03d2910                TIME_TEST
                0xf03d2914                time1
                0xf03d2915                time2
                0xf03d2916                time3
                0xf03d2b18                mutex_id_serial
                0xf03d2b1c                sms_readflag
                0xf03d2b1d                net_reg
                0xf03d2b20                d_t
                0xf03d2b33                sigstr
                0xf03d2b34                atflag
                0xf03d2b4c                rf_int
                0xf03d3350                touch_flag
                0xf03d3354                mutex_id_spi
                0xf03d3358                _address
                0xf03d3359                payloadlen
                0xf03d335a                ack_requested
                0xf03d335b                targetid
                0xf03d335c                senderid
                0xf03d335d                ack_received
                0xf03d3360                mutex_id_lcd
                0xf03d3364                mutex_id_eeprom
                0xf03d3368                waitcount
                0xf03d33d4                btconflag
                0xf03d3824                btrcvflag
                0xf03d3825                gsm_initflag
                0xf03d38d6                gprs_ok
                0xf03d38d7                entry_flag
                0xf03d38d8                last_power
                0xf03d38e4                mqtt_rec_flag
                0xf03d3a14                gprsflag
                0xf03d3a18                sms_flag
                0xf03d3ac8                msg_success
                0xf03d3acc                send_data
                0xf03d3adb                locflag
                0xf03d3adc                rf_change2
                0xf03d3add                security_flag
                0xf03d3ade                pir_flag
                0xf03d3adf                light_flag
                0xf03d3ae0                bat_low
                0xf03d3ae1                rf_change
                0xf03d3ae2                bat_flag
                0xf03d3ae3                display
                0xf03d3b02                light_status
                0xf03d3b04                promiscuousmode
                0xf03d3b08                tonodeid
                0xf03d3b0c                pTime
 .bss           0xf03d3b10        0xc G:\IHOME_V1.0\libs\gcc\libapp_start.a(adc.o)
                0xf03d3b10                m_ADC_Register
                0xf03d3b14                m_ADC_Init
                0xf03d3b18                m_ADC_Sampling
 .bss           0xf03d3b1c       0x1c G:\IHOME_V1.0\libs\gcc\libapp_start.a(eint.o)
                0xf03d3b1c                m_EINT_Register
                0xf03d3b20                m_EINT_RegisterFast
                0xf03d3b24                m_EINT_Init
                0xf03d3b28                m_EINT_Uninit
                0xf03d3b2c                m_EINT_GetLevel
                0xf03d3b30                m_EINT_Mask
                0xf03d3b34                m_EINT_Unmask
 .bss           0xf03d3b38       0x60 G:\IHOME_V1.0\libs\gcc\libapp_start.a(fileSys.o)
 .bss           0xf03d3b98       0x14 G:\IHOME_V1.0\libs\gcc\libapp_start.a(fota.o)
 .bss           0xf03d3bac       0x20 G:\IHOME_V1.0\libs\gcc\libapp_start.a(gpio.o)
                0xf03d3bac                m_GPIO_Init
                0xf03d3bb0                m_GPIO_SetLevel
                0xf03d3bb4                m_GPIO_GetLevel
                0xf03d3bb8                m_GPIO_SetDirection
                0xf03d3bbc                m_GPIO_GetDirection
                0xf03d3bc0                m_GPIO_SetPullSelection
                0xf03d3bc4                m_GPIO_GetPullSelection
                0xf03d3bc8                m_GPIO_Uninit
 .bss           0xf03d3bcc       0x28 G:\IHOME_V1.0\libs\gcc\libapp_start.a(gprs.o)
 .bss           0xf03d3bf4       0x18 G:\IHOME_V1.0\libs\gcc\libapp_start.a(iic.o)
                0xf03d3bf4                m_IIC_Init
                0xf03d3bf8                m_IIC_Config
                0xf03d3bfc                m_IIC_Write
                0xf03d3c00                m_IIC_Read
                0xf03d3c04                m_IIC_Write_Read
                0xf03d3c08                m_IIC_Uninit
 .bss           0xf03d3c0c        0x8 G:\IHOME_V1.0\libs\gcc\libapp_start.a(memory.o)
 .bss           0xf03d3c14       0x24 G:\IHOME_V1.0\libs\gcc\libapp_start.a(ql_func.o)
                0xf03d3c14                m_StartPlayAudioStream
                0xf03d3c18                m_get_api_ptr
                0xf03d3c1c                m_StopPlayAudioStream
                0xf03d3c20                m_GetRelativeTime_Counter
                0xf03d3c24                m_SecondToTicks
                0xf03d3c28                m_MillisecondToTicks
                0xf03d3c2c                m_CalendarTime2LocalTime
                0xf03d3c30                m_osChangeTaskPriority
                0xf03d3c34                m_create_api_hash
 .bss           0xf03d3c38       0x10 G:\IHOME_V1.0\libs\gcc\libapp_start.a(ql_main.o)
                0xf03d3c3c                runinfo
 .bss           0xf03d3c48        0x1 G:\IHOME_V1.0\libs\gcc\libapp_start.a(ril_aux.o)
                0xf03d3c48                g_ril_auxTaskReady
 *fill*         0xf03d3c49        0x3 
 .bss           0xf03d3c4c      0xc34 G:\IHOME_V1.0\libs\gcc\libapp_start.a(ril_main.o)
 .bss           0xf03d4880       0x18 G:\IHOME_V1.0\libs\gcc\libapp_start.a(spi.o)
                0xf03d4880                m_SPI_Init
                0xf03d4884                m_SPI_Config
                0xf03d4888                m_SPI_Write
                0xf03d488c                m_SPI_Read
                0xf03d4890                m_SPI_WriteRead
                0xf03d4894                m_SPI_Uninit
 .bss           0xf03d4898       0x40 G:\IHOME_V1.0\libs\gcc\libapp_start.a(stdlib_func.o)
 .bss           0xf03d48d8       0x14 G:\IHOME_V1.0\libs\gcc\libapp_start.a(system.o)
 .bss           0xf03d48ec       0x40 G:\IHOME_V1.0\libs\gcc\libapp_start.a(taskMngt.o)
 .bss           0xf03d492c       0x10 G:\IHOME_V1.0\libs\gcc\libapp_start.a(time.o)
 .bss           0xf03d493c       0x10 G:\IHOME_V1.0\libs\gcc\libapp_start.a(timer.o)
 .bss           0xf03d494c       0x3c G:\IHOME_V1.0\libs\gcc\libapp_start.a(uart.o)
                0xf03d4988                . = ALIGN (0x8)
                0xf03d4988                PROVIDE (__bss_end__, .)
 COMMON         0xf03d4988      0x124 ./ril/src/ril_telephony.o
                0xf03d4988                g_comingCall
 COMMON         0xf03d4aac       0xc0 ./custom/fota/src/fota_main.o
                0xf03d4aac                Fota_gprsCfg
                0xf03d4b5c                FotaConfig
 *fill*         0xf03d4b6c        0x4 
 COMMON         0xf03d4b70      0x70f ./custom/main.o
                0xf03d4b70                _backlightval
                0xf03d4b74                id_read
                0xf03d4b88                datalen
                0xf03d4b89                _addr
                0xf03d4b8a                _displaycontrol
                0xf03d4b8c                msgbuf
                0xf03d4bf0                _charsize
                0xf03d4bf4                command
                0xf03d4cbc                okflag
                0xf03d4cc0                temp_mem
                0xf03d510c                _displaymode
                0xf03d5110                z
                0xf03d5115                _displayfunction
                0xf03d5118                RSSI
                0xf03d511c                _cols
                0xf03d5120                mobilenum
                0xf03d5130                data
                0xf03d5170                gsm_msg
                0xf03d5238                time
                0xf03d5254                _mode
                0xf03d5258                totalSeconds
                0xf03d5260                devicename
                0xf03d5274                smsbuf
                0xf03d527e                _rows
 *fill*         0xf03d527f        0x1 
 COMMON         0xf03d5280       0x14 G:\IHOME_V1.0\libs\gcc\libapp_start.a(ql_main.o)
                0xf03d5280                Ql_snprintf
                0xf03d5284                Ql_sprintf
                0xf03d5288                Ql_Debug_Trace
                0xf03d528c                Ql_vsprintf
                0xf03d5290                Ql_sscanf
OUTPUT(APPGS3MDM32A01.elf elf32-littlearm)

.debug_info     0x00000000    0x28f48
 .debug_info    0x00000000      0x99d ./ril/src/Ril_dtmf.o
 .debug_info    0x0000099d      0x223 ./ril/src/ril_atResponse.o
 .debug_info    0x00000bc0     0x1541 ./ril/src/ril_audio.o
 .debug_info    0x00002101     0x2820 ./ril/src/ril_ble.o
 .debug_info    0x00004921     0x3ec8 ./ril/src/ril_bluetooth.o
 .debug_info    0x000087e9      0x129 ./ril/src/ril_custom.o
 .debug_info    0x00008912     0x18e9 ./ril/src/ril_ftp.o
 .debug_info    0x0000a1fb     0x1265 ./ril/src/ril_gps.o
 .debug_info    0x0000b460      0x773 ./ril/src/ril_http.o
 .debug_info    0x0000bbd3       0xfc ./ril/src/ril_init.o
 .debug_info    0x0000bccf      0x5aa ./ril/src/ril_location.o
 .debug_info    0x0000c279     0x12b0 ./ril/src/ril_network.o
 .debug_info    0x0000d529      0x290 ./ril/src/ril_ntp.o
 .debug_info    0x0000d7b9      0x8f6 ./ril/src/ril_sim.o
 .debug_info    0x0000e0af     0x29b1 ./ril/src/ril_sms.o
 .debug_info    0x00010a60      0x5b7 ./ril/src/ril_telephony.o
 .debug_info    0x00011017     0x152c ./ril/src/ril_urc.o
 .debug_info    0x00012543      0x58a ./ril/src/ril_util.o
 .debug_info    0x00012acd     0x194b ./custom/fota/src/fota_ftp.o
 .debug_info    0x00014418      0x9d1 ./custom/fota/src/fota_main.o
 .debug_info    0x00014de9      0x31c ./custom/config/custom_sys_cfg.o
 .debug_info    0x00015105      0x2c2 ./custom/config/sys_config.o
 .debug_info    0x000153c7    0x13b81 ./custom/main.o

.debug_abbrev   0x00000000     0x31b1
 .debug_abbrev  0x00000000      0x239 ./ril/src/Ril_dtmf.o
 .debug_abbrev  0x00000239      0x13c ./ril/src/ril_atResponse.o
 .debug_abbrev  0x00000375      0x2bd ./ril/src/ril_audio.o
 .debug_abbrev  0x00000632      0x306 ./ril/src/ril_ble.o
 .debug_abbrev  0x00000938      0x39f ./ril/src/ril_bluetooth.o
 .debug_abbrev  0x00000cd7       0xb6 ./ril/src/ril_custom.o
 .debug_abbrev  0x00000d8d      0x29b ./ril/src/ril_ftp.o
 .debug_abbrev  0x00001028      0x292 ./ril/src/ril_gps.o
 .debug_abbrev  0x000012ba      0x1d8 ./ril/src/ril_http.o
 .debug_abbrev  0x00001492       0x87 ./ril/src/ril_init.o
 .debug_abbrev  0x00001519      0x18b ./ril/src/ril_location.o
 .debug_abbrev  0x000016a4      0x313 ./ril/src/ril_network.o
 .debug_abbrev  0x000019b7      0x13a ./ril/src/ril_ntp.o
 .debug_abbrev  0x00001af1      0x286 ./ril/src/ril_sim.o
 .debug_abbrev  0x00001d77      0x354 ./ril/src/ril_sms.o
 .debug_abbrev  0x000020cb      0x1cf ./ril/src/ril_telephony.o
 .debug_abbrev  0x0000229a      0x31d ./ril/src/ril_urc.o
 .debug_abbrev  0x000025b7      0x15e ./ril/src/ril_util.o
 .debug_abbrev  0x00002715      0x203 ./custom/fota/src/fota_ftp.o
 .debug_abbrev  0x00002918      0x19a ./custom/fota/src/fota_main.o
 .debug_abbrev  0x00002ab2       0xdc ./custom/config/custom_sys_cfg.o
 .debug_abbrev  0x00002b8e       0xc5 ./custom/config/sys_config.o
 .debug_abbrev  0x00002c53      0x55e ./custom/main.o

.debug_loc      0x00000000    0x13bd1
 .debug_loc     0x00000000      0x5e6 ./ril/src/Ril_dtmf.o
 .debug_loc     0x000005e6       0x9f ./ril/src/ril_atResponse.o
 .debug_loc     0x00000685      0xb30 ./ril/src/ril_audio.o
 .debug_loc     0x000011b5     0x1753 ./ril/src/ril_ble.o
 .debug_loc     0x00002908     0x246a ./ril/src/ril_bluetooth.o
 .debug_loc     0x00004d72       0x83 ./ril/src/ril_custom.o
 .debug_loc     0x00004df5      0xc67 ./ril/src/ril_ftp.o
 .debug_loc     0x00005a5c      0x84e ./ril/src/ril_gps.o
 .debug_loc     0x000062aa      0x484 ./ril/src/ril_http.o
 .debug_loc     0x0000672e      0x1a4 ./ril/src/ril_location.o
 .debug_loc     0x000068d2      0xbcc ./ril/src/ril_network.o
 .debug_loc     0x0000749e      0x160 ./ril/src/ril_ntp.o
 .debug_loc     0x000075fe      0x51c ./ril/src/ril_sim.o
 .debug_loc     0x00007b1a     0x2223 ./ril/src/ril_sms.o
 .debug_loc     0x00009d3d      0x39d ./ril/src/ril_telephony.o
 .debug_loc     0x0000a0da      0xcda ./ril/src/ril_urc.o
 .debug_loc     0x0000adb4      0x5e1 ./ril/src/ril_util.o
 .debug_loc     0x0000b395      0xa12 ./custom/fota/src/fota_ftp.o
 .debug_loc     0x0000bda7      0x2c7 ./custom/fota/src/fota_main.o
 .debug_loc     0x0000c06e     0x7b63 ./custom/main.o

.debug_aranges  0x00000000      0x2d8
 .debug_aranges
                0x00000000       0x20 ./ril/src/Ril_dtmf.o
 .debug_aranges
                0x00000020       0x20 ./ril/src/ril_atResponse.o
 .debug_aranges
                0x00000040       0x20 ./ril/src/ril_audio.o
 .debug_aranges
                0x00000060       0x20 ./ril/src/ril_ble.o
 .debug_aranges
                0x00000080       0x20 ./ril/src/ril_bluetooth.o
 .debug_aranges
                0x000000a0       0x20 ./ril/src/ril_custom.o
 .debug_aranges
                0x000000c0       0x20 ./ril/src/ril_ftp.o
 .debug_aranges
                0x000000e0       0x20 ./ril/src/ril_gps.o
 .debug_aranges
                0x00000100       0x20 ./ril/src/ril_http.o
 .debug_aranges
                0x00000120       0x20 ./ril/src/ril_init.o
 .debug_aranges
                0x00000140       0x20 ./ril/src/ril_location.o
 .debug_aranges
                0x00000160       0x20 ./ril/src/ril_network.o
 .debug_aranges
                0x00000180       0x20 ./ril/src/ril_ntp.o
 .debug_aranges
                0x000001a0       0x20 ./ril/src/ril_sim.o
 .debug_aranges
                0x000001c0       0x20 ./ril/src/ril_sms.o
 .debug_aranges
                0x000001e0       0x20 ./ril/src/ril_telephony.o
 .debug_aranges
                0x00000200       0x20 ./ril/src/ril_urc.o
 .debug_aranges
                0x00000220       0x20 ./ril/src/ril_util.o
 .debug_aranges
                0x00000240       0x20 ./custom/fota/src/fota_ftp.o
 .debug_aranges
                0x00000260       0x20 ./custom/fota/src/fota_main.o
 .debug_aranges
                0x00000280       0x20 ./custom/config/custom_sys_cfg.o
 .debug_aranges
                0x000002a0       0x18 ./custom/config/sys_config.o
 .debug_aranges
                0x000002b8       0x20 ./custom/main.o

.debug_macro    0x00000000     0x243a
 .debug_macro   0x00000000       0xda ./ril/src/Ril_dtmf.o
 .debug_macro   0x000000da      0x7f6 ./ril/src/Ril_dtmf.o
 .debug_macro   0x000008d0       0x1c ./ril/src/Ril_dtmf.o
 .debug_macro   0x000008ec       0x1e ./ril/src/Ril_dtmf.o
 .debug_macro   0x0000090a       0x10 ./ril/src/Ril_dtmf.o
 .debug_macro   0x0000091a       0x3a ./ril/src/Ril_dtmf.o
 .debug_macro   0x00000954       0x4f ./ril/src/Ril_dtmf.o
 .debug_macro   0x000009a3       0x2b ./ril/src/Ril_dtmf.o
 .debug_macro   0x000009ce       0x35 ./ril/src/Ril_dtmf.o
 .debug_macro   0x00000a03       0x2b ./ril/src/Ril_dtmf.o
 .debug_macro   0x00000a2e       0x58 ./ril/src/Ril_dtmf.o
 .debug_macro   0x00000a86       0x5c ./ril/src/ril_atResponse.o
 .debug_macro   0x00000ae2       0xe2 ./ril/src/ril_audio.o
 .debug_macro   0x00000bc4       0xbe ./ril/src/ril_ble.o
 .debug_macro   0x00000c82       0x52 ./ril/src/ril_ble.o
 .debug_macro   0x00000cd4       0xbe ./ril/src/ril_bluetooth.o
 .debug_macro   0x00000d92       0x46 ./ril/src/ril_bluetooth.o
 .debug_macro   0x00000dd8       0x52 ./ril/src/ril_custom.o
 .debug_macro   0x00000e2a       0xf6 ./ril/src/ril_ftp.o
 .debug_macro   0x00000f20       0x61 ./ril/src/ril_gps.o
 .debug_macro   0x00000f81       0xfa ./ril/src/ril_http.o
 .debug_macro   0x0000107b       0xa9 ./ril/src/ril_init.o
 .debug_macro   0x00001124       0xda ./ril/src/ril_location.o
 .debug_macro   0x000011fe       0xc0 ./ril/src/ril_network.o
 .debug_macro   0x000012be       0x61 ./ril/src/ril_ntp.o
 .debug_macro   0x0000131f       0xbc ./ril/src/ril_sim.o
 .debug_macro   0x000013db      0x17a ./ril/src/ril_sms.o
 .debug_macro   0x00001555      0x158 ./ril/src/ril_sms.o
 .debug_macro   0x000016ad       0x1c ./ril/src/ril_sms.o
 .debug_macro   0x000016c9       0x5b ./ril/src/ril_telephony.o
 .debug_macro   0x00001724       0x10 ./ril/src/ril_telephony.o
 .debug_macro   0x00001734       0xf3 ./ril/src/ril_urc.o
 .debug_macro   0x00001827       0x4b ./ril/src/ril_util.o
 .debug_macro   0x00001872      0x133 ./custom/fota/src/fota_ftp.o
 .debug_macro   0x000019a5       0x1c ./custom/fota/src/fota_ftp.o
 .debug_macro   0x000019c1       0x4c ./custom/fota/src/fota_ftp.o
 .debug_macro   0x00001a0d       0x34 ./custom/fota/src/fota_ftp.o
 .debug_macro   0x00001a41       0x40 ./custom/fota/src/fota_ftp.o
 .debug_macro   0x00001a81       0xf9 ./custom/fota/src/fota_main.o
 .debug_macro   0x00001b7a       0x3a ./custom/fota/src/fota_main.o
 .debug_macro   0x00001bb4       0x59 ./custom/config/custom_sys_cfg.o
 .debug_macro   0x00001c0d       0xed ./custom/config/sys_config.o
 .debug_macro   0x00001cfa       0x2b ./custom/config/sys_config.o
 .debug_macro   0x00001d25       0x2b ./custom/config/sys_config.o
 .debug_macro   0x00001d50       0x3e ./custom/config/sys_config.o
 .debug_macro   0x00001d8e      0x314 ./custom/main.o
 .debug_macro   0x000020a2       0x3a ./custom/main.o
 .debug_macro   0x000020dc       0x2e ./custom/main.o
 .debug_macro   0x0000210a       0x95 ./custom/main.o
 .debug_macro   0x0000219f       0x3a ./custom/main.o
 .debug_macro   0x000021d9       0x52 ./custom/main.o
 .debug_macro   0x0000222b       0x19 ./custom/main.o
 .debug_macro   0x00002244      0x16d ./custom/main.o
 .debug_macro   0x000023b1       0x89 ./custom/main.o

.debug_line     0x00000000     0x7d7d
 .debug_line    0x00000000      0x272 ./ril/src/Ril_dtmf.o
 .debug_line    0x00000272      0x186 ./ril/src/ril_atResponse.o
 .debug_line    0x000003f8      0x2fc ./ril/src/ril_audio.o
 .debug_line    0x000006f4      0x4b0 ./ril/src/ril_ble.o
 .debug_line    0x00000ba4      0x807 ./ril/src/ril_bluetooth.o
 .debug_line    0x000013ab      0x157 ./ril/src/ril_custom.o
 .debug_line    0x00001502      0x36b ./ril/src/ril_ftp.o
 .debug_line    0x0000186d      0x25b ./ril/src/ril_gps.o
 .debug_line    0x00001ac8      0x294 ./ril/src/ril_http.o
 .debug_line    0x00001d5c      0x1b4 ./ril/src/ril_init.o
 .debug_line    0x00001f10      0x21d ./ril/src/ril_location.o
 .debug_line    0x0000212d      0x32f ./ril/src/ril_network.o
 .debug_line    0x0000245c      0x163 ./ril/src/ril_ntp.o
 .debug_line    0x000025bf      0x26d ./ril/src/ril_sim.o
 .debug_line    0x0000282c      0x684 ./ril/src/ril_sms.o
 .debug_line    0x00002eb0      0x1b6 ./ril/src/ril_telephony.o
 .debug_line    0x00003066      0x3cb ./ril/src/ril_urc.o
 .debug_line    0x00003431      0x21c ./ril/src/ril_util.o
 .debug_line    0x0000364d      0x49a ./custom/fota/src/fota_ftp.o
 .debug_line    0x00003ae7      0x2b1 ./custom/fota/src/fota_main.o
 .debug_line    0x00003d98       0xf3 ./custom/config/custom_sys_cfg.o
 .debug_line    0x00003e8b      0x168 ./custom/config/sys_config.o
 .debug_line    0x00003ff3     0x3d8a ./custom/main.o

.debug_str      0x00000000     0xcab6
 .debug_str     0x00000000     0x2c3d ./ril/src/Ril_dtmf.o
                               0x2cea (size before relaxing)
 .debug_str     0x00002c3d       0x79 ./ril/src/ril_atResponse.o
                               0x262a (size before relaxing)
 .debug_str     0x00002cb6     0x13c4 ./ril/src/ril_audio.o
                               0x3dea (size before relaxing)
 .debug_str     0x0000407a      0x620 ./ril/src/ril_ble.o
                               0x304f (size before relaxing)
 .debug_str     0x0000469a      0xa4d ./ril/src/ril_bluetooth.o
                               0x350a (size before relaxing)
 .debug_str     0x000050e7       0x5b ./ril/src/ril_custom.o
                               0x25c8 (size before relaxing)
 .debug_str     0x00005142      0x2f4 ./ril/src/ril_ftp.o
                               0x3b7d (size before relaxing)
 .debug_str     0x00005436      0x16a ./ril/src/ril_gps.o
                               0x350b (size before relaxing)
 .debug_str     0x000055a0      0x1fd ./ril/src/ril_http.o
                               0x2c78 (size before relaxing)
 .debug_str     0x0000579d       0x56 ./ril/src/ril_init.o
                               0x2935 (size before relaxing)
 .debug_str     0x000057f3      0x108 ./ril/src/ril_location.o
                               0x2af1 (size before relaxing)
 .debug_str     0x000058fb      0x25d ./ril/src/ril_network.o
                               0x2cdb (size before relaxing)
 .debug_str     0x00005b58       0x86 ./ril/src/ril_ntp.o
                               0x25ae (size before relaxing)
 .debug_str     0x00005bde      0x199 ./ril/src/ril_sim.o
                               0x2bd3 (size before relaxing)
 .debug_str     0x00005d77     0x2628 ./ril/src/ril_sms.o
                               0x5051 (size before relaxing)
 .debug_str     0x0000839f      0x17c ./ril/src/ril_telephony.o
                               0x2749 (size before relaxing)
 .debug_str     0x0000851b      0x425 ./ril/src/ril_urc.o
                               0x3fbd (size before relaxing)
 .debug_str     0x00008940       0xb3 ./ril/src/ril_util.o
                               0x24c6 (size before relaxing)
 .debug_str     0x000089f3      0x761 ./custom/fota/src/fota_ftp.o
                               0x402e (size before relaxing)
 .debug_str     0x00009154      0x325 ./custom/fota/src/fota_main.o
                               0x3e0f (size before relaxing)
 .debug_str     0x00009479      0x2e1 ./custom/config/custom_sys_cfg.o
                               0x2902 (size before relaxing)
 .debug_str     0x0000975a      0x40a ./custom/config/sys_config.o
                               0x2d66 (size before relaxing)
 .debug_str     0x00009b64     0x2f52 ./custom/main.o
                               0x8231 (size before relaxing)

.comment        0x00000000       0x30
 .comment       0x00000000       0x30 ./ril/src/Ril_dtmf.o
                                 0x31 (size before relaxing)
 .comment       0x00000000       0x31 ./ril/src/ril_atResponse.o
 .comment       0x00000000       0x31 ./ril/src/ril_audio.o
 .comment       0x00000000       0x31 ./ril/src/ril_ble.o
 .comment       0x00000000       0x31 ./ril/src/ril_bluetooth.o
 .comment       0x00000000       0x31 ./ril/src/ril_custom.o
 .comment       0x00000000       0x31 ./ril/src/ril_ftp.o
 .comment       0x00000000       0x31 ./ril/src/ril_gps.o
 .comment       0x00000000       0x31 ./ril/src/ril_http.o
 .comment       0x00000000       0x31 ./ril/src/ril_init.o
 .comment       0x00000000       0x31 ./ril/src/ril_location.o
 .comment       0x00000000       0x31 ./ril/src/ril_network.o
 .comment       0x00000000       0x31 ./ril/src/ril_ntp.o
 .comment       0x00000000       0x31 ./ril/src/ril_sim.o
 .comment       0x00000000       0x31 ./ril/src/ril_sms.o
 .comment       0x00000000       0x31 ./ril/src/ril_telephony.o
 .comment       0x00000000       0x31 ./ril/src/ril_urc.o
 .comment       0x00000000       0x31 ./ril/src/ril_util.o
 .comment       0x00000000       0x31 ./custom/fota/src/fota_ftp.o
 .comment       0x00000000       0x31 ./custom/fota/src/fota_main.o
 .comment       0x00000000       0x31 ./custom/config/custom_sys_cfg.o
 .comment       0x00000000       0x31 ./custom/config/sys_config.o
 .comment       0x00000000       0x31 ./custom/main.o
 .comment       0x00000000       0x31 G:\IHOME_V1.0\libs\gcc\libapp_start.a(adc.o)
 .comment       0x00000000       0x31 G:\IHOME_V1.0\libs\gcc\libapp_start.a(eint.o)
 .comment       0x00000000       0x31 G:\IHOME_V1.0\libs\gcc\libapp_start.a(fileSys.o)
 .comment       0x00000000       0x31 G:\IHOME_V1.0\libs\gcc\libapp_start.a(fota.o)
 .comment       0x00000000       0x31 G:\IHOME_V1.0\libs\gcc\libapp_start.a(gpio.o)
 .comment       0x00000000       0x31 G:\IHOME_V1.0\libs\gcc\libapp_start.a(gprs.o)
 .comment       0x00000000       0x31 G:\IHOME_V1.0\libs\gcc\libapp_start.a(iic.o)
 .comment       0x00000000       0x31 G:\IHOME_V1.0\libs\gcc\libapp_start.a(lib_ril_sms.o)
 .comment       0x00000000       0x31 G:\IHOME_V1.0\libs\gcc\libapp_start.a(memory.o)
 .comment       0x00000000       0x31 G:\IHOME_V1.0\libs\gcc\libapp_start.a(ql_func.o)
 .comment       0x00000000       0x31 G:\IHOME_V1.0\libs\gcc\libapp_start.a(ql_main.o)
 .comment       0x00000000       0x31 G:\IHOME_V1.0\libs\gcc\libapp_start.a(ril_aux.o)
 .comment       0x00000000       0x31 G:\IHOME_V1.0\libs\gcc\libapp_start.a(ril_main.o)
 .comment       0x00000000       0x31 G:\IHOME_V1.0\libs\gcc\libapp_start.a(spi.o)
 .comment       0x00000000       0x31 G:\IHOME_V1.0\libs\gcc\libapp_start.a(stdlib_func.o)
 .comment       0x00000000       0x31 G:\IHOME_V1.0\libs\gcc\libapp_start.a(system.o)
 .comment       0x00000000       0x31 G:\IHOME_V1.0\libs\gcc\libapp_start.a(taskMngt.o)
 .comment       0x00000000       0x31 G:\IHOME_V1.0\libs\gcc\libapp_start.a(time.o)
 .comment       0x00000000       0x31 G:\IHOME_V1.0\libs\gcc\libapp_start.a(timer.o)
 .comment       0x00000000       0x31 G:\IHOME_V1.0\libs\gcc\libapp_start.a(uart.o)

.ARM.attributes
                0x00000000       0x2b
 .ARM.attributes
                0x00000000       0x2b ./ril/src/Ril_dtmf.o
 .ARM.attributes
                0x0000002b       0x2b ./ril/src/ril_atResponse.o
 .ARM.attributes
                0x00000056       0x2b ./ril/src/ril_audio.o
 .ARM.attributes
                0x00000081       0x2b ./ril/src/ril_ble.o
 .ARM.attributes
                0x000000ac       0x2b ./ril/src/ril_bluetooth.o
 .ARM.attributes
                0x000000d7       0x2b ./ril/src/ril_custom.o
 .ARM.attributes
                0x00000102       0x2b ./ril/src/ril_ftp.o
 .ARM.attributes
                0x0000012d       0x2b ./ril/src/ril_gps.o
 .ARM.attributes
                0x00000158       0x2b ./ril/src/ril_http.o
 .ARM.attributes
                0x00000183       0x2b ./ril/src/ril_init.o
 .ARM.attributes
                0x000001ae       0x2b ./ril/src/ril_location.o
 .ARM.attributes
                0x000001d9       0x2b ./ril/src/ril_network.o
 .ARM.attributes
                0x00000204       0x2b ./ril/src/ril_ntp.o
 .ARM.attributes
                0x0000022f       0x2b ./ril/src/ril_sim.o
 .ARM.attributes
                0x0000025a       0x2b ./ril/src/ril_sms.o
 .ARM.attributes
                0x00000285       0x2b ./ril/src/ril_telephony.o
 .ARM.attributes
                0x000002b0       0x2b ./ril/src/ril_urc.o
 .ARM.attributes
                0x000002db       0x2b ./ril/src/ril_util.o
 .ARM.attributes
                0x00000306       0x2b ./custom/fota/src/fota_ftp.o
 .ARM.attributes
                0x00000331       0x2b ./custom/fota/src/fota_main.o
 .ARM.attributes
                0x0000035c       0x2b ./custom/config/custom_sys_cfg.o
 .ARM.attributes
                0x00000387       0x2b ./custom/config/sys_config.o
 .ARM.attributes
                0x000003b2       0x2b ./custom/main.o
 .ARM.attributes
                0x000003dd       0x2b G:\IHOME_V1.0\libs\gcc\libapp_start.a(adc.o)
 .ARM.attributes
                0x00000408       0x2b G:\IHOME_V1.0\libs\gcc\libapp_start.a(eint.o)
 .ARM.attributes
                0x00000433       0x2b G:\IHOME_V1.0\libs\gcc\libapp_start.a(fileSys.o)
 .ARM.attributes
                0x0000045e       0x2b G:\IHOME_V1.0\libs\gcc\libapp_start.a(fota.o)
 .ARM.attributes
                0x00000489       0x2b G:\IHOME_V1.0\libs\gcc\libapp_start.a(gpio.o)
 .ARM.attributes
                0x000004b4       0x2b G:\IHOME_V1.0\libs\gcc\libapp_start.a(gprs.o)
 .ARM.attributes
                0x000004df       0x2b G:\IHOME_V1.0\libs\gcc\libapp_start.a(iic.o)
 .ARM.attributes
                0x0000050a       0x2b G:\IHOME_V1.0\libs\gcc\libapp_start.a(lib_ril_sms.o)
 .ARM.attributes
                0x00000535       0x2b G:\IHOME_V1.0\libs\gcc\libapp_start.a(memory.o)
 .ARM.attributes
                0x00000560       0x2b G:\IHOME_V1.0\libs\gcc\libapp_start.a(ql_func.o)
 .ARM.attributes
                0x0000058b       0x2b G:\IHOME_V1.0\libs\gcc\libapp_start.a(ql_main.o)
 .ARM.attributes
                0x000005b6       0x2b G:\IHOME_V1.0\libs\gcc\libapp_start.a(ril_aux.o)
 .ARM.attributes
                0x000005e1       0x2b G:\IHOME_V1.0\libs\gcc\libapp_start.a(ril_main.o)
 .ARM.attributes
                0x0000060c       0x2b G:\IHOME_V1.0\libs\gcc\libapp_start.a(spi.o)
 .ARM.attributes
                0x00000637       0x2b G:\IHOME_V1.0\libs\gcc\libapp_start.a(stdlib_func.o)
 .ARM.attributes
                0x00000662       0x2b G:\IHOME_V1.0\libs\gcc\libapp_start.a(system.o)
 .ARM.attributes
                0x0000068d       0x2b G:\IHOME_V1.0\libs\gcc\libapp_start.a(taskMngt.o)
 .ARM.attributes
                0x000006b8       0x2b G:\IHOME_V1.0\libs\gcc\libapp_start.a(time.o)
 .ARM.attributes
                0x000006e3       0x2b G:\IHOME_V1.0\libs\gcc\libapp_start.a(timer.o)
 .ARM.attributes
                0x0000070e       0x2b G:\IHOME_V1.0\libs\gcc\libapp_start.a(uart.o)
 .ARM.attributes
                0x00000739       0x1d G:\IHOME_V1.0\libs\gcc\libapp_start.a(ocpu_init.o)
 .ARM.attributes
                0x00000756       0x30 C:\Program Files\CodeSourcery\Sourcery_CodeBench_Lite_for_ARM_EABI\arm-none-eabi\lib\thumb\libc.a(lib_a-memcpy.o)
 .ARM.attributes
                0x00000786       0x30 C:\Program Files\CodeSourcery\Sourcery_CodeBench_Lite_for_ARM_EABI\arm-none-eabi\lib\thumb\libc.a(lib_a-memset.o)
 .ARM.attributes
                0x000007b6       0x30 C:\Program Files\CodeSourcery\Sourcery_CodeBench_Lite_for_ARM_EABI\arm-none-eabi\lib\thumb\libc.a(lib_a-strncasecmp.o)
 .ARM.attributes
                0x000007e6       0x30 C:\Program Files\CodeSourcery\Sourcery_CodeBench_Lite_for_ARM_EABI\arm-none-eabi\lib\thumb\libc.a(lib_a-ctype_.o)
 .ARM.attributes
                0x00000816       0x18 C:\Program Files\CodeSourcery\Sourcery_CodeBench_Lite_for_ARM_EABI\lib\gcc\arm-none-eabi\4.7.2\thumb\libgcc.a(_udivsi3.o)
 .ARM.attributes
                0x0000082e       0x18 C:\Program Files\CodeSourcery\Sourcery_CodeBench_Lite_for_ARM_EABI\lib\gcc\arm-none-eabi\4.7.2\thumb\libgcc.a(_divsi3.o)
 .ARM.attributes
                0x00000846       0x16 C:\Program Files\CodeSourcery\Sourcery_CodeBench_Lite_for_ARM_EABI\lib\gcc\arm-none-eabi\4.7.2\thumb\libgcc.a(_dvmd_tls.o)
 .ARM.attributes
                0x0000085c       0x18 C:\Program Files\CodeSourcery\Sourcery_CodeBench_Lite_for_ARM_EABI\lib\gcc\arm-none-eabi\4.7.2\thumb\libgcc.a(_arm_addsubdf3.o)
 .ARM.attributes
                0x00000874       0x18 C:\Program Files\CodeSourcery\Sourcery_CodeBench_Lite_for_ARM_EABI\lib\gcc\arm-none-eabi\4.7.2\thumb\libgcc.a(_arm_muldivdf3.o)
 .ARM.attributes
                0x0000088c       0x18 C:\Program Files\CodeSourcery\Sourcery_CodeBench_Lite_for_ARM_EABI\lib\gcc\arm-none-eabi\4.7.2\thumb\libgcc.a(_arm_fixdfsi.o)
 .ARM.attributes
                0x000008a4       0x18 C:\Program Files\CodeSourcery\Sourcery_CodeBench_Lite_for_ARM_EABI\lib\gcc\arm-none-eabi\4.7.2\thumb\libgcc.a(_arm_fixunsdfsi.o)
 .ARM.attributes
                0x000008bc       0x18 C:\Program Files\CodeSourcery\Sourcery_CodeBench_Lite_for_ARM_EABI\lib\gcc\arm-none-eabi\4.7.2\thumb\libgcc.a(_arm_truncdfsf2.o)
 .ARM.attributes
                0x000008d4       0x18 C:\Program Files\CodeSourcery\Sourcery_CodeBench_Lite_for_ARM_EABI\lib\gcc\arm-none-eabi\4.7.2\thumb\libgcc.a(_arm_muldivsf3.o)
 .ARM.attributes
                0x000008ec       0x18 C:\Program Files\CodeSourcery\Sourcery_CodeBench_Lite_for_ARM_EABI\lib\gcc\arm-none-eabi\4.7.2\thumb\libgcc.a(_arm_cmpsf2.o)
 .ARM.attributes
                0x00000904       0x18 C:\Program Files\CodeSourcery\Sourcery_CodeBench_Lite_for_ARM_EABI\lib\gcc\arm-none-eabi\4.7.2\thumb\libgcc.a(_arm_fixsfsi.o)

.debug_frame    0x00000000     0x269c
 .debug_frame   0x00000000      0x10c ./ril/src/Ril_dtmf.o
 .debug_frame   0x0000010c       0x4c ./ril/src/ril_atResponse.o
 .debug_frame   0x00000158      0x1b4 ./ril/src/ril_audio.o
 .debug_frame   0x0000030c      0x420 ./ril/src/ril_ble.o
 .debug_frame   0x0000072c      0x574 ./ril/src/ril_bluetooth.o
 .debug_frame   0x00000ca0       0x28 ./ril/src/ril_custom.o
 .debug_frame   0x00000cc8      0x240 ./ril/src/ril_ftp.o
 .debug_frame   0x00000f08      0x14c ./ril/src/ril_gps.o
 .debug_frame   0x00001054       0xb4 ./ril/src/ril_http.o
 .debug_frame   0x00001108       0x30 ./ril/src/ril_init.o
 .debug_frame   0x00001138       0x80 ./ril/src/ril_location.o
 .debug_frame   0x000011b8      0x1fc ./ril/src/ril_network.o
 .debug_frame   0x000013b4       0x4c ./ril/src/ril_ntp.o
 .debug_frame   0x00001400       0xe8 ./ril/src/ril_sim.o
 .debug_frame   0x000014e8      0x1e8 ./ril/src/ril_sms.o
 .debug_frame   0x000016d0       0xa0 ./ril/src/ril_telephony.o
 .debug_frame   0x00001770      0x1d8 ./ril/src/ril_urc.o
 .debug_frame   0x00001948       0xbc ./ril/src/ril_util.o
 .debug_frame   0x00001a04       0x78 ./custom/fota/src/fota_ftp.o
 .debug_frame   0x00001a7c       0x60 ./custom/fota/src/fota_main.o
 .debug_frame   0x00001adc       0x20 ./custom/config/custom_sys_cfg.o
 .debug_frame   0x00001afc      0xacc ./custom/main.o
 .debug_frame   0x000025c8       0x38 C:\Program Files\CodeSourcery\Sourcery_CodeBench_Lite_for_ARM_EABI\arm-none-eabi\lib\thumb\libc.a(lib_a-memcpy.o)
 .debug_frame   0x00002600       0x2c C:\Program Files\CodeSourcery\Sourcery_CodeBench_Lite_for_ARM_EABI\arm-none-eabi\lib\thumb\libc.a(lib_a-memset.o)
 .debug_frame   0x0000262c       0x30 C:\Program Files\CodeSourcery\Sourcery_CodeBench_Lite_for_ARM_EABI\arm-none-eabi\lib\thumb\libc.a(lib_a-strncasecmp.o)
 .debug_frame   0x0000265c       0x20 C:\Program Files\CodeSourcery\Sourcery_CodeBench_Lite_for_ARM_EABI\lib\gcc\arm-none-eabi\4.7.2\thumb\libgcc.a(_udivsi3.o)
 .debug_frame   0x0000267c       0x20 C:\Program Files\CodeSourcery\Sourcery_CodeBench_Lite_for_ARM_EABI\lib\gcc\arm-none-eabi\4.7.2\thumb\libgcc.a(_divsi3.o)

.debug_ranges   0x00000000     0x1970
 .debug_ranges  0x00000000       0x70 ./ril/src/ril_audio.o
 .debug_ranges  0x00000070      0x1b0 ./ril/src/ril_ble.o
 .debug_ranges  0x00000220      0x290 ./ril/src/ril_bluetooth.o
 .debug_ranges  0x000004b0       0x48 ./ril/src/ril_gps.o
 .debug_ranges  0x000004f8       0x30 ./ril/src/ril_network.o
 .debug_ranges  0x00000528      0x270 ./ril/src/ril_sms.o
 .debug_ranges  0x00000798       0x60 ./ril/src/ril_telephony.o
 .debug_ranges  0x000007f8       0x60 ./ril/src/ril_urc.o
 .debug_ranges  0x00000858      0x120 ./custom/fota/src/fota_ftp.o
 .debug_ranges  0x00000978      0xff8 ./custom/main.o
